<html>
<body>
<pre>
<h1>礦ision Build Log</h1>
<h2>Tool Versions:</h2>
IDE-Version: μVision V5.14.1
Copyright (C) 2015 ARM Ltd and ARM Germany GmbH. All rights reserved.
License Information: Cortex-M3, 1, LIC=HN0AE-5XRL0-FW12N-YKLKH-CYLST-G8V3E
 
Tool Versions:
Toolchain:       MDK-ARM Standard  Version: 5.33.0.0
Toolchain Path:  D:\Keil5\keil5\ARM\ARMCC\Bin
C Compiler:      Armcc.exe V5.06 update 7 (build 960)
Assembler:       Armasm.exe V5.06 update 7 (build 960)
Linker/Locator:  ArmLink.exe V5.06 update 7 (build 960)
Library Manager: ArmAr.exe V5.06 update 7 (build 960)
Hex Converter:   FromElf.exe V5.06 update 7 (build 960)
CPU DLL:         SARMCM3.DLL V5.33.0.0
Dialog DLL:      DARMSTM.DLL V1.68.0.0
Target DLL:      STLink\ST-LINKIII-KEIL_SWO.dll V3.0.8.0
Dialog DLL:      TARMSTM.DLL V1.66.0.0
 
<h2>Project:</h2>
D:\界面\wifi 数据接收改\USER\PWM.uvprojx
Project File Date:  11/25/2023

<h2>Output:</h2>
*** Using Compiler 'V5.06 update 7 (build 960)', folder: 'D:\Keil5\keil5\ARM\ARMCC\Bin'
Build target 'PWM'
assembling startup_stm32f10x_hd.s...
assembling startup_stm32f10x_hd.s...
linking...
..\OBJ\PWM.axf: Warning: L6304W: Duplicate input file ..\obj\startup_stm32f10x_hd_1.o ignored.
Program Size: Code=23432 RO-data=1336 RW-data=52 ZI-data=3236  
Finished: 0 information, 1 warning and 0 error messages.
FromELF: creating hex file...
"..\OBJ\PWM.axf" - 0 Error(s), 1 Warning(s).

<h2>Collection of Component include folders:</h2>
  D:\界面\wifi 数据接收改\USER\RTE
  D:\Keil5\keil5\bao\Keil\STM32F1xx_DFP\2.3.0\Device\Include

<h2>Collection of Component Files used:</h2>
</pre>
</body>
</html>
