Component: ARM Compiler 5.06 update 7 (build 960) Tool: armlink [4d3601]

==============================================================================

Section Cross References

    main.o(.text) refers to misc.o(.text) for NVIC_PriorityGroupConfig
    main.o(.text) refers to delay_1.o(.text) for Delay_Init
    main.o(.text) refers to usart.o(.text) for Usart1_Init
    main.o(.text) refers to key.o(.text) for Key_Init
    main.o(.text) refers to led.o(.text) for Led_Init
    main.o(.text) refers to esp8266.o(.text) for ESP8266_Init
    main.o(.text) refers to onenet.o(.text) for OneNet_DevLink
    system_stm32f10x.o(.text) refers to system_stm32f10x.o(.data) for SystemCoreClock
    startup_stm32f10x_hd_1.o(STACK) refers (Special) to heapauxi.o(.text) for __use_two_region_memory
    startup_stm32f10x_hd_1.o(HEAP) refers (Special) to heapauxi.o(.text) for __use_two_region_memory
    startup_stm32f10x_hd_1.o(RESET) refers (Special) to heapauxi.o(.text) for __use_two_region_memory
    startup_stm32f10x_hd_1.o(RESET) refers to startup_stm32f10x_hd_1.o(STACK) for __initial_sp
    startup_stm32f10x_hd_1.o(RESET) refers to startup_stm32f10x_hd_1.o(.text) for Reset_Handler
    startup_stm32f10x_hd_1.o(RESET) refers to stm32f10x_it.o(.text) for NMI_Handler
    startup_stm32f10x_hd_1.o(RESET) refers to key.o(.text) for EXTI1_IRQHandler
    startup_stm32f10x_hd_1.o(RESET) refers to usart.o(.text) for USART1_IRQHandler
    startup_stm32f10x_hd_1.o(RESET) refers to esp8266.o(.text) for USART2_IRQHandler
    startup_stm32f10x_hd_1.o(.text) refers (Special) to heapauxi.o(.text) for __use_two_region_memory
    startup_stm32f10x_hd_1.o(.text) refers to system_stm32f10x.o(.text) for SystemInit
    startup_stm32f10x_hd_1.o(.text) refers to __main.o(!!!main) for __main
    startup_stm32f10x_hd_1.o(.text) refers to startup_stm32f10x_hd_1.o(HEAP) for Heap_Mem
    startup_stm32f10x_hd_1.o(.text) refers to startup_stm32f10x_hd_1.o(STACK) for Stack_Mem
    led.o(.text) refers to stm32f10x_gpio.o(.text) for GPIO_WriteBit
    led.o(.text) refers to stm32f10x_rcc.o(.text) for RCC_APB2PeriphClockCmd
    led.o(.text) refers to led.o(.data) for led_info
    key.o(.text) refers to stm32f10x_rcc.o(.text) for RCC_APB2PeriphClockCmd
    key.o(.text) refers to stm32f10x_gpio.o(.text) for GPIO_Init
    key.o(.text) refers to stm32f10x_exti.o(.text) for EXTI_Init
    key.o(.text) refers to misc.o(.text) for NVIC_Init
    key.o(.text) refers to delay_1.o(.text) for DelayXms
    key.o(.text) refers to led.o(.text) for Led_Set
    key.o(.text) refers to led.o(.data) for led_info
    delay_1.o(.text) refers to delay_1.o(.data) for UsCount
    usart.o(.text) refers to stm32f10x_rcc.o(.text) for RCC_APB2PeriphClockCmd
    usart.o(.text) refers to stm32f10x_gpio.o(.text) for GPIO_Init
    usart.o(.text) refers to stm32f10x_usart.o(.text) for USART_Init
    usart.o(.text) refers to misc.o(.text) for NVIC_Init
    usart.o(.text) refers to c89vsnprintf.o(.text) for __c89vsnprintf
    stm32f10x_gpio.o(.text) refers to stm32f10x_rcc.o(.text) for RCC_APB2PeriphResetCmd
    stm32f10x_rcc.o(.text) refers to stm32f10x_rcc.o(.data) for APBAHBPrescTable
    stm32f10x_tim.o(.text) refers to stm32f10x_rcc.o(.text) for RCC_APB2PeriphResetCmd
    stm32f10x_usart.o(.text) refers to stm32f10x_rcc.o(.text) for RCC_APB2PeriphResetCmd
    stm32f10x_adc.o(.text) refers to stm32f10x_rcc.o(.text) for RCC_APB2PeriphResetCmd
    stm32f10x_bkp.o(.text) refers to stm32f10x_rcc.o(.text) for RCC_BackupResetCmd
    stm32f10x_can.o(.text) refers to stm32f10x_rcc.o(.text) for RCC_APB1PeriphResetCmd
    stm32f10x_cec.o(.text) refers to stm32f10x_rcc.o(.text) for RCC_APB1PeriphResetCmd
    stm32f10x_dac.o(.text) refers to stm32f10x_rcc.o(.text) for RCC_APB1PeriphResetCmd
    stm32f10x_i2c.o(.text) refers to stm32f10x_rcc.o(.text) for RCC_APB1PeriphResetCmd
    stm32f10x_pwr.o(.text) refers to stm32f10x_rcc.o(.text) for RCC_APB1PeriphResetCmd
    stm32f10x_spi.o(.text) refers to stm32f10x_rcc.o(.text) for RCC_APB2PeriphResetCmd
    stm32f10x_wwdg.o(.text) refers to stm32f10x_rcc.o(.text) for RCC_APB1PeriphResetCmd
    onenet.o(.text) refers to _printf_percent.o(.ARM.Collect$$_printf_percent$$00000000) for _printf_percent
    onenet.o(.text) refers to _printf_d.o(.ARM.Collect$$_printf_percent$$00000009) for _printf_d
    onenet.o(.text) refers to _printf_s.o(.ARM.Collect$$_printf_percent$$00000014) for _printf_s
    onenet.o(.text) refers to _printf_dec.o(.text) for _printf_int_dec
    onenet.o(.text) refers to _printf_str.o(.text) for _printf_str
    onenet.o(.text) refers to _scanf_int.o(.text) for _scanf_int
    onenet.o(.text) refers to _scanf_str.o(.text) for _scanf_string
    onenet.o(.text) refers to strlen.o(.text) for strlen
    onenet.o(.text) refers to strcat.o(.text) for strcat
    onenet.o(.text) refers to rt_memclr_w.o(.text) for __aeabi_memclr4
    onenet.o(.text) refers to base64.o(.text) for BASE64_Decode
    onenet.o(.text) refers to usart.o(.text) for UsartPrintf
[...]
    .text                                    0x08003adc   Section        0  __2snprintf.o(.text)
    .text                                    0x08003b14   Section        0  _printf_str.o(.text)
    .text                                    0x08003b68   Section        0  _printf_dec.o(.text)
    .text                                    0x08003be0   Section        0  __printf_flags_ss_wp.o(.text)
    .text                                    0x08003d68   Section        0  __0sscanf.o(.text)
    .text                                    0x08003da4   Section        0  _scanf_int.o(.text)
    .text                                    0x08003ef0   Section        0  _scanf_str.o(.text)
    .text                                    0x08003fd0   Section        0  atoi.o(.text)
    .text                                    0x08003fea   Section        0  strchr.o(.text)
    .text                                    0x08003ffe   Section        0  strncat.o(.text)
    .text                                    0x08004022   Section        0  strstr.o(.text)
    .text                                    0x08004046   Section        0  strcpy.o(.text)
    .text                                    0x0800408e   Section        0  strlen.o(.text)
    .text                                    0x080040cc   Section        0  strcat.o(.text)
    .text                                    0x080040e4   Section      138  rt_memcpy_v6.o(.text)
    .text                                    0x0800416e   Section       68  rt_memclr.o(.text)
    .text                                    0x080041b2   Section       78  rt_memclr_w.o(.text)
    .text                                    0x08004200   Section        0  heapauxi.o(.text)
    .text                                    0x08004208   Section        8  rt_heap_descriptor_intlibspace.o(.text)
    .text                                    0x08004210   Section        8  rt_errno_addr_intlibspace.o(.text)
    .text                                    0x08004218   Section        0  hguard.o(.text)
    .text                                    0x0800421c   Section        0  init_alloc.o(.text)
    .text                                    0x080042a6   Section        0  h1_init.o(.text)
    .text                                    0x080042b4   Section        0  _printf_pad.o(.text)
    .text                                    0x08004302   Section        0  _printf_truncate.o(.text)
    .text                                    0x08004326   Section        0  _printf_intcommon.o(.text)
    .text                                    0x080043d8   Section        0  _printf_charcount.o(.text)
    .text                                    0x08004400   Section        0  _printf_char_common.o(.text)
    _printf_input_char                       0x08004401   Thumb Code    10  _printf_char_common.o(.text)
    .text                                    0x08004430   Section        0  _sputc.o(.text)
    .text                                    0x0800443a   Section        0  _snputc.o(.text)
    .text                                    0x0800444a   Section        0  _printf_char.o(.text)
    .text                                    0x08004478   Section        0  _printf_wctomb.o(.text)
    .text                                    0x08004534   Section        0  _printf_longlong_dec.o(.text)
    .text                                    0x080045b0   Section        0  _printf_oct_int_ll.o(.text)
    _printf_longlong_oct_internal            0x080045b1   Thumb Code     0  _printf_oct_int_ll.o(.text)
    .text                                    0x08004620   Section        0  _printf_hex_int_ll_ptr.o(.text)
    _printf_hex_common                       0x08004621   Thumb Code     0  _printf_hex_int_ll_ptr.o(.text)
    .text                                    0x080046b4   Section        0  _chval.o(.text)
    .text                                    0x080046d0   Section        0  scanf_char.o(.text)
    _scanf_char_input                        0x080046d1   Thumb Code    12  scanf_char.o(.text)
    .text                                    0x080046fc   Section        0  _sgetc.o(.text)
    .text                                    0x0800473c   Section        0  strtol.o(.text)
    .text                                    0x080047ac   Section      100  rt_memcpy_w.o(.text)
    .text                                    0x08004810   Section        8  libspace.o(.text)
    .text                                    0x08004818   Section       16  rt_ctype_table.o(.text)
    .text                                    0x08004828   Section        0  h1_extend.o(.text)
    .text                                    0x0800485c   Section      138  lludiv10.o(.text)
    .text                                    0x080048e6   Section        0  isspace.o(.text)
    .text                                    0x080048f8   Section        0  _printf_fp_dec.o(.text)
    _fp_digits                               0x080048fb   Thumb Code   432  _printf_fp_dec.o(.text)
    .text                                    0x08004d16   Section        0  _printf_wchar.o(.text)
    .text                                    0x08004d44   Section        0  _scanf.o(.text)
    .text                                    0x080050b8   Section        0  _strtoul.o(.text)
    .text                                    0x08005156   Section        0  _wcrtomb.o(.text)
    .text                                    0x08005196   Section        0  defsig_rtmem_outer.o(.text)
    .text                                    0x080051a4   Section        2  use_no_semi.o(.text)
    .text                                    0x080051a6   Section        0  indicate_semi.o(.text)
    .text                                    0x080051a6   Section       74  sys_stackheap_outer.o(.text)
    .text                                    0x080051f0   Section        8  rt_locale_intlibspace.o(.text)
    .text                                    0x080051f8   Section        0  _printf_fp_infnan.o(.text)
    .text                                    0x08005278   Section        0  bigflt0.o(.text)
    .text                                    0x0800535c   Section        0  exit.o(.text)
    .text                                    0x0800536e   Section        0  defsig_exit.o(.text)
    .text                                    0x08005378   Section        0  defsig_rtmem_inner.o(.text)
    .text                                    0x080053c8   Section        0  sys_exit.o(.text)
    .text                                    0x080053d4   Section        0  defsig_general.o(.text)
    .text                                    0x08005408   Section      128  strcmpv7m.o(.text)
    .text                                    0x08005488   Section        0  sys_wrch.o(.text)
    CL$$btod_d2e                             0x08005496   Section       62  btod.o(CL$$btod_d2e)
    CL$$btod_d2e_denorm_low                  0x080054d4   Section       70  btod.o(CL$$btod_d2e_denorm_low)
    CL$$btod_d2e_norm_op1                    0x0800551a   Section       96  btod.o(CL$$btod_d2e_norm_op1)
    CL$$btod_div_common                      0x0800557a   Section      824  btod.o(CL$$btod_div_common)
    CL$$btod_e2e                             0x080058b2   Section      220  btod.o(CL$$btod_e2e)
    CL$$btod_ediv                            0x0800598e   Section       42  btod.o(CL$$btod_ediv)
    CL$$btod_emul                            0x080059b8   Section       42  btod.o(CL$$btod_emul)
    CL$$btod_mult_common                     0x080059e2   Section      580  btod.o(CL$$btod_mult_common)
    i.__ARM_fpclassify                       0x08005c26   Section        0  fpclassify.o(i.__ARM_fpclassify)
    i._is_digit                              0x08005c4e   Section        0  __printf_wp.o(i._is_digit)
    locale$$code                             0x08005c5c   Section       44  lc_ctype_c.o(locale$$code)
    locale$$code                             0x08005c88   Section       44  lc_numeric_c.o(locale$$code)
    x$fpl$printf1                            0x08005cb4   Section        4  printf1.o(x$fpl$printf1)
    .constdata                               0x08005cb8   Section      192  base64.o(.constdata)
    x$fpl$usenofp                            0x08005cb8   Section        0  usenofp.o(x$fpl$usenofp)
    base64_enc_map                           0x08005cb8   Data          64  base64.o(.constdata)
    base64_dec_map                           0x08005cf8   Data         128  base64.o(.constdata)
    .constdata                               0x08005d78   Section       17  __printf_flags_ss_wp.o(.constdata)
    maptable                                 0x08005d78   Data          17  __printf_flags_ss_wp.o(.constdata)
    .constdata                               0x08005d8c   Section        8  _printf_wctomb.o(.constdata)
    initial_mbstate                          0x08005d8c   Data           8  _printf_wctomb.o(.constdata)
    .constdata                               0x08005d94   Section       40  _printf_hex_int_ll_ptr.o(.constdata)
    uc_hextab                                0x08005d94   Data          20  _printf_hex_int_ll_ptr.o(.constdata)
    lc_hextab                                0x08005da8   Data          20  _printf_hex_int_ll_ptr.o(.constdata)
    .constdata                               0x08005dbc   Section      148  bigflt0.o(.constdata)
    tenpwrs_x                                0x08005dbc   Data          60  bigflt0.o(.constdata)
    tenpwrs_i                                0x08005df8   Data          64  bigflt0.o(.constdata)
    .conststring                             0x08005e50   Section      291  onenet.o(.conststring)
    locale$$data                             0x08005f94   Section      272  lc_ctype_c.o(locale$$data)
    __lcctype_c_name                         0x08005f98   Data           2  lc_ctype_c.o(locale$$data)
    __lcctype_c_start                        0x08005fa0   Data           0  lc_ctype_c.o(locale$$data)
    locale$$data                             0x080060a4   Section       28  lc_numeric_c.o(locale$$data)
    __lcctype_c_end                          0x080060a4   Data           0  lc_ctype_c.o(locale$$data)
    __lcnum_c_name                           0x080060a8   Data           2  lc_numeric_c.o(locale$$data)
    __lcnum_c_start                          0x080060b0   Data           0  lc_numeric_c.o(locale$$data)
    __lcnum_c_point                          0x080060bc   Data           0  lc_numeric_c.o(locale$$data)
    __lcnum_c_thousands                      0x080060be   Data           0  lc_numeric_c.o(locale$$data)
    __lcnum_c_grouping                       0x080060bf   Data           0  lc_numeric_c.o(locale$$data)
    __lcnum_c_end                            0x080060c0   Data           0  lc_numeric_c.o(locale$$data)
    .data                                    0x20000000   Section       20  system_stm32f10x.o(.data)
    .data                                    0x20000014   Section        1  led.o(.data)
    .data                                    0x20000016   Section        4  delay_1.o(.data)
    .data                                    0x2000001a   Section       20  stm32f10x_rcc.o(.data)
    APBAHBPrescTable                         0x2000001a   Data          16  stm32f10x_rcc.o(.data)
    ADCPrescTable                            0x2000002a   Data           4  stm32f10x_rcc.o(.data)
    .data                                    0x2000002e   Section        2  onenet.o(.data)
    pkt_id                                   0x2000002e   Data           2  onenet.o(.data)
    .data                                    0x20000030   Section        4  esp8266.o(.data)
    .bss                                     0x20000034   Section       64  onenet.o(.bss)
    .bss                                     0x20000074   Section      512  esp8266.o(.bss)
    .bss                                     0x20000274   Section       96  libspace.o(.bss)
    HEAP                                     0x200002d8   Section      512  startup_stm32f10x_hd_1.o(HEAP)
    Heap_Mem                                 0x200002d8   Data         512  startup_stm32f10x_hd_1.o(HEAP)
    STACK                                    0x200004d8   Section     2048  startup_stm32f10x_hd_1.o(STACK)
    Stack_Mem                                0x200004d8   Data        2048  startup_stm32f10x_hd_1.o(STACK)
    __initial_sp                             0x20000cd8   Data           0  startup_stm32f10x_hd_1.o(STACK)

    Global Symbols

    Symbol Name                              Value     Ov Type        Size  Object(Section)

    BuildAttributes$$THM_ISAv4$P$D$K$B$S$PE$A:L22UL41UL21$X:L11$S22US41US21$IEEE1$IW$USESV6$~STKCKD$USESV7$~SHL$OTIME$ROPI$IEEEJ$EBA8$UX$STANDARDLIB$REQ8$PRES8$EABIv2 0x00000000   Number         0  anon$$obj.o ABSOLUTE
    __ARM_use_no_argv                        0x00000000   Number         0  main.o ABSOLUTE
    _printf_flags                            0x00000000   Number         0  printf_stubs.o ABSOLUTE
    _printf_return_value                     0x00000000   Number         0  printf_stubs.o ABSOLUTE
    _printf_sizespec                         0x00000000   Number         0  printf_stubs.o ABSOLUTE
    _printf_widthprec                        0x00000000   Number         0  printf_stubs.o ABSOLUTE
    __ARM_exceptions_init                     - Undefined Weak Reference
    __alloca_initialize                       - Undefined Weak Reference
    __arm_fini_                               - Undefined Weak Reference
    __arm_preinit_                            - Undefined Weak Reference
    __cpp_initialize__aeabi_                  - Undefined Weak Reference
    __cxa_finalize                            - Undefined Weak Reference
    __sigvec_lookup                           - Undefined Weak Reference
    __user_heap_extent                        - Undefined Weak Reference
    _atexit_init                              - Undefined Weak Reference
    _call_atexit_fns                          - Undefined Weak Reference
    _clock_init                               - Undefined Weak Reference
    _fp_trap_init                             - Undefined Weak Reference
    _fp_trap_shutdown                         - Undefined Weak Reference
    _get_lc_collate                           - Undefined Weak Reference
    _get_lc_monetary                          - Undefined Weak Reference
    _get_lc_time                              - Undefined Weak Reference
    _getenv_init                              - Undefined Weak Reference
    _handle_redirection                       - Undefined Weak Reference
    _initio                                   - Undefined Weak Reference
    _mutex_acquire                            - Undefined Weak Reference
    _mutex_free                               - Undefined Weak Reference
    _mutex_release                            - Undefined Weak Reference
    _printf_fp_hex                            - Undefined Weak Reference
    _printf_mbtowc                            - Undefined Weak Reference
    _printf_wc                                - Undefined Weak Reference
    _rand_init                                - Undefined Weak Reference
    _scanf_longlong                           - Undefined Weak Reference
    _scanf_mbtowc                             - Undefined Weak Reference
    _scanf_real                               - Undefined Weak Reference
    _scanf_wctomb                             - Undefined Weak Reference
    _scanf_wstring                            - Undefined Weak Reference
    _signal_finish                            - Undefined Weak Reference
    _signal_init                              - Undefined Weak Reference
    _terminateio                              - Undefined Weak Reference
    __Vectors_Size                           0x00000130   Number         0  startup_stm32f10x_hd_1.o ABSOLUTE
    __Vectors                                0x08000000   Data           4  startup_stm32f10x_hd_1.o(RESET)
    __Vectors_End                            0x08000130   Data           0  startup_stm32f10x_hd_1.o(RESET)
    __main                                   0x08000131   Thumb Code     8  __main.o(!!!main)
    __scatterload                            0x08000139   Thumb Code     0  __scatter.o(!!!scatter)
    __scatterload_rt2                        0x08000139   Thumb Code    44  __scatter.o(!!!scatter)
    __scatterload_rt2_thumb_only             0x08000139   Thumb Code     0  __scatter.o(!!!scatter)
    __scatterload_null                       0x08000147   Thumb Code     0  __scatter.o(!!!scatter)
    __scatterload_copy                       0x0800016d   Thumb Code    26  __scatter_copy.o(!!handler_copy)
    __scatterload_zeroinit                   0x08000189   Thumb Code    28  __scatter_zi.o(!!handler_zi)
    _printf_n                                0x080001a5   Thumb Code     0  _printf_n.o(.ARM.Collect$$_printf_percent$$00000001)
    _printf_percent                          0x080001a5   Thumb Code     0  _printf_percent.o(.ARM.Collect$$_printf_percent$$00000000)
    _printf_p                                0x080001ab   Thumb Code     0  _printf_p.o(.ARM.Collect$$_printf_percent$$00000002)
    _printf_f                                0x080001b1   Thumb Code     0  _printf_f.o(.ARM.Collect$$_printf_percent$$00000003)
    _printf_e                                0x080001b7   Thumb Code     0  _printf_e.o(.ARM.Collect$$_printf_percent$$00000004)
    _printf_g                                0x080001bd   Thumb Code     0  _printf_g.o(.ARM.Collect$$_printf_percent$$00000005)
    _printf_a                                0x080001c3   Thumb Code     0  _printf_a.o(.ARM.Collect$$_printf_percent$$00000006)
    _printf_ll                               0x080001c9   Thumb Code     0  _printf_ll.o(.ARM.Collect$$_printf_percent$$00000007)
    _printf_i                                0x080001d3   Thumb Code     0  _printf_i.o(.ARM.Collect$$_printf_percent$$00000008)
    _printf_d                                0x080001d9   Thumb Code     0  _printf_d.o(.ARM.Collect$$_printf_percent$$00000009)
    _printf_u                                0x080001df   Thumb Code     0  _printf_u.o(.ARM.Collect$$_printf_percent$$0000000A)
    _printf_o                                0x080001e5   Thumb Code     0  _printf_o.o(.ARM.Collect$$_printf_percent$$0000000B)
    _printf_x                                0x080001eb   Thumb Code     0  _printf_x.o(.ARM.Collect$$_printf_percent$$0000000C)
    _printf_lli                              0x080001f1   Thumb Code     0  _printf_lli.o(.ARM.Collect$$_printf_percent$$0000000D)
    _printf_lld                              0x080001f7   Thumb Code     0  _printf_lld.o(.ARM.Collect$$_printf_percent$$0000000E)
    _printf_llu                              0x080001fd   Thumb Code     0  _printf_llu.o(.ARM.Collect$$_printf_percent$$0000000F)
    _printf_llo                              0x08000203   Thumb Code     0  _printf_llo.o(.ARM.Collect$$_printf_percent$$00000010)
    _printf_llx                              0x08000209   Thumb Code     0  _printf_llx.o(.ARM.Collect$$_printf_percent$$00000011)
    _printf_l                                0x0800020f   Thumb Code     0  _printf_l.o(.ARM.Collect$$_printf_percent$$00000012)
    _printf_c                                0x08000219   Thumb Code     0  _printf_c.o(.ARM.Collect$$_printf_percent$$00000013)
    _printf_s                                0x0800021f   Thumb Code     0  _printf_s.o(.ARM.Collect$$_printf_percent$$00000014)
    _printf_lc                               0x08000225   Thumb Code     0  _printf_lc.o(.ARM.Collect$$_printf_percent$$00000015)
    _printf_ls                               0x0800022b   Thumb Code     0  _printf_ls.o(.ARM.Collect$$_printf_percent$$00000016)
    _printf_percent_end                      0x08000231   Thumb Code     0  _printf_percent_end.o(.ARM.Collect$$_printf_percent$$00000017)
    __rt_lib_init                            0x08000235   Thumb Code     0  libinit.o(.ARM.Collect$$libinit$$00000000)
    __rt_lib_init_fp_1                       0x08000237   Thumb Code     0  libinit2.o(.ARM.Collect$$libinit$$00000002)
    __rt_lib_init_heap_2                     0x08000237   Thumb Code     0  libinit2.o(.ARM.Collect$$libinit$$00000005)
    __rt_lib_init_preinit_1                  0x08000237   Thumb Code     0  libinit2.o(.ARM.Collect$$libinit$$00000004)
    __rt_lib_init_heap_1                     0x0800023f   Thumb Code     0  libinit2.o(.ARM.Collect$$libinit$$0000000A)
    __rt_lib_init_lc_common                  0x0800023f   Thumb Code     0  libinit2.o(.ARM.Collect$$libinit$$0000000F)
    __rt_lib_init_rand_1                     0x0800023f   Thumb Code     0  libinit2.o(.ARM.Collect$$libinit$$0000000E)
    __rt_lib_init_user_alloc_1               0x0800023f   Thumb Code     0  libinit2.o(.ARM.Collect$$libinit$$0000000C)
    __rt_lib_init_lc_collate_1               0x08000245   Thumb Code     0  libinit2.o(.ARM.Collect$$libinit$$00000011)
    __rt_lib_init_lc_ctype_2                 0x08000245   Thumb Code     0  libinit2.o(.ARM.Collect$$libinit$$00000012)
    __rt_lib_init_lc_ctype_1                 0x08000251   Thumb Code     0  libinit2.o(.ARM.Collect$$libinit$$00000013)
    __rt_lib_init_lc_monetary_1              0x08000251   Thumb Code     0  libinit2.o(.ARM.Collect$$libinit$$00000015)
    __rt_lib_init_lc_numeric_2               0x08000251   Thumb Code     0  libinit2.o(.ARM.Collect$$libinit$$00000016)
    __rt_lib_init_alloca_1                   0x0800025b   Thumb Code     0  libinit2.o(.ARM.Collect$$libinit$$0000002E)
    __rt_lib_init_argv_1                     0x0800025b   Thumb Code     0  libinit2.o(.ARM.Collect$$libinit$$0000002C)
    __rt_lib_init_atexit_1                   0x0800025b   Thumb Code     0  libinit2.o(.ARM.Collect$$libinit$$0000001B)
    __rt_lib_init_clock_1                    0x0800025b   Thumb Code     0  libinit2.o(.ARM.Collect$$libinit$$00000021)
    __rt_lib_init_cpp_1                      0x0800025b   Thumb Code     0  libinit2.o(.ARM.Collect$$libinit$$00000032)
    __rt_lib_init_exceptions_1               0x0800025b   Thumb Code     0  libinit2.o(.ARM.Collect$$libinit$$00000030)
    __rt_lib_init_fp_trap_1                  0x0800025b   Thumb Code     0  libinit2.o(.ARM.Collect$$libinit$$0000001F)
    __rt_lib_init_getenv_1                   0x0800025b   Thumb Code     0  libinit2.o(.ARM.Collect$$libinit$$00000023)
    __rt_lib_init_lc_numeric_1               0x0800025b   Thumb Code     0  libinit2.o(.ARM.Collect$$libinit$$00000017)
    __rt_lib_init_lc_time_1                  0x0800025b   Thumb Code     0  libinit2.o(.ARM.Collect$$libinit$$00000019)
    __rt_lib_init_return                     0x0800025b   Thumb Code     0  libinit2.o(.ARM.Collect$$libinit$$00000033)
    __rt_lib_init_signal_1                   0x0800025b   Thumb Code     0  libinit2.o(.ARM.Collect$$libinit$$0000001D)
    __rt_lib_init_stdio_1                    0x0800025b   Thumb Code     0  libinit2.o(.ARM.Collect$$libinit$$00000025)
    __rt_lib_shutdown                        0x0800025d   Thumb Code     0  libshutdown.o(.ARM.Collect$$libshutdown$$00000000)
    __rt_lib_shutdown_cpp_1                  0x0800025f   Thumb Code     0  libshutdown2.o(.ARM.Collect$$libshutdown$$00000004)
    __rt_lib_shutdown_fini_1                 0x0800025f   Thumb Code     0  libshutdown2.o(.ARM.Collect$$libshutdown$$00000002)
    __rt_lib_shutdown_fp_trap_1              0x0800025f   Thumb Code     0  libshutdown2.o(.ARM.Collect$$libshutdown$$00000009)
    __rt_lib_shutdown_heap_1                 0x0800025f   Thumb Code     0  libshutdown2.o(.ARM.Collect$$libshutdown$$00000011)
    __rt_lib_shutdown_return                 0x0800025f   Thumb Code     0  libshutdown2.o(.ARM.Collect$$libshutdown$$00000012)
    __rt_lib_shutdown_signal_1               0x0800025f   Thumb Code     0  libshutdown2.o(.ARM.Collect$$libshutdown$$0000000C)
    __rt_lib_shutdown_stdio_1                0x0800025f   Thumb Code     0  libshutdown2.o(.ARM.Collect$$libshutdown$$00000006)
    __rt_lib_shutdown_user_alloc_1           0x0800025f   Thumb Code     0  libshutdown2.o(.ARM.Collect$$libshutdown$$0000000E)
    __rt_entry                               0x08000261   Thumb Code     0  __rtentry.o(.ARM.Collect$$rtentry$$00000000)
    __rt_entry_presh_1                       0x08000261   Thumb Code     0  __rtentry2.o(.ARM.Collect$$rtentry$$00000002)
    __rt_entry_sh                            0x08000261   Thumb Code     0  __rtentry4.o(.ARM.Collect$$rtentry$$00000004)
    __rt_entry_li                            0x08000267   Thumb Code     0  __rtentry2.o(.ARM.Collect$$rtentry$$0000000A)
    __rt_entry_postsh_1                      0x08000267   Thumb Code     0  __rtentry2.o(.ARM.Collect$$rtentry$$00000009)
    __rt_entry_main                          0x0800026b   Thumb Code     0  __rtentry2.o(.ARM.Collect$$rtentry$$0000000D)
    __rt_entry_postli_1                      0x0800026b   Thumb Code     0  __rtentry2.o(.ARM.Collect$$rtentry$$0000000C)
    __rt_exit                                0x08000273   Thumb Code     0  rtexit.o(.ARM.Collect$$rtexit$$00000000)
    __rt_exit_ls                             0x08000275   Thumb Code     0  rtexit2.o(.ARM.Collect$$rtexit$$00000003)
    __rt_exit_prels_1                        0x08000275   Thumb Code     0  rtexit2.o(.ARM.Collect$$rtexit$$00000002)
    __rt_exit_exit                           0x08000279   Thumb Code     0  rtexit2.o(.ARM.Collect$$rtexit$$00000004)
    Hardware_Init                            0x08000281   Thumb Code    48  main.o(.text)
    _maybe_terminate_alloc                   0x08000281   Thumb Code     0  maybetermalloc1.o(.emb_text)
    main                                     0x080002b1   Thumb Code    78  main.o(.text)
    NMI_Handler                              0x0800038d   Thumb Code     2  stm32f10x_it.o(.text)
    HardFault_Handler                        0x0800038f   Thumb Code     4  stm32f10x_it.o(.text)
    MemManage_Handler                        0x08000393   Thumb Code     4  stm32f10x_it.o(.text)
    BusFault_Handler                         0x08000397   Thumb Code     4  stm32f10x_it.o(.text)
    UsageFault_Handler                       0x0800039b   Thumb Code     4  stm32f10x_it.o(.text)
    SVC_Handler                              0x0800039f   Thumb Code     2  stm32f10x_it.o(.text)
    DebugMon_Handler                         0x080003a1   Thumb Code     2  stm32f10x_it.o(.text)
    PendSV_Handler                           0x080003a3   Thumb Code     2  stm32f10x_it.o(.text)
    SysTick_Handler                          0x080003a5   Thumb Code     2  stm32f10x_it.o(.text)
    SystemInit                               0x08000487   Thumb Code    78  system_stm32f10x.o(.text)
    SystemCoreClockUpdate                    0x080004d5   Thumb Code   142  system_stm32f10x.o(.text)
    Reset_Handler                            0x08000589   Thumb Code     8  startup_stm32f10x_hd_1.o(.text)
    ADC1_2_IRQHandler                        0x080005a3   Thumb Code     0  startup_stm32f10x_hd_1.o(.text)
    ADC3_IRQHandler                          0x080005a3   Thumb Code     0  startup_stm32f10x_hd_1.o(.text)
    CAN1_RX1_IRQHandler                      0x080005a3   Thumb Code     0  startup_stm32f10x_hd_1.o(.text)
    CAN1_SCE_IRQHandler                      0x080005a3   Thumb Code     0  startup_stm32f10x_hd_1.o(.text)
    DMA1_Channel1_IRQHandler                 0x080005a3   Thumb Code     0  startup_stm32f10x_hd_1.o(.text)
    DMA1_Channel2_IRQHandler                 0x080005a3   Thumb Code     0  startup_stm32f10x_hd_1.o(.text)
    DMA1_Channel3_IRQHandler                 0x080005a3   Thumb Code     0  startup_stm32f10x_hd_1.o(.text)
    DMA1_Channel4_IRQHandler                 0x080005a3   Thumb Code     0  startup_stm32f10x_hd_1.o(.text)
    DMA1_Channel5_IRQHandler                 0x080005a3   Thumb Code     0  startup_stm32f10x_hd_1.o(.text)
    DMA1_Channel6_IRQHandler                 0x080005a3   Thumb Code     0  startup_stm32f10x_hd_1.o(.text)
    DMA1_Channel7_IRQHandler                 0x080005a3   Thumb Code     0  startup_stm32f10x_hd_1.o(.text)
    DMA2_Channel1_IRQHandler                 0x080005a3   Thumb Code     0  startup_stm32f10x_hd_1.o(.text)
    DMA2_Channel2_IRQHandler                 0x080005a3   Thumb Code     0  startup_stm32f10x_hd_1.o(.text)
    DMA2_Channel3_IRQHandler                 0x080005a3   Thumb Code     0  startup_stm32f10x_hd_1.o(.text)
    DMA2_Channel4_5_IRQHandler               0x080005a3   Thumb Code     0  startup_stm32f10x_hd_1.o(.text)
    EXTI0_IRQHandler                         0x080005a3   Thumb Code     0  startup_stm32f10x_hd_1.o(.text)
    EXTI15_10_IRQHandler                     0x080005a3   Thumb Code     0  startup_stm32f10x_hd_1.o(.text)
    EXTI2_IRQHandler                         0x080005a3   Thumb Code     0  startup_stm32f10x_hd_1.o(.text)
    EXTI3_IRQHandler                         0x080005a3   Thumb Code     0  startup_stm32f10x_hd_1.o(.text)
    EXTI4_IRQHandler                         0x080005a3   Thumb Code     0  startup_stm32f10x_hd_1.o(.text)
    EXTI9_5_IRQHandler                       0x080005a3   Thumb Code     0  startup_stm32f10x_hd_1.o(.text)
    FLASH_IRQHandler                         0x080005a3   Thumb Code     0  startup_stm32f10x_hd_1.o(.text)
    FSMC_IRQHandler                          0x080005a3   Thumb Code     0  startup_stm32f10x_hd_1.o(.text)
    I2C1_ER_IRQHandler                       0x080005a3   Thumb Code     0  startup_stm32f10x_hd_1.o(.text)
    I2C1_EV_IRQHandler                       0x080005a3   Thumb Code     0  startup_stm32f10x_hd_1.o(.text)
    I2C2_ER_IRQHandler                       0x080005a3   Thumb Code     0  startup_stm32f10x_hd_1.o(.text)
    I2C2_EV_IRQHandler                       0x080005a3   Thumb Code     0  startup_stm32f10x_hd_1.o(.text)
    PVD_IRQHandler                           0x080005a3   Thumb Code     0  startup_stm32f10x_hd_1.o(.text)
    RCC_IRQHandler                           0x080005a3   Thumb Code     0  startup_stm32f10x_hd_1.o(.text)
    RTCAlarm_IRQHandler                      0x080005a3   Thumb Code     0  startup_stm32f10x_hd_1.o(.text)
    RTC_IRQHandler                           0x080005a3   Thumb Code     0  startup_stm32f10x_hd_1.o(.text)
    SDIO_IRQHandler                          0x080005a3   Thumb Code     0  startup_stm32f10x_hd_1.o(.text)
    SPI1_IRQHandler                          0x080005a3   Thumb Code     0  startup_stm32f10x_hd_1.o(.text)
    SPI2_IRQHandler                          0x080005a3   Thumb Code     0  startup_stm32f10x_hd_1.o(.text)
    SPI3_IRQHandler                          0x080005a3   Thumb Code     0  startup_stm32f10x_hd_1.o(.text)
    TAMPER_IRQHandler                        0x080005a3   Thumb Code     0  startup_stm32f10x_hd_1.o(.text)
    TIM1_BRK_IRQHandler                      0x080005a3   Thumb Code     0  startup_stm32f10x_hd_1.o(.text)
    TIM1_CC_IRQHandler                       0x080005a3   Thumb Code     0  startup_stm32f10x_hd_1.o(.text)
    TIM1_TRG_COM_IRQHandler                  0x080005a3   Thumb Code     0  startup_stm32f10x_hd_1.o(.text)
    TIM1_UP_IRQHandler                       0x080005a3   Thumb Code     0  startup_stm32f10x_hd_1.o(.text)
    TIM2_IRQHandler                          0x080005a3   Thumb Code     0  startup_stm32f10x_hd_1.o(.text)
    TIM3_IRQHandler                          0x080005a3   Thumb Code     0  startup_stm32f10x_hd_1.o(.text)
    TIM4_IRQHandler                          0x080005a3   Thumb Code     0  startup_stm32f10x_hd_1.o(.text)
    TIM5_IRQHandler                          0x080005a3   Thumb Code     0  startup_stm32f10x_hd_1.o(.text)
    TIM6_IRQHandler                          0x080005a3   Thumb Code     0  startup_stm32f10x_hd_1.o(.text)
    TIM7_IRQHandler                          0x080005a3   Thumb Code     0  startup_stm32f10x_hd_1.o(.text)
    TIM8_BRK_IRQHandler                      0x080005a3   Thumb Code     0  startup_stm32f10x_hd_1.o(.text)
    TIM8_CC_IRQHandler                       0x080005a3   Thumb Code     0  startup_stm32f10x_hd_1.o(.text)
    TIM8_TRG_COM_IRQHandler                  0x080005a3   Thumb Code     0  startup_stm32f10x_hd_1.o(.text)
    TIM8_UP_IRQHandler                       0x080005a3   Thumb Code     0  startup_stm32f10x_hd_1.o(.text)
    UART4_IRQHandler                         0x080005a3   Thumb Code     0  startup_stm32f10x_hd_1.o(.text)
    UART5_IRQHandler                         0x080005a3   Thumb Code     0  startup_stm32f10x_hd_1.o(.text)
    USART3_IRQHandler                        0x080005a3   Thumb Code     0  startup_stm32f10x_hd_1.o(.text)
    USBWakeUp_IRQHandler                     0x080005a3   Thumb Code     0  startup_stm32f10x_hd_1.o(.text)
    USB_HP_CAN1_TX_IRQHandler                0x080005a3   Thumb Code     0  startup_stm32f10x_hd_1.o(.text)
    USB_LP_CAN1_RX0_IRQHandler               0x080005a3   Thumb Code     0  startup_stm32f10x_hd_1.o(.text)
    WWDG_IRQHandler                          0x080005a3   Thumb Code     0  startup_stm32f10x_hd_1.o(.text)
    __user_initial_stackheap                 0x080005a5   Thumb Code     0  startup_stm32f10x_hd_1.o(.text)
    Led_Set                                  0x080005c9   Thumb Code    24  led.o(.text)
    Led_Init                                 0x080005e1   Thumb Code    44  led.o(.text)
    Key_Init                                 0x08000615   Thumb Code   110  key.o(.text)
    EXTI1_IRQHandler                         0x08000683   Thumb Code    48  key.o(.text)
    Delay_Init                               0x080006bd   Thumb Code    48  delay_1.o(.text)
    DelayUs                                  0x080006ed   Thumb Code    60  delay_1.o(.text)
    DelayXms                                 0x08000729   Thumb Code    66  delay_1.o(.text)
    DelayMs                                  0x0800076b   Thumb Code    60  delay_1.o(.text)
    Usart1_Init                              0x080007b1   Thumb Code   166  usart.o(.text)
    Usart2_Init                              0x08000857   Thumb Code   162  usart.o(.text)
    Usart_SendString                         0x080008f9   Thumb Code    50  usart.o(.text)
    UsartPrintf                              0x0800092b   Thumb Code    72  usart.o(.text)
    USART1_IRQHandler                        0x08000973   Thumb Code    24  usart.o(.text)
    NVIC_PriorityGroupConfig                 0x08000999   Thumb Code    10  misc.o(.text)
    NVIC_Init                                0x080009a3   Thumb Code   100  misc.o(.text)
    NVIC_SetVectorTable                      0x08000a07   Thumb Code    14  misc.o(.text)
    NVIC_SystemLPConfig                      0x08000a15   Thumb Code    34  misc.o(.text)
    SysTick_CLKSourceConfig                  0x08000a37   Thumb Code    40  misc.o(.text)
    GPIO_DeInit                              0x08000a75   Thumb Code   172  stm32f10x_gpio.o(.text)
    GPIO_AFIODeInit                          0x08000b21   Thumb Code    20  stm32f10x_gpio.o(.text)
    GPIO_Init                                0x08000b35   Thumb Code   278  stm32f10x_gpio.o(.text)
    GPIO_StructInit                          0x08000c4b   Thumb Code    16  stm32f10x_gpio.o(.text)
    GPIO_ReadInputDataBit                    0x08000c5b   Thumb Code    18  stm32f10x_gpio.o(.text)
    GPIO_ReadInputData                       0x08000c6d   Thumb Code     8  stm32f10x_gpio.o(.text)
    GPIO_ReadOutputDataBit                   0x08000c75   Thumb Code    18  stm32f10x_gpio.o(.text)
    GPIO_ReadOutputData                      0x08000c87   Thumb Code     8  stm32f10x_gpio.o(.text)
    GPIO_SetBits                             0x08000c8f   Thumb Code     4  stm32f10x_gpio.o(.text)
    GPIO_ResetBits                           0x08000c93   Thumb Code     4  stm32f10x_gpio.o(.text)
    GPIO_WriteBit                            0x08000c97   Thumb Code    10  stm32f10x_gpio.o(.text)
    GPIO_Write                               0x08000ca1   Thumb Code     4  stm32f10x_gpio.o(.text)
    GPIO_PinLockConfig                       0x08000ca5   Thumb Code    18  stm32f10x_gpio.o(.text)
    GPIO_EventOutputConfig                   0x08000cb7   Thumb Code    26  stm32f10x_gpio.o(.text)
    GPIO_EventOutputCmd                      0x08000cd1   Thumb Code     6  stm32f10x_gpio.o(.text)
    GPIO_PinRemapConfig                      0x08000cd7   Thumb Code   138  stm32f10x_gpio.o(.text)
    GPIO_EXTILineConfig                      0x08000d61   Thumb Code    66  stm32f10x_gpio.o(.text)
    GPIO_ETH_MediaInterfaceConfig            0x08000da3   Thumb Code     8  stm32f10x_gpio.o(.text)
    RCC_DeInit                               0x08000dd1   Thumb Code    64  stm32f10x_rcc.o(.text)
    RCC_HSEConfig                            0x08000e11   Thumb Code    70  stm32f10x_rcc.o(.text)
    RCC_GetFlagStatus                        0x08000e57   Thumb Code    56  stm32f10x_rcc.o(.text)
    RCC_WaitForHSEStartUp                    0x08000e8f   Thumb Code    56  stm32f10x_rcc.o(.text)
    RCC_AdjustHSICalibrationValue            0x08000ec7   Thumb Code    20  stm32f10x_rcc.o(.text)
    RCC_HSICmd                               0x08000edb   Thumb Code     6  stm32f10x_rcc.o(.text)
    RCC_PLLConfig                            0x08000ee1   Thumb Code    24  stm32f10x_rcc.o(.text)
    RCC_PLLCmd                               0x08000ef9   Thumb Code     6  stm32f10x_rcc.o(.text)
    RCC_SYSCLKConfig                         0x08000eff   Thumb Code    18  stm32f10x_rcc.o(.text)
    RCC_GetSYSCLKSource                      0x08000f11   Thumb Code    10  stm32f10x_rcc.o(.text)
    RCC_HCLKConfig                           0x08000f1b   Thumb Code    18  stm32f10x_rcc.o(.text)
    RCC_PCLK1Config                          0x08000f2d   Thumb Code    18  stm32f10x_rcc.o(.text)
    RCC_PCLK2Config                          0x08000f3f   Thumb Code    20  stm32f10x_rcc.o(.text)
    RCC_ITConfig                             0x08000f53   Thumb Code    26  stm32f10x_rcc.o(.text)
    RCC_USBCLKConfig                         0x08000f6d   Thumb Code     8  stm32f10x_rcc.o(.text)
    RCC_ADCCLKConfig                         0x08000f75   Thumb Code    18  stm32f10x_rcc.o(.text)
    RCC_LSEConfig                            0x08000f87   Thumb Code    50  stm32f10x_rcc.o(.text)
    RCC_LSICmd                               0x08000fb9   Thumb Code     6  stm32f10x_rcc.o(.text)
    RCC_RTCCLKConfig                         0x08000fbf   Thumb Code    12  stm32f10x_rcc.o(.text)
    RCC_RTCCLKCmd                            0x08000fcb   Thumb Code     8  stm32f10x_rcc.o(.text)
    RCC_GetClocksFreq                        0x08000fd3   Thumb Code   192  stm32f10x_rcc.o(.text)
    RCC_AHBPeriphClockCmd                    0x08001093   Thumb Code    26  stm32f10x_rcc.o(.text)
    RCC_APB2PeriphClockCmd                   0x080010ad   Thumb Code    26  stm32f10x_rcc.o(.text)
    RCC_APB1PeriphClockCmd                   0x080010c7   Thumb Code    26  stm32f10x_rcc.o(.text)
    RCC_APB2PeriphResetCmd                   0x080010e1   Thumb Code    26  stm32f10x_rcc.o(.text)
    RCC_APB1PeriphResetCmd                   0x080010fb   Thumb Code    26  stm32f10x_rcc.o(.text)
    RCC_BackupResetCmd                       0x08001115   Thumb Code     8  stm32f10x_rcc.o(.text)
    RCC_ClockSecuritySystemCmd               0x0800111d   Thumb Code     6  stm32f10x_rcc.o(.text)
    RCC_MCOConfig                            0x08001123   Thumb Code     6  stm32f10x_rcc.o(.text)
    RCC_ClearFlag                            0x08001129   Thumb Code    14  stm32f10x_rcc.o(.text)
    RCC_GetITStatus                          0x08001137   Thumb Code    20  stm32f10x_rcc.o(.text)
    RCC_ClearITPendingBit                    0x0800114b   Thumb Code     6  stm32f10x_rcc.o(.text)
    USART_DeInit                             0x08001175   Thumb Code   134  stm32f10x_usart.o(.text)
    USART_Init                               0x080011fb   Thumb Code   210  stm32f10x_usart.o(.text)
    USART_StructInit                         0x080012cd   Thumb Code    24  stm32f10x_usart.o(.text)
    USART_ClockInit                          0x080012e5   Thumb Code    34  stm32f10x_usart.o(.text)
    USART_ClockStructInit                    0x08001307   Thumb Code    12  stm32f10x_usart.o(.text)
    USART_Cmd                                0x08001313   Thumb Code    24  stm32f10x_usart.o(.text)
    USART_ITConfig                           0x0800132b   Thumb Code    74  stm32f10x_usart.o(.text)
    USART_DMACmd                             0x08001375   Thumb Code    18  stm32f10x_usart.o(.text)
    USART_SetAddress                         0x08001387   Thumb Code    18  stm32f10x_usart.o(.text)
    USART_WakeUpConfig                       0x08001399   Thumb Code    18  stm32f10x_usart.o(.text)
    USART_ReceiverWakeUpCmd                  0x080013ab   Thumb Code    24  stm32f10x_usart.o(.text)
    USART_LINBreakDetectLengthConfig         0x080013c3   Thumb Code    18  stm32f10x_usart.o(.text)
    USART_LINCmd                             0x080013d5   Thumb Code    24  stm32f10x_usart.o(.text)
    USART_SendData                           0x080013ed   Thumb Code     8  stm32f10x_usart.o(.text)
    USART_ReceiveData                        0x080013f5   Thumb Code    10  stm32f10x_usart.o(.text)
    USART_SendBreak                          0x080013ff   Thumb Code    10  stm32f10x_usart.o(.text)
    USART_SetGuardTime                       0x08001409   Thumb Code    16  stm32f10x_usart.o(.text)
    USART_SetPrescaler                       0x08001419   Thumb Code    16  stm32f10x_usart.o(.text)
    USART_SmartCardCmd                       0x08001429   Thumb Code    24  stm32f10x_usart.o(.text)
    USART_SmartCardNACKCmd                   0x08001441   Thumb Code    24  stm32f10x_usart.o(.text)
    USART_HalfDuplexCmd                      0x08001459   Thumb Code    24  stm32f10x_usart.o(.text)
    USART_OverSampling8Cmd                   0x08001471   Thumb Code    22  stm32f10x_usart.o(.text)
    USART_OneBitMethodCmd                    0x08001487   Thumb Code    24  stm32f10x_usart.o(.text)
    USART_IrDAConfig                         0x0800149f   Thumb Code    18  stm32f10x_usart.o(.text)
    USART_IrDACmd                            0x080014b1   Thumb Code    24  stm32f10x_usart.o(.text)
    USART_GetFlagStatus                      0x080014c9   Thumb Code    26  stm32f10x_usart.o(.text)
    USART_ClearFlag                          0x080014e3   Thumb Code    18  stm32f10x_usart.o(.text)
    USART_GetITStatus                        0x080014f5   Thumb Code    84  stm32f10x_usart.o(.text)
    USART_ClearITPendingBit                  0x08001549   Thumb Code    52  stm32f10x_usart.o(.text)
    EXTI_DeInit                              0x0800157d   Thumb Code    28  stm32f10x_exti.o(.text)
    EXTI_Init                                0x08001599   Thumb Code   142  stm32f10x_exti.o(.text)
    EXTI_StructInit                          0x08001627   Thumb Code    16  stm32f10x_exti.o(.text)
    EXTI_GenerateSWInterrupt                 0x08001637   Thumb Code    16  stm32f10x_exti.o(.text)
    EXTI_GetFlagStatus                       0x08001647   Thumb Code    22  stm32f10x_exti.o(.text)
    EXTI_ClearFlag                           0x0800165d   Thumb Code     8  stm32f10x_exti.o(.text)
    EXTI_GetITStatus                         0x08001665   Thumb Code    34  stm32f10x_exti.o(.text)
    EXTI_ClearITPendingBit                   0x08001687   Thumb Code     8  stm32f10x_exti.o(.text)
    ft                                       0x08001699   Thumb Code    76  hmac_sha1.o(.text)
    k                                        0x080016e5   Thumb Code    34  hmac_sha1.o(.text)
    rotr                                     0x08001707   Thumb Code    40  hmac_sha1.o(.text)
    rotl                                     0x0800172f   Thumb Code    46  hmac_sha1.o(.text)
    sha1                                     0x0800175d   Thumb Code   632  hmac_sha1.o(.text)
    hmac_sha1                                0x080019d5   Thumb Code   330  hmac_sha1.o(.text)
    OneNET_RegisterDevice                    0x08001d67   Thumb Code   216  onenet.o(.text)
    OneNet_DevLink                           0x08001e3f   Thumb Code   242  onenet.o(.text)
    OneNet_FillBuf                           0x08001f31   Thumb Code   884  onenet.o(.text)
    OneNet_SendData                          0x080022a5   Thumb Code   134  onenet.o(.text)
    OneNET_Publish                           0x0800232b   Thumb Code    86  onenet.o(.text)
    OneNET_Subscribe                         0x08002381   Thumb Code    86  onenet.o(.text)
    OneNet_RevPro                            0x080023d7   Thumb Code   338  onenet.o(.text)
    BASE64_Encode                            0x08002691   Thumb Code   320  base64.o(.text)
    BASE64_Decode                            0x080027d1   Thumb Code   360  base64.o(.text)
    MQTT_NewBuffer                           0x08002941   Thumb Code    88  mqttkit.o(.text)
    MQTT_DeleteBuffer                        0x08002999   Thumb Code    28  mqttkit.o(.text)
    MQTT_DumpLength                          0x080029b5   Thumb Code    46  mqttkit.o(.text)
    MQTT_ReadLength                          0x080029e3   Thumb Code    70  mqttkit.o(.text)
    MQTT_UnPacketRecv                        0x08002a29   Thumb Code   106  mqttkit.o(.text)
    MQTT_PacketConnect                       0x08002a93   Thumb Code   666  mqttkit.o(.text)
    MQTT_PacketDisConnect                    0x08002d2d   Thumb Code    48  mqttkit.o(.text)
    MQTT_UnPacketConnectAck                  0x08002d5d   Thumb Code    30  mqttkit.o(.text)
    MQTT_PacketPublish                       0x08002d7b   Thumb Code   452  mqttkit.o(.text)
    MQTT_PacketSaveData                      0x08002f3f   Thumb Code    68  mqttkit.o(.text)
    MQTT_PacketSaveBinData                   0x08002f83   Thumb Code   192  mqttkit.o(.text)
    MQTT_UnPacketCmd                         0x08003043   Thumb Code   140  mqttkit.o(.text)
    MQTT_PacketCmdResp                       0x080030cf   Thumb Code   132  mqttkit.o(.text)
    MQTT_PacketSubscribe                     0x08003153   Thumb Code   254  mqttkit.o(.text)
    MQTT_UnPacketSubscribe                   0x08003251   Thumb Code    52  mqttkit.o(.text)
    MQTT_PacketUnSubscribe                   0x08003285   Thumb Code   292  mqttkit.o(.text)
    MQTT_UnPacketUnSubscribe                 0x080033a9   Thumb Code    18  mqttkit.o(.text)
    MQTT_UnPacketPublish                     0x080033bb   Thumb Code   440  mqttkit.o(.text)
    MQTT_PacketPublishAck                    0x08003573   Thumb Code    72  mqttkit.o(.text)
    MQTT_UnPacketPublishAck                  0x080035bb   Thumb Code    30  mqttkit.o(.text)
    MQTT_PacketPublishRec                    0x080035d9   Thumb Code    72  mqttkit.o(.text)
    MQTT_UnPacketPublishRec                  0x08003621   Thumb Code    30  mqttkit.o(.text)
    MQTT_PacketPublishRel                    0x0800363f   Thumb Code    72  mqttkit.o(.text)
    MQTT_UnPacketPublishRel                  0x08003687   Thumb Code    36  mqttkit.o(.text)
    MQTT_PacketPublishComp                   0x080036ab   Thumb Code    72  mqttkit.o(.text)
    MQTT_UnPacketPublishComp                 0x080036f3   Thumb Code    30  mqttkit.o(.text)
    MQTT_PacketPing                          0x08003711   Thumb Code    48  mqttkit.o(.text)
    ESP8266_Clear                            0x08003741   Thumb Code    20  esp8266.o(.text)
    ESP8266_WaitRecive                       0x08003755   Thumb Code    42  esp8266.o(.text)
    ESP8266_SendCmd                          0x0800377f   Thumb Code    76  esp8266.o(.text)
    ESP8266_SendData                         0x080037cb   Thumb Code    46  esp8266.o(.text)
    ESP8266_GetIPD                           0x080037f9   Thumb Code    68  esp8266.o(.text)
    ESP8266_Init                             0x0800383d   Thumb Code   136  esp8266.o(.text)
    USART2_IRQHandler                        0x080038c5   Thumb Code    64  esp8266.o(.text)
    malloc                                   0x080039d1   Thumb Code    94  h1_alloc.o(.text)
    free                                     0x08003a2f   Thumb Code    78  h1_free.o(.text)
    __c89vsnprintf                           0x08003a7d   Thumb Code    48  c89vsnprintf.o(.text)
    __2sprintf                               0x08003ab1   Thumb Code    38  __2sprintf.o(.text)
    __2snprintf                              0x08003add   Thumb Code    50  __2snprintf.o(.text)
    _printf_str                              0x08003b15   Thumb Code    82  _printf_str.o(.text)
    _printf_int_dec                          0x08003b69   Thumb Code   104  _printf_dec.o(.text)
    __printf                                 0x08003be1   Thumb Code   388  __printf_flags_ss_wp.o(.text)
    __0sscanf                                0x08003d69   Thumb Code    52  __0sscanf.o(.text)
    _scanf_int                               0x08003da5   Thumb Code   332  _scanf_int.o(.text)
    _scanf_string                            0x08003ef1   Thumb Code   224  _scanf_str.o(.text)
    atoi                                     0x08003fd1   Thumb Code    26  atoi.o(.text)
    strchr                                   0x08003feb   Thumb Code    20  strchr.o(.text)
    strncat                                  0x08003fff   Thumb Code    36  strncat.o(.text)
    strstr                                   0x08004023   Thumb Code    36  strstr.o(.text)
    strcpy                                   0x08004047   Thumb Code    72  strcpy.o(.text)
    strlen                                   0x0800408f   Thumb Code    62  strlen.o(.text)
    strcat                                   0x080040cd   Thumb Code    24  strcat.o(.text)
    __aeabi_memcpy                           0x080040e5   Thumb Code     0  rt_memcpy_v6.o(.text)
    __rt_memcpy                              0x080040e5   Thumb Code   138  rt_memcpy_v6.o(.text)
    _memcpy_lastbytes                        0x0800414b   Thumb Code     0  rt_memcpy_v6.o(.text)
    __aeabi_memclr                           0x0800416f   Thumb Code     0  rt_memclr.o(.text)
    __rt_memclr                              0x0800416f   Thumb Code    68  rt_memclr.o(.text)
    _memset                                  0x08004173   Thumb Code     0  rt_memclr.o(.text)
    __aeabi_memclr4                          0x080041b3   Thumb Code     0  rt_memclr_w.o(.text)
    __aeabi_memclr8                          0x080041b3   Thumb Code     0  rt_memclr_w.o(.text)
    __rt_memclr_w                            0x080041b3   Thumb Code    78  rt_memclr_w.o(.text)
    _memset_w                                0x080041b7   Thumb Code     0  rt_memclr_w.o(.text)
    __use_two_region_memory                  0x08004201   Thumb Code     2  heapauxi.o(.text)
    __rt_heap_escrow                         0x08004203   Thumb Code     2  heapauxi.o(.text)
    __rt_heap_expand                         0x08004205   Thumb Code     2  heapauxi.o(.text)
    __rt_heap_descriptor                     0x08004209   Thumb Code     8  rt_heap_descriptor_intlibspace.o(.text)
    __aeabi_errno_addr                       0x08004211   Thumb Code     8  rt_errno_addr_intlibspace.o(.text)
    __errno$intlibspace                      0x08004211   Thumb Code     0  rt_errno_addr_intlibspace.o(.text)
    __rt_errno_addr$intlibspace              0x08004211   Thumb Code     0  rt_errno_addr_intlibspace.o(.text)
    __use_no_heap                            0x08004219   Thumb Code     2  hguard.o(.text)
    __heap$guard                             0x0800421b   Thumb Code     2  hguard.o(.text)
    _terminate_user_alloc                    0x0800421d   Thumb Code     2  init_alloc.o(.text)
    _init_user_alloc                         0x0800421f   Thumb Code     2  init_alloc.o(.text)
    __Heap_Full                              0x08004221   Thumb Code    34  init_alloc.o(.text)
    __Heap_Broken                            0x08004243   Thumb Code     6  init_alloc.o(.text)
    _init_alloc                              0x08004249   Thumb Code    94  init_alloc.o(.text)
    __Heap_Initialize                        0x080042a7   Thumb Code    10  h1_init.o(.text)
    __Heap_DescSize                          0x080042b1   Thumb Code     4  h1_init.o(.text)
    _printf_pre_padding                      0x080042b5   Thumb Code    44  _printf_pad.o(.text)
    _printf_post_padding                     0x080042e1   Thumb Code    34  _printf_pad.o(.text)
    _printf_truncate_signed                  0x08004303   Thumb Code    18  _printf_truncate.o(.text)
    _printf_truncate_unsigned                0x08004315   Thumb Code    18  _printf_truncate.o(.text)
    _printf_int_common                       0x08004327   Thumb Code   178  _printf_intcommon.o(.text)
    _printf_charcount                        0x080043d9   Thumb Code    40  _printf_charcount.o(.text)
    _printf_char_common                      0x0800440b   Thumb Code    32  _printf_char_common.o(.text)
    _sputc                                   0x08004431   Thumb Code    10  _sputc.o(.text)
    _snputc                                  0x0800443b   Thumb Code    16  _snputc.o(.text)
    _printf_cs_common                        0x0800444b   Thumb Code    20  _printf_char.o(.text)
    _printf_char                             0x0800445f   Thumb Code    16  _printf_char.o(.text)
    _printf_string                           0x0800446f   Thumb Code     8  _printf_char.o(.text)
    _printf_wctomb                           0x08004479   Thumb Code   182  _printf_wctomb.o(.text)
    _printf_longlong_dec                     0x08004535   Thumb Code   108  _printf_longlong_dec.o(.text)
    _printf_longlong_oct                     0x080045b1   Thumb Code    66  _printf_oct_int_ll.o(.text)
    _printf_int_oct                          0x080045f3   Thumb Code    24  _printf_oct_int_ll.o(.text)
    _printf_ll_oct                           0x0800460b   Thumb Code    12  _printf_oct_int_ll.o(.text)
    _printf_longlong_hex                     0x08004621   Thumb Code    86  _printf_hex_int_ll_ptr.o(.text)
    _printf_int_hex                          0x08004677   Thumb Code    28  _printf_hex_int_ll_ptr.o(.text)
    _printf_ll_hex                           0x08004693   Thumb Code    12  _printf_hex_int_ll_ptr.o(.text)
    _printf_hex_ptr                          0x0800469f   Thumb Code    18  _printf_hex_int_ll_ptr.o(.text)
    _chval                                   0x080046b5   Thumb Code    28  _chval.o(.text)
    __vfscanf_char                           0x080046dd   Thumb Code    24  scanf_char.o(.text)
    _sgetc                                   0x080046fd   Thumb Code    30  _sgetc.o(.text)
    _sbackspace                              0x0800471b   Thumb Code    34  _sgetc.o(.text)
    strtol                                   0x0800473d   Thumb Code   112  strtol.o(.text)
    __aeabi_memcpy4                          0x080047ad   Thumb Code     0  rt_memcpy_w.o(.text)
    __aeabi_memcpy8                          0x080047ad   Thumb Code     0  rt_memcpy_w.o(.text)
    __rt_memcpy_w                            0x080047ad   Thumb Code   100  rt_memcpy_w.o(.text)
    _memcpy_lastbytes_aligned                0x080047f5   Thumb Code     0  rt_memcpy_w.o(.text)
    __user_libspace                          0x08004811   Thumb Code     8  libspace.o(.text)
    __user_perproc_libspace                  0x08004811   Thumb Code     0  libspace.o(.text)
    __user_perthread_libspace                0x08004811   Thumb Code     0  libspace.o(.text)
    __rt_ctype_table                         0x08004819   Thumb Code    16  rt_ctype_table.o(.text)
    __Heap_ProvideMemory                     0x08004829   Thumb Code    52  h1_extend.o(.text)
    _ll_udiv10                               0x0800485d   Thumb Code   138  lludiv10.o(.text)
    isspace                                  0x080048e7   Thumb Code    18  isspace.o(.text)
    __lib_sel_fp_printf                      0x080048f9   Thumb Code     2  _printf_fp_dec.o(.text)
    _printf_fp_dec_real                      0x08004aab   Thumb Code   620  _printf_fp_dec.o(.text)
    _printf_lcs_common                       0x08004d17   Thumb Code    20  _printf_wchar.o(.text)
    _printf_wchar                            0x08004d2b   Thumb Code    16  _printf_wchar.o(.text)
    _printf_wstring                          0x08004d3b   Thumb Code     8  _printf_wchar.o(.text)
    __vfscanf                                0x08004d45   Thumb Code   880  _scanf.o(.text)
    _strtoul                                 0x080050b9   Thumb Code   158  _strtoul.o(.text)
    _wcrtomb                                 0x08005157   Thumb Code    64  _wcrtomb.o(.text)
    __rt_SIGRTMEM                            0x08005197   Thumb Code    14  defsig_rtmem_outer.o(.text)
    __I$use$semihosting                      0x080051a5   Thumb Code     0  use_no_semi.o(.text)
    __use_no_semihosting_swi                 0x080051a5   Thumb Code     2  use_no_semi.o(.text)
    __semihosting_library_function           0x080051a7   Thumb Code     0  indicate_semi.o(.text)
    __user_setup_stackheap                   0x080051a7   Thumb Code    74  sys_stackheap_outer.o(.text)
    __rt_locale                              0x080051f1   Thumb Code     8  rt_locale_intlibspace.o(.text)
    _printf_fp_infnan                        0x080051f9   Thumb Code   112  _printf_fp_infnan.o(.text)
    _btod_etento                             0x08005279   Thumb Code   224  bigflt0.o(.text)
    exit                                     0x0800535d   Thumb Code    18  exit.o(.text)
    __sig_exit                               0x0800536f   Thumb Code    10  defsig_exit.o(.text)
    __rt_SIGRTMEM_inner                      0x08005379   Thumb Code    22  defsig_rtmem_inner.o(.text)
    _sys_exit                                0x080053c9   Thumb Code     8  sys_exit.o(.text)
    __default_signal_display                 0x080053d5   Thumb Code    50  defsig_general.o(.text)
    strcmp                                   0x08005409   Thumb Code   128  strcmpv7m.o(.text)
    _ttywrch                                 0x08005489   Thumb Code    14  sys_wrch.o(.text)
    _btod_d2e                                0x08005497   Thumb Code    62  btod.o(CL$$btod_d2e)
    _d2e_denorm_low                          0x080054d5   Thumb Code    70  btod.o(CL$$btod_d2e_denorm_low)
    _d2e_norm_op1                            0x0800551b   Thumb Code    96  btod.o(CL$$btod_d2e_norm_op1)
    __btod_div_common                        0x0800557b   Thumb Code   696  btod.o(CL$$btod_div_common)
    _e2e                                     0x080058b3   Thumb Code   220  btod.o(CL$$btod_e2e)
    _btod_ediv                               0x0800598f   Thumb Code    42  btod.o(CL$$btod_ediv)
    _btod_emul                               0x080059b9   Thumb Code    42  btod.o(CL$$btod_emul)
    __btod_mult_common                       0x080059e3   Thumb Code   580  btod.o(CL$$btod_mult_common)
    __ARM_fpclassify                         0x08005c27   Thumb Code    40  fpclassify.o(i.__ARM_fpclassify)
    _is_digit                                0x08005c4f   Thumb Code    14  __printf_wp.o(i._is_digit)
    _get_lc_ctype                            0x08005c5d   Thumb Code    44  lc_ctype_c.o(locale$$code)
    _get_lc_numeric                          0x08005c89   Thumb Code    44  lc_numeric_c.o(locale$$code)
    _printf_fp_dec                           0x08005cb5   Thumb Code     4  printf1.o(x$fpl$printf1)
    __I$use$fp                               0x08005cb8   Number         0  usenofp.o(x$fpl$usenofp)
    Region$$Table$$Base                      0x08005f74   Number         0  anon$$obj.o(Region$$Table)
    Region$$Table$$Limit                     0x08005f94   Number         0  anon$$obj.o(Region$$Table)
    __ctype                                  0x08005fa1   Data           0  lc_ctype_c.o(locale$$data)
    SystemCoreClock                          0x20000000   Data           4  system_stm32f10x.o(.data)
    AHBPrescTable                            0x20000004   Data          16  system_stm32f10x.o(.data)
    led_info                                 0x20000014   Data           1  led.o(.data)
    UsCount                                  0x20000016   Data           1  delay_1.o(.data)
    MsCount                                  0x20000018   Data           2  delay_1.o(.data)
    esp8266_cnt                              0x20000030   Data           2  esp8266.o(.data)
    esp8266_cntPre                           0x20000032   Data           2  esp8266.o(.data)
    devid                                    0x20000034   Data          16  onenet.o(.bss)
    key                                      0x20000044   Data          48  onenet.o(.bss)
    esp8266_buf                              0x20000074   Data         512  esp8266.o(.bss)
    __libspace_start                         0x20000274   Data          96  libspace.o(.bss)
    __temporary_stack_top$libspace           0x200002d4   Data           0  libspace.o(.bss)



==============================================================================

Memory Map of the image

  Image Entry point : 0x08000131

  Load Region LR_IROM1 (Base: 0x08000000, Size: 0x000060f4, Max: 0x00080000, ABSOLUTE)

    Execution Region ER_IROM1 (Base: 0x08000000, Size: 0x000060c0, Max: 0x00080000, ABSOLUTE)

    Base Addr    Size         Type   Attr      Idx    E Section Name        Object

    0x08000000   0x00000130   Data   RO          164    RESET               startup_stm32f10x_hd_1.o
    0x08000130   0x00000008   Code   RO          819  * !!!main             c_w.l(__main.o)
    0x08000138   0x00000034   Code   RO         1171    !!!scatter          c_w.l(__scatter.o)
    0x0800016c   0x0000001a   Code   RO         1173    !!handler_copy      c_w.l(__scatter_copy.o)
    0x08000186   0x00000002   PAD
    0x08000188   0x0000001c   Code   RO         1175    !!handler_zi        c_w.l(__scatter_zi.o)
    0x080001a4   0x00000000   Code   RO          790    .ARM.Collect$$_printf_percent$$00000000  c_w.l(_printf_percent.o)
    0x080001a4   0x00000006   Code   RO          903    .ARM.Collect$$_printf_percent$$00000001  c_w.l(_printf_n.o)
    0x080001aa   0x00000006   Code   RO          905    .ARM.Collect$$_printf_percent$$00000002  c_w.l(_printf_p.o)
    0x080001b0   0x00000006   Code   RO          909    .ARM.Collect$$_printf_percent$$00000003  c_w.l(_printf_f.o)
    0x080001b6   0x00000006   Code   RO          910    .ARM.Collect$$_printf_percent$$00000004  c_w.l(_printf_e.o)
    0x080001bc   0x00000006   Code   RO          911    .ARM.Collect$$_printf_percent$$00000005  c_w.l(_printf_g.o)
    0x080001c2   0x00000006   Code   RO          912    .ARM.Collect$$_printf_percent$$00000006  c_w.l(_printf_a.o)
    0x080001c8   0x0000000a   Code   RO          917    .ARM.Collect$$_printf_percent$$00000007  c_w.l(_printf_ll.o)
    0x080001d2   0x00000006   Code   RO          907    .ARM.Collect$$_printf_percent$$00000008  c_w.l(_printf_i.o)
    0x080001d8   0x00000006   Code   RO          789    .ARM.Collect$$_printf_percent$$00000009  c_w.l(_printf_d.o)
    0x080001de   0x00000006   Code   RO          908    .ARM.Collect$$_printf_percent$$0000000A  c_w.l(_printf_u.o)
    0x080001e4   0x00000006   Code   RO          906    .ARM.Collect$$_printf_percent$$0000000B  c_w.l(_printf_o.o)
    0x080001ea   0x00000006   Code   RO          904    .ARM.Collect$$_printf_percent$$0000000C  c_w.l(_printf_x.o)
    0x080001f0   0x00000006   Code   RO          914    .ARM.Collect$$_printf_percent$$0000000D  c_w.l(_printf_lli.o)
    0x080001f6   0x00000006   Code   RO          915    .ARM.Collect$$_printf_percent$$0000000E  c_w.l(_printf_lld.o)
    0x080001fc   0x00000006   Code   RO          916    .ARM.Collect$$_printf_percent$$0000000F  c_w.l(_printf_llu.o)
    0x08000202   0x00000006   Code   RO          921    .ARM.Collect$$_printf_percent$$00000010  c_w.l(_printf_llo.o)
    0x08000208   0x00000006   Code   RO          922    .ARM.Collect$$_printf_percent$$00000011  c_w.l(_printf_llx.o)
    0x0800020e   0x0000000a   Code   RO          918    .ARM.Collect$$_printf_percent$$00000012  c_w.l(_printf_l.o)
    0x08000218   0x00000006   Code   RO          902    .ARM.Collect$$_printf_percent$$00000013  c_w.l(_printf_c.o)
    0x0800021e   0x00000006   Code   RO          788    .ARM.Collect$$_printf_percent$$00000014  c_w.l(_printf_s.o)
    0x08000224   0x00000006   Code   RO          919    .ARM.Collect$$_printf_percent$$00000015  c_w.l(_printf_lc.o)
    0x0800022a   0x00000006   Code   RO          920    .ARM.Collect$$_printf_percent$$00000016  c_w.l(_printf_ls.o)
    0x08000230   0x00000004   Code   RO          913    .ARM.Collect$$_printf_percent$$00000017  c_w.l(_printf_percent_end.o)
    0x08000234   0x00000002   Code   RO         1101    .ARM.Collect$$libinit$$00000000  c_w.l(libinit.o)
    0x08000236   0x00000000   Code   RO          936    .ARM.Collect$$libinit$$00000002  c_w.l(libinit2.o)
    0x08000236   0x00000000   Code   RO          938    .ARM.Collect$$libinit$$00000004  c_w.l(libinit2.o)
    0x08000236   0x00000008   Code   RO          939    .ARM.Collect$$libinit$$00000005  c_w.l(libinit2.o)
    0x0800023e   0x00000000   Code   RO          941    .ARM.Collect$$libinit$$0000000A  c_w.l(libinit2.o)
    0x0800023e   0x00000000   Code   RO          943    .ARM.Collect$$libinit$$0000000C  c_w.l(libinit2.o)
    0x0800023e   0x00000000   Code   RO          945    .ARM.Collect$$libinit$$0000000E  c_w.l(libinit2.o)
    0x0800023e   0x00000006   Code   RO          946    .ARM.Collect$$libinit$$0000000F  c_w.l(libinit2.o)
    0x08000244   0x00000000   Code   RO          948    .ARM.Collect$$libinit$$00000011  c_w.l(libinit2.o)
    0x08000244   0x0000000c   Code   RO          949    .ARM.Collect$$libinit$$00000012  c_w.l(libinit2.o)
    0x08000250   0x00000000   Code   RO          950    .ARM.Collect$$libinit$$00000013  c_w.l(libinit2.o)
    0x08000250   0x00000000   Code   RO          952    .ARM.Collect$$libinit$$00000015  c_w.l(libinit2.o)
    0x08000250   0x0000000a   Code   RO          953    .ARM.Collect$$libinit$$00000016  c_w.l(libinit2.o)
    0x0800025a   0x00000000   Code   RO          954    .ARM.Collect$$libinit$$00000017  c_w.l(libinit2.o)
    0x0800025a   0x00000000   Code   RO          956    .ARM.Collect$$libinit$$00000019  c_w.l(libinit2.o)
    0x0800025a   0x00000000   Code   RO          958    .ARM.Collect$$libinit$$0000001B  c_w.l(libinit2.o)
    0x0800025a   0x00000000   Code   RO          960    .ARM.Collect$$libinit$$0000001D  c_w.l(libinit2.o)
    0x0800025a   0x00000000   Code   RO          962    .ARM.Collect$$libinit$$0000001F  c_w.l(libinit2.o)
    0x0800025a   0x00000000   Code   RO          964    .ARM.Collect$$libinit$$00000021  c_w.l(libinit2.o)
    0x0800025a   0x00000000   Code   RO          966    .ARM.Collect$$libinit$$00000023  c_w.l(libinit2.o)
    0x0800025a   0x00000000   Code   RO          968    .ARM.Collect$$libinit$$00000025  c_w.l(libinit2.o)
    0x0800025a   0x00000000   Code   RO          972    .ARM.Collect$$libinit$$0000002C  c_w.l(libinit2.o)
    0x0800025a   0x00000000   Code   RO          974    .ARM.Collect$$libinit$$0000002E  c_w.l(libinit2.o)
    0x0800025a   0x00000000   Code   RO          976    .ARM.Collect$$libinit$$00000030  c_w.l(libinit2.o)
    0x0800025a   0x00000000   Code   RO          978    .ARM.Collect$$libinit$$00000032  c_w.l(libinit2.o)
    0x0800025a   0x00000002   Code   RO          979    .ARM.Collect$$libinit$$00000033  c_w.l(libinit2.o)
    0x0800025c   0x00000002   Code   RO         1168    .ARM.Collect$$libshutdown$$00000000  c_w.l(libshutdown.o)
    0x0800025e   0x00000000   Code   RO         1122    .ARM.Collect$$libshutdown$$00000002  c_w.l(libshutdown2.o)
    0x0800025e   0x00000000   Code   RO         1124    .ARM.Collect$$libshutdown$$00000004  c_w.l(libshutdown2.o)
    0x0800025e   0x00000000   Code   RO         1126    .ARM.Collect$$libshutdown$$00000006  c_w.l(libshutdown2.o)
    0x0800025e   0x00000000   Code   RO         1129    .ARM.Collect$$libshutdown$$00000009  c_w.l(libshutdown2.o)
    0x0800025e   0x00000000   Code   RO         1132    .ARM.Collect$$libshutdown$$0000000C  c_w.l(libshutdown2.o)
    0x0800025e   0x00000000   Code   RO         1134    .ARM.Collect$$libshutdown$$0000000E  c_w.l(libshutdown2.o)
    0x0800025e   0x00000000   Code   RO         1137    .ARM.Collect$$libshutdown$$00000011  c_w.l(libshutdown2.o)
    0x0800025e   0x00000002   Code   RO         1138    .ARM.Collect$$libshutdown$$00000012  c_w.l(libshutdown2.o)
    0x08000260   0x00000000   Code   RO          823    .ARM.Collect$$rtentry$$00000000  c_w.l(__rtentry.o)
    0x08000260   0x00000000   Code   RO          988    .ARM.Collect$$rtentry$$00000002  c_w.l(__rtentry2.o)
    0x08000260   0x00000006   Code   RO         1000    .ARM.Collect$$rtentry$$00000004  c_w.l(__rtentry4.o)
    0x08000266   0x00000000   Code   RO          990    .ARM.Collect$$rtentry$$00000009  c_w.l(__rtentry2.o)
    0x08000266   0x00000004   Code   RO          991    .ARM.Collect$$rtentry$$0000000A  c_w.l(__rtentry2.o)
    0x0800026a   0x00000000   Code   RO          993    .ARM.Collect$$rtentry$$0000000C  c_w.l(__rtentry2.o)
    0x0800026a   0x00000008   Code   RO          994    .ARM.Collect$$rtentry$$0000000D  c_w.l(__rtentry2.o)
    0x08000272   0x00000002   Code   RO         1109    .ARM.Collect$$rtexit$$00000000  c_w.l(rtexit.o)
    0x08000274   0x00000000   Code   RO         1142    .ARM.Collect$$rtexit$$00000002  c_w.l(rtexit2.o)
    0x08000274   0x00000004   Code   RO         1143    .ARM.Collect$$rtexit$$00000003  c_w.l(rtexit2.o)
    0x08000278   0x00000006   Code   RO         1144    .ARM.Collect$$rtexit$$00000004  c_w.l(rtexit2.o)
    0x0800027e   0x00000002   PAD
    0x08000280   0x00000000   Code   RO         1006    .emb_text           c_w.l(maybetermalloc1.o)
    0x08000280   0x0000010c   Code   RO            1    .text               main.o
    0x0800038c   0x0000001a   Code   RO          129    .text               stm32f10x_it.o
    0x080003a6   0x00000002   PAD
    0x080003a8   0x000001e0   Code   RO          144    .text               system_stm32f10x.o
    0x08000588   0x00000040   Code   RO          165    .text               startup_stm32f10x_hd_1.o
    0x080005c8   0x0000004c   Code   RO          170    .text               led.o
    0x08000614   0x000000a8   Code   RO          214    .text               key.o
    0x080006bc   0x000000f4   Code   RO          226    .text               delay_1.o
    0x080007b0   0x000001e8   Code   RO          260    .text               usart.o
    0x08000998   0x000000dc   Code   RO          289    .text               misc.o
    0x08000a74   0x0000035c   Code   RO          301    .text               stm32f10x_gpio.o
    0x08000dd0   0x000003a4   Code   RO          313    .text               stm32f10x_rcc.o
    0x08001174   0x00000408   Code   RO          339    .text               stm32f10x_usart.o
    0x0800157c   0x0000011c   Code   RO          351    .text               stm32f10x_exti.o
    0x08001698   0x00000486   Code   RO          567    .text               hmac_sha1.o
    0x08001b1e   0x00000002   PAD
    0x08001b20   0x00000b70   Code   RO          592    .text               onenet.o
    0x08002690   0x000002b0   Code   RO          632    .text               base64.o
    0x08002940   0x00000e00   Code   RO          653    .text               mqttkit.o
    0x08003740   0x00000290   Code   RO          668    .text               esp8266.o
    0x080039d0   0x0000005e   Code   RO          694    .text               c_w.l(h1_alloc.o)
    0x08003a2e   0x0000004e   Code   RO          696    .text               c_w.l(h1_free.o)
    0x08003a7c   0x00000034   Code   RO          752    .text               c_w.l(c89vsnprintf.o)
    0x08003ab0   0x0000002c   Code   RO          754    .text               c_w.l(__2sprintf.o)
    0x08003adc   0x00000038   Code   RO          756    .text               c_w.l(__2snprintf.o)
    0x08003b14   0x00000052   Code   RO          764    .text               c_w.l(_printf_str.o)
    0x08003b66   0x00000002   PAD
    0x08003b68   0x00000078   Code   RO          766    .text               c_w.l(_printf_dec.o)
    0x08003be0   0x00000188   Code   RO          785    .text               c_w.l(__printf_flags_ss_wp.o)
    0x08003d68   0x0000003c   Code   RO          791    .text               c_w.l(__0sscanf.o)
    0x08003da4   0x0000014c   Code   RO          793    .text               c_w.l(_scanf_int.o)
    0x08003ef0   0x000000e0   Code   RO          795    .text               c_w.l(_scanf_str.o)
    0x08003fd0   0x0000001a   Code   RO          797    .text               c_w.l(atoi.o)
    0x08003fea   0x00000014   Code   RO          799    .text               c_w.l(strchr.o)
    0x08003ffe   0x00000024   Code   RO          801    .text               c_w.l(strncat.o)
    0x08004022   0x00000024   Code   RO          803    .text               c_w.l(strstr.o)
    0x08004046   0x00000048   Code   RO          805    .text               c_w.l(strcpy.o)
    0x0800408e   0x0000003e   Code   RO          807    .text               c_w.l(strlen.o)
    0x080040cc   0x00000018   Code   RO          809    .text               c_w.l(strcat.o)
    0x080040e4   0x0000008a   Code   RO          811    .text               c_w.l(rt_memcpy_v6.o)
    0x0800416e   0x00000044   Code   RO          813    .text               c_w.l(rt_memclr.o)
    0x080041b2   0x0000004e   Code   RO          815    .text               c_w.l(rt_memclr_w.o)
    0x08004200   0x00000006   Code   RO          817    .text               c_w.l(heapauxi.o)
    0x08004206   0x00000002   PAD
    0x08004208   0x00000008   Code   RO          827    .text               c_w.l(rt_heap_descriptor_intlibspace.o)
    0x08004210   0x00000008   Code   RO          832    .text               c_w.l(rt_errno_addr_intlibspace.o)
    0x08004218   0x00000004   Code   RO          834    .text               c_w.l(hguard.o)
    0x0800421c   0x0000008a   Code   RO          836    .text               c_w.l(init_alloc.o)
    0x080042a6   0x0000000e   Code   RO          840    .text               c_w.l(h1_init.o)
    0x080042b4   0x0000004e   Code   RO          854    .text               c_w.l(_printf_pad.o)
    0x08004302   0x00000024   Code   RO          856    .text               c_w.l(_printf_truncate.o)
    0x08004326   0x000000b2   Code   RO          858    .text               c_w.l(_printf_intcommon.o)
    0x080043d8   0x00000028   Code   RO          860    .text               c_w.l(_printf_charcount.o)
    0x08004400   0x00000030   Code   RO          862    .text               c_w.l(_printf_char_common.o)
    0x08004430   0x0000000a   Code   RO          864    .text               c_w.l(_sputc.o)
    0x0800443a   0x00000010   Code   RO          866    .text               c_w.l(_snputc.o)
    0x0800444a   0x0000002c   Code   RO          868    .text               c_w.l(_printf_char.o)
    0x08004476   0x00000002   PAD
    0x08004478   0x000000bc   Code   RO          870    .text               c_w.l(_printf_wctomb.o)
    0x08004534   0x0000007c   Code   RO          873    .text               c_w.l(_printf_longlong_dec.o)
    0x080045b0   0x00000070   Code   RO          879    .text               c_w.l(_printf_oct_int_ll.o)
    0x08004620   0x00000094   Code   RO          899    .text               c_w.l(_printf_hex_int_ll_ptr.o)
    0x080046b4   0x0000001c   Code   RO          923    .text               c_w.l(_chval.o)
    0x080046d0   0x0000002c   Code   RO          925    .text               c_w.l(scanf_char.o)
    0x080046fc   0x00000040   Code   RO          927    .text               c_w.l(_sgetc.o)
    0x0800473c   0x00000070   Code   RO          929    .text               c_w.l(strtol.o)
    0x080047ac   0x00000064   Code   RO          931    .text               c_w.l(rt_memcpy_w.o)
    0x08004810   0x00000008   Code   RO          984    .text               c_w.l(libspace.o)
    0x08004818   0x00000010   Code   RO         1002    .text               c_w.l(rt_ctype_table.o)
    0x08004828   0x00000034   Code   RO         1008    .text               c_w.l(h1_extend.o)
    0x0800485c   0x0000008a   Code   RO         1012    .text               c_w.l(lludiv10.o)
    0x080048e6   0x00000012   Code   RO         1014    .text               c_w.l(isspace.o)
    0x080048f8   0x0000041e   Code   RO         1016    .text               c_w.l(_printf_fp_dec.o)
    0x08004d16   0x0000002c   Code   RO         1020    .text               c_w.l(_printf_wchar.o)
    0x08004d42   0x00000002   PAD
    0x08004d44   0x00000374   Code   RO         1022    .text               c_w.l(_scanf.o)
    0x080050b8   0x0000009e   Code   RO         1024    .text               c_w.l(_strtoul.o)
    0x08005156   0x00000040   Code   RO         1026    .text               c_w.l(_wcrtomb.o)
    0x08005196   0x0000000e   Code   RO         1028    .text               c_w.l(defsig_rtmem_outer.o)
    0x080051a4   0x00000002   Code   RO         1039    .text               c_w.l(use_no_semi.o)
    0x080051a6   0x00000000   Code   RO         1041    .text               c_w.l(indicate_semi.o)
    0x080051a6   0x0000004a   Code   RO         1042    .text               c_w.l(sys_stackheap_outer.o)
    0x080051f0   0x00000008   Code   RO         1049    .text               c_w.l(rt_locale_intlibspace.o)
    0x080051f8   0x00000080   Code   RO         1053    .text               c_w.l(_printf_fp_infnan.o)
    0x08005278   0x000000e4   Code   RO         1055    .text               c_w.l(bigflt0.o)
    0x0800535c   0x00000012   Code   RO         1086    .text               c_w.l(exit.o)
    0x0800536e   0x0000000a   Code   RO         1088    .text               c_w.l(defsig_exit.o)
    0x08005378   0x00000050   Code   RO         1090    .text               c_w.l(defsig_rtmem_inner.o)
    0x080053c8   0x0000000c   Code   RO         1107    .text               c_w.l(sys_exit.o)
    0x080053d4   0x00000032   Code   RO         1117    .text               c_w.l(defsig_general.o)
    0x08005406   0x00000002   PAD
    0x08005408   0x00000080   Code   RO         1119    .text               c_w.l(strcmpv7m.o)
    0x08005488   0x0000000e   Code   RO         1139    .text               c_w.l(sys_wrch.o)
    0x08005496   0x0000003e   Code   RO         1058    CL$$btod_d2e        c_w.l(btod.o)
    0x080054d4   0x00000046   Code   RO         1060    CL$$btod_d2e_denorm_low  c_w.l(btod.o)
    0x0800551a   0x00000060   Code   RO         1059    CL$$btod_d2e_norm_op1  c_w.l(btod.o)
    0x0800557a   0x00000338   Code   RO         1068    CL$$btod_div_common  c_w.l(btod.o)
    0x080058b2   0x000000dc   Code   RO         1065    CL$$btod_e2e        c_w.l(btod.o)
    0x0800598e   0x0000002a   Code   RO         1062    CL$$btod_ediv       c_w.l(btod.o)
    0x080059b8   0x0000002a   Code   RO         1061    CL$$btod_emul       c_w.l(btod.o)
    0x080059e2   0x00000244   Code   RO         1067    CL$$btod_mult_common  c_w.l(btod.o)
    0x08005c26   0x00000028   Code   RO         1105    i.__ARM_fpclassify  m_ws.l(fpclassify.o)
    0x08005c4e   0x0000000e   Code   RO          778    i._is_digit         c_w.l(__printf_wp.o)
    0x08005c5c   0x0000002c   Code   RO         1081    locale$$code        c_w.l(lc_ctype_c.o)
    0x08005c88   0x0000002c   Code   RO         1084    locale$$code        c_w.l(lc_numeric_c.o)
    0x08005cb4   0x00000004   Code   RO          980    x$fpl$printf1       fz_ws.l(printf1.o)
    0x08005cb8   0x00000000   Code   RO         1104    x$fpl$usenofp       fz_ws.l(usenofp.o)
    0x08005cb8   0x000000c0   Data   RO          633    .constdata          base64.o
    0x08005d78   0x00000011   Data   RO          786    .constdata          c_w.l(__printf_flags_ss_wp.o)
    0x08005d89   0x00000003   PAD
    0x08005d8c   0x00000008   Data   RO          871    .constdata          c_w.l(_printf_wctomb.o)
    0x08005d94   0x00000028   Data   RO          900    .constdata          c_w.l(_printf_hex_int_ll_ptr.o)
    0x08005dbc   0x00000094   Data   RO         1056    .constdata          c_w.l(bigflt0.o)
    0x08005e50   0x00000123   Data   RO          594    .conststring        onenet.o
    0x08005f73   0x00000001   PAD
    0x08005f74   0x00000020   Data   RO         1169    Region$$Table       anon$$obj.o
    0x08005f94   0x00000110   Data   RO         1080    locale$$data        c_w.l(lc_ctype_c.o)
    0x080060a4   0x0000001c   Data   RO         1083    locale$$data        c_w.l(lc_numeric_c.o)


    Execution Region RW_IRAM1 (Base: 0x20000000, Size: 0x00000cd8, Max: 0x00010000, ABSOLUTE)

    Base Addr    Size         Type   Attr      Idx    E Section Name        Object

    0x20000000   0x00000014   Data   RW          145    .data               system_stm32f10x.o
    0x20000014   0x00000001   Data   RW          171    .data               led.o
    0x20000015   0x00000001   PAD
    0x20000016   0x00000004   Data   RW          227    .data               delay_1.o
    0x2000001a   0x00000014   Data   RW          314    .data               stm32f10x_rcc.o
    0x2000002e   0x00000002   Data   RW          595    .data               onenet.o
    0x20000030   0x00000004   Data   RW          670    .data               esp8266.o
    0x20000034   0x00000040   Zero   RW          593    .bss                onenet.o
    0x20000074   0x00000200   Zero   RW          669    .bss                esp8266.o
    0x20000274   0x00000060   Zero   RW          985    .bss                c_w.l(libspace.o)
    0x200002d4   0x00000004   PAD
    0x200002d8   0x00000200   Zero   RW          163    HEAP                startup_stm32f10x_hd_1.o
    0x200004d8   0x00000800   Zero   RW          162    STACK               startup_stm32f10x_hd_1.o


==============================================================================

Image component sizes


      Code (inc. data)   RO Data    RW Data    ZI Data      Debug   Object Name

       688          8        192          0          0       3050   base64.o
       244         10          0          4          0       1420   delay_1.o
       656        204          0          4        512       2831   esp8266.o
      1158         28          0          0          0       3168   hmac_sha1.o
       168         10          0          0          0        704   key.o
        76          8          0          1          0     208002   led.o
       268        142          0          0          0      28249   main.o
       220         22          0          0          0       1745   misc.o
      3584         66          0          0          0      14719   mqttkit.o
      2928       1176        291          2         64       7434   onenet.o
        64         26        304          0       2560        800   startup_stm32f10x_hd_1.o
       284         10          0          0          0       2203   stm32f10x_exti.o
       860         38          0          0          0       5681   stm32f10x_gpio.o
        26          0          0          0          0       1154   stm32f10x_it.o
       932         36          0         20          0       8836   stm32f10x_rcc.o
      1032         22          0          0          0       8404   stm32f10x_usart.o
       480         38          0         20          0       1659   system_stm32f10x.o
       488         14          0          0          0       2893   usart.o

    ----------------------------------------------------------------------
     14160       1858        820         52       3136     302952   Object Totals
         0          0         32          0          0          0   (incl. Generated)
         4          0          1          1          0          0   (incl. Padding)

    ----------------------------------------------------------------------

      Code (inc. data)   RO Data    RW Data    ZI Data      Debug   Library Member Name

        60          8          0          0          0         84   __0sscanf.o
        56          6          0          0          0         88   __2snprintf.o
        44          6          0          0          0         84   __2sprintf.o
         8          0          0          0          0         68   __main.o
       392          4         17          0          0         92   __printf_flags_ss_wp.o
        14          0          0          0          0         68   __printf_wp.o
         0          0          0          0          0          0   __rtentry.o
        12          0          0          0          0          0   __rtentry2.o
         6          0          0          0          0          0   __rtentry4.o
        52          8          0          0          0          0   __scatter.o
        26          0          0          0          0          0   __scatter_copy.o
        28          0          0          0          0          0   __scatter_zi.o
        28          0          0          0          0         68   _chval.o
         6          0          0          0          0          0   _printf_a.o
         6          0          0          0          0          0   _printf_c.o
        44          0          0          0          0        108   _printf_char.o
        48          6          0          0          0         96   _printf_char_common.o
        40          0          0          0          0         68   _printf_charcount.o
         6          0          0          0          0          0   _printf_d.o
       120         16          0          0          0         92   _printf_dec.o
         6          0          0          0          0          0   _printf_e.o
         6          0          0          0          0          0   _printf_f.o
      1054          0          0          0          0        216   _printf_fp_dec.o
       128         16          0          0          0         84   _printf_fp_infnan.o
         6          0          0          0          0          0   _printf_g.o
       148          4         40          0          0        160   _printf_hex_int_ll_ptr.o
         6          0          0          0          0          0   _printf_i.o
       178          0          0          0          0         88   _printf_intcommon.o
        10          0          0          0          0          0   _printf_l.o
         6          0          0          0          0          0   _printf_lc.o
        10          0          0          0          0          0   _printf_ll.o
         6          0          0          0          0          0   _printf_lld.o
         6          0          0          0          0          0   _printf_lli.o
         6          0          0          0          0          0   _printf_llo.o
         6          0          0          0          0          0   _printf_llu.o
         6          0          0          0          0          0   _printf_llx.o
       124         16          0          0          0         92   _printf_longlong_dec.o
         6          0          0          0          0          0   _printf_ls.o
         6          0          0          0          0          0   _printf_n.o
         6          0          0          0          0          0   _printf_o.o
       112         10          0          0          0        124   _printf_oct_int_ll.o
         6          0          0          0          0          0   _printf_p.o
        78          0          0          0          0        108   _printf_pad.o
         0          0          0          0          0          0   _printf_percent.o
         4          0          0          0          0          0   _printf_percent_end.o
         6          0          0          0          0          0   _printf_s.o
        82          0          0          0          0         80   _printf_str.o
        36          0          0          0          0         84   _printf_truncate.o
         6          0          0          0          0          0   _printf_u.o
        44          0          0          0          0        108   _printf_wchar.o
       188          6          8          0          0         92   _printf_wctomb.o
         6          0          0          0          0          0   _printf_x.o
       884          4          0          0          0        100   _scanf.o
       332          0          0          0          0         96   _scanf_int.o
       224          0          0          0          0         96   _scanf_str.o
        64          0          0          0          0         84   _sgetc.o
        16          0          0          0          0         68   _snputc.o
        10          0          0          0          0         68   _sputc.o
       158          0          0          0          0         92   _strtoul.o
        64          0          0          0          0         92   _wcrtomb.o
        26          0          0          0          0         80   atoi.o
       228          4        148          0          0         96   bigflt0.o
      1936        128          0          0          0        672   btod.o
        52          4          0          0          0         80   c89vsnprintf.o
        10          0          0          0          0         68   defsig_exit.o
        50          0          0          0          0         88   defsig_general.o
        80         58          0          0          0         76   defsig_rtmem_inner.o
        14          0          0          0          0         80   defsig_rtmem_outer.o
        18          0          0          0          0         80   exit.o
        94          0          0          0          0         80   h1_alloc.o
        52          0          0          0          0         68   h1_extend.o
        78          0          0          0          0         80   h1_free.o
        14          0          0          0          0         84   h1_init.o
         6          0          0          0          0        152   heapauxi.o
         4          0          0          0          0        136   hguard.o
         0          0          0          0          0          0   indicate_semi.o
       138          0          0          0          0        168   init_alloc.o
        18          0          0          0          0         76   isspace.o
        44         10        272          0          0         76   lc_ctype_c.o
        44         10         28          0          0         76   lc_numeric_c.o
         2          0          0          0          0          0   libinit.o
        38          0          0          0          0          0   libinit2.o
         2          0          0          0          0          0   libshutdown.o
         2          0          0          0          0          0   libshutdown2.o
         8          4          0          0         96         68   libspace.o
       138          0          0          0          0         80   lludiv10.o
         0          0          0          0          0          0   maybetermalloc1.o
        16          4          0          0          0         76   rt_ctype_table.o
         8          4          0          0          0         68   rt_errno_addr_intlibspace.o
         8          4          0          0          0         68   rt_heap_descriptor_intlibspace.o
         8          4          0          0          0         68   rt_locale_intlibspace.o
        68          0          0          0          0         68   rt_memclr.o
        78          0          0          0          0         80   rt_memclr_w.o
       138          0          0          0          0         68   rt_memcpy_v6.o
       100          0          0          0          0         80   rt_memcpy_w.o
         2          0          0          0          0          0   rtexit.o
        10          0          0          0          0          0   rtexit2.o
        44          8          0          0          0         84   scanf_char.o
        24          0          0          0          0         68   strcat.o
        20          0          0          0          0         68   strchr.o
       128          0          0          0          0         68   strcmpv7m.o
        72          0          0          0          0         80   strcpy.o
        62          0          0          0          0         76   strlen.o
        36          0          0          0          0         76   strncat.o
        36          0          0          0          0         80   strstr.o
       112          0          0          0          0         88   strtol.o
        12          4          0          0          0         68   sys_exit.o
        74          0          0          0          0         80   sys_stackheap_outer.o
        14          0          0          0          0         76   sys_wrch.o
         2          0          0          0          0         68   use_no_semi.o
         4          0          0          0          0         68   printf1.o
         0          0          0          0          0          0   usenofp.o
        40          0          0          0          0         68   fpclassify.o

    ----------------------------------------------------------------------
      9272        356        516          0        100       7004   Library Totals
        14          0          3          0          4          0   (incl. Padding)

    ----------------------------------------------------------------------

      Code (inc. data)   RO Data    RW Data    ZI Data      Debug   Library Name

      9214        356        513          0         96       6868   c_w.l
         4          0          0          0          0         68   fz_ws.l
        40          0          0          0          0         68   m_ws.l

    ----------------------------------------------------------------------
      9272        356        516          0        100       7004   Library Totals

    ----------------------------------------------------------------------

==============================================================================


      Code (inc. data)   RO Data    RW Data    ZI Data      Debug   

     23432       2214       1336         52       3236     304440   Grand Totals
     23432       2214       1336         52       3236     304440   ELF Image Totals
     23432       2214       1336         52          0          0   ROM Totals

==============================================================================

    Total RO  Size (Code + RO Data)                24768 (  24.19kB)
    Total RW  Size (RW Data + ZI Data)              3288 (   3.21kB)
    Total ROM Size (Code + RO Data + RW Data)      24820 (  24.24kB)

==============================================================================

