<html>
<body>
<pre>
<h1>礦ision Build Log</h1>
<h2>Tool Versions:</h2>
IDE-Version: μVision V5.14.1
Copyright (C) 2015 ARM Ltd and ARM Germany GmbH. All rights reserved.
License Information: Cortex-M3, 1, LIC=HN0AE-5XRL0-FW12N-YKLKH-CYLST-G8V3E
 
Tool Versions:
Toolchain:       MDK-ARM Standard  Version: 5.33.0.0
Toolchain Path:  D:\Keil5\keil5\ARM\ARMCC\Bin
C Compiler:      Armcc.exe V5.06 update 7 (build 960)
Assembler:       Armasm.exe V5.06 update 7 (build 960)
Linker/Locator:  ArmLink.exe V5.06 update 7 (build 960)
Library Manager: ArmAr.exe V5.06 update 7 (build 960)
Hex Converter:   FromElf.exe V5.06 update 7 (build 960)
CPU DLL:         SARMCM3.DLL V5.33.0.0
Dialog DLL:      DARMSTM.DLL V1.68.0.0
Target DLL:      Segger\JL2CM3.dll V2.99.38.0
Dialog DLL:      TARMSTM.DLL V1.66.0.0
 
<h2>Project:</h2>
D:\界面\实现过程——与视频小节对应，有助于分步学习和理解\P7设备登录\stm32f103.uvprojx
Project File Date:  11/25/2023

<h2>Output:</h2>
*** Using Compiler 'V5.06 update 7 (build 960)', folder: 'D:\Keil5\keil5\ARM\ARMCC\Bin'
Build target 'STM32F103'
compiling onenet.c...
linking...
Program Size: Code=23564 RO-data=1268 RW-data=52 ZI-data=3236  
FromELF: creating hex file...
".\output\stm32f103.axf" - 0 Error(s), 0 Warning(s).

<h2>Software Packages used:</h2>

Package Vendor: ARM
                http://www.keil.com/pack/ARM.CMSIS.5.7.0.pack
                ARM::CMSIS:CORE:5.4.0
                CMSIS (Cortex Microcontroller Software Interface Standard)
   * Component: CORE Version: 5.4.0

<h2>Collection of Component include folders:</h2>
  D:\界面\实现过程——与视频小节对应，有助于分步学习和理解\P7设备登录\RTE
  D:\Keil5\keil5\bao\ARM\CMSIS\5.7.0\CMSIS\Core\Include
  D:\Keil5\keil5\bao\Keil\STM32F1xx_DFP\2.3.0\Device\Include

<h2>Collection of Component Files used:</h2>

   * Component: ARM::CMSIS:CORE:5.4.0
      Include file:  CMSIS\Core\Include\tz_context.h
      Source file:   CMSIS\Core\Template\ARMv8-M\main_s.c
      Source file:   CMSIS\Core\Template\ARMv8-M\tz_context.c
</pre>
</body>
</html>
