<html>
<body>
<pre>
<h1>礦ision Build Log</h1>
<h2>Tool Versions:</h2>
IDE-Version: μVision V5.14.1
Copyright (C) 2015 ARM Ltd and ARM Germany GmbH. All rights reserved.
License Information: Cortex-M3, 1, LIC=HN0AE-5XRL0-FW12N-YKLKH-CYLST-G8V3E
 
Tool Versions:
Toolchain:       MDK-ARM Standard  Version: 5.33.0.0
Toolchain Path:  D:\Keil5\keil5\ARM\ARMCC\Bin
C Compiler:      Armcc.exe V5.06 update 7 (build 960)
Assembler:       Armasm.exe V5.06 update 7 (build 960)
Linker/Locator:  ArmLink.exe V5.06 update 7 (build 960)
Library Manager: ArmAr.exe V5.06 update 7 (build 960)
Hex Converter:   FromElf.exe V5.06 update 7 (build 960)
CPU DLL:         SARMCM3.DLL V5.33.0.0
Dialog DLL:      DCM.DLL V1.17.3.0
Target DLL:      Segger\JL2CM3.dll V2.99.38.0
Dialog DLL:      TCM.DLL V1.48.0.0
 
<h2>Project:</h2>
D:\界面\wifi连接 数据接收\Project.uvprojx
Project File Date:  12/10/2023

<h2>Output:</h2>
*** Using Compiler 'V5.06 update 7 (build 960)', folder: 'D:\Keil5\keil5\ARM\ARMCC\Bin'
Build target 'Target 1'
compiling onenet.c...
ENT\onenet.c(536): warning:  #177-D: variable "data_ptr"  was declared but never referenced
                                char *data_ptr = NULL;
ENT\onenet.c: 1 warning, 0 errors
linking...
Program Size: Code=26684 RO-data=1236 RW-data=48 ZI-data=3168  
".\Objects\Project.axf" - 0 Error(s), 1 Warning(s).

<h2>Collection of Component include folders:</h2>
  D:\界面\wifi连接 数据接收\RTE
  D:\Keil5\keil5\bao\Keil\STM32F1xx_DFP\2.3.0\Device\Include

<h2>Collection of Component Files used:</h2>
</pre>
</body>
</html>
