Component: ARM Compiler 5.06 update 7 (build 960) Tool: armlink [4d3601]

==============================================================================

Section Cross References

    startup_stm32f10x_md.o(STACK) refers (Special) to heapauxi.o(.text) for __use_two_region_memory
    startup_stm32f10x_md.o(HEAP) refers (Special) to heapauxi.o(.text) for __use_two_region_memory
    startup_stm32f10x_md.o(RESET) refers (Special) to heapauxi.o(.text) for __use_two_region_memory
    startup_stm32f10x_md.o(RESET) refers to startup_stm32f10x_md.o(STACK) for __initial_sp
    startup_stm32f10x_md.o(RESET) refers to startup_stm32f10x_md.o(.text) for Reset_Handler
    startup_stm32f10x_md.o(RESET) refers to stm32f10x_it.o(i.NMI_Handler) for NMI_Handler
    startup_stm32f10x_md.o(RESET) refers to stm32f10x_it.o(i.HardFault_Handler) for HardFault_Handler
    startup_stm32f10x_md.o(RESET) refers to stm32f10x_it.o(i.MemManage_Handler) for MemManage_Handler
    startup_stm32f10x_md.o(RESET) refers to stm32f10x_it.o(i.BusFault_Handler) for BusFault_Handler
    startup_stm32f10x_md.o(RESET) refers to stm32f10x_it.o(i.UsageFault_Handler) for UsageFault_Handler
    startup_stm32f10x_md.o(RESET) refers to stm32f10x_it.o(i.SVC_Handler) for SVC_Handler
    startup_stm32f10x_md.o(RESET) refers to stm32f10x_it.o(i.DebugMon_Handler) for DebugMon_Handler
    startup_stm32f10x_md.o(RESET) refers to stm32f10x_it.o(i.PendSV_Handler) for PendSV_Handler
    startup_stm32f10x_md.o(RESET) refers to stm32f10x_it.o(i.SysTick_Handler) for SysTick_Handler
    startup_stm32f10x_md.o(RESET) refers to usart.o(i.USART1_IRQHandler) for USART1_IRQHandler
    startup_stm32f10x_md.o(RESET) refers to esp8266.o(i.USART2_IRQHandler) for USART2_IRQHandler
    startup_stm32f10x_md.o(.text) refers (Special) to heapauxi.o(.text) for __use_two_region_memory
    startup_stm32f10x_md.o(.text) refers to system_stm32f10x.o(i.SystemInit) for SystemInit
    startup_stm32f10x_md.o(.text) refers to __main.o(!!!main) for __main
    startup_stm32f10x_md.o(.text) refers to startup_stm32f10x_md.o(HEAP) for Heap_Mem
    startup_stm32f10x_md.o(.text) refers to startup_stm32f10x_md.o(STACK) for Stack_Mem
    system_stm32f10x.o(i.SetSysClock) refers to system_stm32f10x.o(i.SetSysClockTo72) for SetSysClockTo72
    system_stm32f10x.o(i.SystemCoreClockUpdate) refers to system_stm32f10x.o(.data) for SystemCoreClock
    system_stm32f10x.o(i.SystemInit) refers to system_stm32f10x.o(i.SetSysClock) for SetSysClock
    stm32f10x_adc.o(i.ADC_DeInit) refers to stm32f10x_rcc.o(i.RCC_APB2PeriphResetCmd) for RCC_APB2PeriphResetCmd
    stm32f10x_bkp.o(i.BKP_DeInit) refers to stm32f10x_rcc.o(i.RCC_BackupResetCmd) for RCC_BackupResetCmd
    stm32f10x_can.o(i.CAN_DeInit) refers to stm32f10x_rcc.o(i.RCC_APB1PeriphResetCmd) for RCC_APB1PeriphResetCmd
    stm32f10x_can.o(i.CAN_GetITStatus) refers to stm32f10x_can.o(i.CheckITStatus) for CheckITStatus
    stm32f10x_cec.o(i.CEC_DeInit) refers to stm32f10x_rcc.o(i.RCC_APB1PeriphResetCmd) for RCC_APB1PeriphResetCmd
    stm32f10x_dac.o(i.DAC_DeInit) refers to stm32f10x_rcc.o(i.RCC_APB1PeriphResetCmd) for RCC_APB1PeriphResetCmd
    stm32f10x_flash.o(i.FLASH_EnableWriteProtection) refers to stm32f10x_flash.o(i.FLASH_WaitForLastOperation) for FLASH_WaitForLastOperation
    stm32f10x_flash.o(i.FLASH_EraseAllBank1Pages) refers to stm32f10x_flash.o(i.FLASH_WaitForLastBank1Operation) for FLASH_WaitForLastBank1Operation
    stm32f10x_flash.o(i.FLASH_EraseAllPages) refers to stm32f10x_flash.o(i.FLASH_WaitForLastOperation) for FLASH_WaitForLastOperation
    stm32f10x_flash.o(i.FLASH_EraseOptionBytes) refers to stm32f10x_flash.o(i.FLASH_GetReadOutProtectionStatus) for FLASH_GetReadOutProtectionStatus
    stm32f10x_flash.o(i.FLASH_EraseOptionBytes) refers to stm32f10x_flash.o(i.FLASH_WaitForLastOperation) for FLASH_WaitForLastOperation
    stm32f10x_flash.o(i.FLASH_ErasePage) refers to stm32f10x_flash.o(i.FLASH_WaitForLastOperation) for FLASH_WaitForLastOperation
    stm32f10x_flash.o(i.FLASH_ProgramHalfWord) refers to stm32f10x_flash.o(i.FLASH_WaitForLastOperation) for FLASH_WaitForLastOperation
    stm32f10x_flash.o(i.FLASH_ProgramOptionByteData) refers to stm32f10x_flash.o(i.FLASH_WaitForLastOperation) for FLASH_WaitForLastOperation
    stm32f10x_flash.o(i.FLASH_ProgramWord) refers to stm32f10x_flash.o(i.FLASH_WaitForLastOperation) for FLASH_WaitForLastOperation
    stm32f10x_flash.o(i.FLASH_ReadOutProtection) refers to stm32f10x_flash.o(i.FLASH_WaitForLastOperation) for FLASH_WaitForLastOperation
    stm32f10x_flash.o(i.FLASH_UserOptionByteConfig) refers to stm32f10x_flash.o(i.FLASH_WaitForLastOperation) for FLASH_WaitForLastOperation
    stm32f10x_flash.o(i.FLASH_WaitForLastBank1Operation) refers to stm32f10x_flash.o(i.FLASH_GetBank1Status) for FLASH_GetBank1Status
    stm32f10x_flash.o(i.FLASH_WaitForLastOperation) refers to stm32f10x_flash.o(i.FLASH_GetBank1Status) for FLASH_GetBank1Status
[...]
    i.parse_hex4                             0x08004934   Section        0  cjson.o(i.parse_hex4)
    parse_hex4                               0x08004935   Thumb Code   276  cjson.o(i.parse_hex4)
    i.parse_number                           0x08004a48   Section        0  cjson.o(i.parse_number)
    parse_number                             0x08004a49   Thumb Code   432  cjson.o(i.parse_number)
    i.parse_object                           0x08004c04   Section        0  cjson.o(i.parse_object)
    parse_object                             0x08004c05   Thumb Code   270  cjson.o(i.parse_object)
    i.parse_string                           0x08004d18   Section        0  cjson.o(i.parse_string)
    parse_string                             0x08004d19   Thumb Code   448  cjson.o(i.parse_string)
    i.parse_value                            0x08004ee4   Section        0  cjson.o(i.parse_value)
    parse_value                              0x08004ee5   Thumb Code   158  cjson.o(i.parse_value)
    i.pow                                    0x08004fa0   Section        0  pow.o(i.pow)
    i.rotl                                   0x08005978   Section        0  hmac_sha1.o(i.rotl)
    i.sha1                                   0x080059a8   Section        0  hmac_sha1.o(i.sha1)
    i.skip                                   0x08005c2c   Section        0  cjson.o(i.skip)
    skip                                     0x08005c2d   Thumb Code    18  cjson.o(i.skip)
    i.sqrt                                   0x08005c3e   Section        0  sqrt.o(i.sqrt)
    locale$$code                             0x08005c8c   Section       44  lc_ctype_c.o(locale$$code)
    locale$$code                             0x08005cb8   Section       44  lc_numeric_c.o(locale$$code)
    x$fpl$dadd                               0x08005ce4   Section      336  daddsub_clz.o(x$fpl$dadd)
    _dadd1                                   0x08005cf5   Thumb Code     0  daddsub_clz.o(x$fpl$dadd)
    x$fpl$dcheck1                            0x08005e34   Section       16  dcheck1.o(x$fpl$dcheck1)
    x$fpl$dcmpinf                            0x08005e44   Section       24  dcmpi.o(x$fpl$dcmpinf)
    x$fpl$ddiv                               0x08005e5c   Section      688  ddiv.o(x$fpl$ddiv)
    ddiv_entry                               0x08005e63   Thumb Code     0  ddiv.o(x$fpl$ddiv)
    x$fpl$dfix                               0x0800610c   Section       94  dfix.o(x$fpl$dfix)
    x$fpl$dflt                               0x0800616a   Section       46  dflt_clz.o(x$fpl$dflt)
    x$fpl$dleqf                              0x08006198   Section      120  dleqf.o(x$fpl$dleqf)
    x$fpl$dmul                               0x08006210   Section      340  dmul.o(x$fpl$dmul)
    x$fpl$dnaninf                            0x08006364   Section      156  dnaninf.o(x$fpl$dnaninf)
    x$fpl$dretinf                            0x08006400   Section       12  dretinf.o(x$fpl$dretinf)
    x$fpl$drleqf                             0x0800640c   Section      108  drleqf.o(x$fpl$drleqf)
    x$fpl$drsb                               0x08006478   Section       22  daddsub_clz.o(x$fpl$drsb)
    x$fpl$dsqrt                              0x08006490   Section      460  dsqrt_noumaal.o(x$fpl$dsqrt)
    x$fpl$dsub                               0x0800665c   Section      468  daddsub_clz.o(x$fpl$dsub)
    _dsub1                                   0x0800666d   Thumb Code     0  daddsub_clz.o(x$fpl$dsub)
    x$fpl$printf1                            0x08006830   Section        4  printf1.o(x$fpl$printf1)
    x$fpl$printf2                            0x08006834   Section        4  printf2.o(x$fpl$printf2)
    x$fpl$retnan                             0x08006838   Section      100  retnan.o(x$fpl$retnan)
    x$fpl$scalbn                             0x0800689c   Section       92  scalbn.o(x$fpl$scalbn)
    x$fpl$trapveneer                         0x080068f8   Section       48  trapv.o(x$fpl$trapveneer)
    .constdata                               0x08006928   Section      192  base64.o(.constdata)
    x$fpl$usenofp                            0x08006928   Section        0  usenofp.o(x$fpl$usenofp)
    base64_enc_map                           0x08006928   Data          64  base64.o(.constdata)
    base64_dec_map                           0x08006968   Data         128  base64.o(.constdata)
    .constdata                               0x080069e8   Section        7  cjson.o(.constdata)
    firstByteMark                            0x080069e8   Data           7  cjson.o(.constdata)
    .constdata                               0x080069ef   Section       40  _printf_hex_int_ll_ptr.o(.constdata)
    uc_hextab                                0x080069ef   Data          20  _printf_hex_int_ll_ptr.o(.constdata)
    lc_hextab                                0x08006a03   Data          20  _printf_hex_int_ll_ptr.o(.constdata)
    .constdata                               0x08006a17   Section       17  __printf_flags_ss_wp.o(.constdata)
    maptable                                 0x08006a17   Data          17  __printf_flags_ss_wp.o(.constdata)
    .constdata                               0x08006a28   Section      136  pow.o(.constdata)
    bp                                       0x08006a28   Data          16  pow.o(.constdata)
    dp_h                                     0x08006a38   Data          16  pow.o(.constdata)
    dp_l                                     0x08006a48   Data          16  pow.o(.constdata)
    L                                        0x08006a58   Data          48  pow.o(.constdata)
    P                                        0x08006a88   Data          40  pow.o(.constdata)
    .constdata                               0x08006ab0   Section        8  _printf_wctomb.o(.constdata)
    initial_mbstate                          0x08006ab0   Data           8  _printf_wctomb.o(.constdata)
    .constdata                               0x08006ab8   Section        8  qnan.o(.constdata)
    .constdata                               0x08006ac0   Section       38  _printf_fp_hex.o(.constdata)
    lc_hextab                                0x08006ac0   Data          19  _printf_fp_hex.o(.constdata)
    uc_hextab                                0x08006ad3   Data          19  _printf_fp_hex.o(.constdata)
    .constdata                               0x08006ae8   Section      148  bigflt0.o(.constdata)
    tenpwrs_x                                0x08006ae8   Data          60  bigflt0.o(.constdata)
    tenpwrs_i                                0x08006b24   Data          64  bigflt0.o(.constdata)
    .conststring                             0x08006b7c   Section       71  onenet.o(.conststring)
    locale$$data                             0x08006be4   Section      272  lc_ctype_c.o(locale$$data)
    __lcctype_c_name                         0x08006be8   Data           2  lc_ctype_c.o(locale$$data)
    __lcctype_c_start                        0x08006bf0   Data           0  lc_ctype_c.o(locale$$data)
    locale$$data                             0x08006cf4   Section       28  lc_numeric_c.o(locale$$data)
    __lcctype_c_end                          0x08006cf4   Data           0  lc_ctype_c.o(locale$$data)
    __lcnum_c_name                           0x08006cf8   Data           2  lc_numeric_c.o(locale$$data)
    __lcnum_c_start                          0x08006d00   Data           0  lc_numeric_c.o(locale$$data)
    __lcnum_c_point                          0x08006d0c   Data           0  lc_numeric_c.o(locale$$data)
    __lcnum_c_thousands                      0x08006d0e   Data           0  lc_numeric_c.o(locale$$data)
    __lcnum_c_grouping                       0x08006d0f   Data           0  lc_numeric_c.o(locale$$data)
    __lcnum_c_end                            0x08006d10   Data           0  lc_numeric_c.o(locale$$data)
    .data                                    0x20000000   Section       20  stm32f10x_rcc.o(.data)
    APBAHBPrescTable                         0x20000000   Data          16  stm32f10x_rcc.o(.data)
    ADCPrescTable                            0x20000010   Data           4  stm32f10x_rcc.o(.data)
    .data                                    0x20000014   Section        4  delay.o(.data)
    .data                                    0x20000018   Section        4  esp8266.o(.data)
    .data                                    0x2000001c   Section        2  onenet.o(.data)
    pkt_id                                   0x2000001c   Data           2  onenet.o(.data)
    .data                                    0x20000020   Section       12  cjson.o(.data)
    ep                                       0x20000020   Data           4  cjson.o(.data)
    cJSON_malloc                             0x20000024   Data           4  cjson.o(.data)
    cJSON_free                               0x20000028   Data           4  cjson.o(.data)
    .data                                    0x2000002c   Section        1  led.o(.data)
    .bss                                     0x20000030   Section      512  esp8266.o(.bss)
    .bss                                     0x20000230   Section       96  libspace.o(.bss)
    HEAP                                     0x20000290   Section      512  startup_stm32f10x_md.o(HEAP)
    Heap_Mem                                 0x20000290   Data         512  startup_stm32f10x_md.o(HEAP)
    STACK                                    0x20000490   Section     2048  startup_stm32f10x_md.o(STACK)
    Stack_Mem                                0x20000490   Data        2048  startup_stm32f10x_md.o(STACK)
    __initial_sp                             0x20000c90   Data           0  startup_stm32f10x_md.o(STACK)

    Global Symbols

    Symbol Name                              Value     Ov Type        Size  Object(Section)

    BuildAttributes$$THM_ISAv4$P$D$K$B$S$PE$A:L22UL41UL21$X:L11$S22US41US21$IEEE1$IW$USESV6$~STKCKD$USESV7$~SHL$OTIME$ROPI$IEEEX$EBA8$UX$STANDARDLIB$REQ8$PRES8$EABIv2 0x00000000   Number         0  anon$$obj.o ABSOLUTE
    __ARM_use_no_argv                        0x00000000   Number         0  main.o ABSOLUTE
    _printf_flags                            0x00000000   Number         0  printf_stubs.o ABSOLUTE
    _printf_return_value                     0x00000000   Number         0  printf_stubs.o ABSOLUTE
    _printf_sizespec                         0x00000000   Number         0  printf_stubs.o ABSOLUTE
    _printf_widthprec                        0x00000000   Number         0  printf_stubs.o ABSOLUTE
    __ARM_exceptions_init                     - Undefined Weak Reference
    __alloca_initialize                       - Undefined Weak Reference
    __arm_fini_                               - Undefined Weak Reference
    __arm_preinit_                            - Undefined Weak Reference
    __cpp_initialize__aeabi_                  - Undefined Weak Reference
    __cxa_finalize                            - Undefined Weak Reference
    __sigvec_lookup                           - Undefined Weak Reference
    __user_heap_extent                        - Undefined Weak Reference
    _atexit_init                              - Undefined Weak Reference
    _call_atexit_fns                          - Undefined Weak Reference
    _clock_init                               - Undefined Weak Reference
    _fp_trap_init                             - Undefined Weak Reference
    _fp_trap_shutdown                         - Undefined Weak Reference
    _get_lc_collate                           - Undefined Weak Reference
    _get_lc_monetary                          - Undefined Weak Reference
    _get_lc_time                              - Undefined Weak Reference
    _getenv_init                              - Undefined Weak Reference
    _handle_redirection                       - Undefined Weak Reference
    _initio                                   - Undefined Weak Reference
    _mutex_acquire                            - Undefined Weak Reference
    _mutex_free                               - Undefined Weak Reference
    _mutex_release                            - Undefined Weak Reference
    _printf_mbtowc                            - Undefined Weak Reference
    _printf_wc                                - Undefined Weak Reference
    _rand_init                                - Undefined Weak Reference
    _scanf_longlong                           - Undefined Weak Reference
    _scanf_mbtowc                             - Undefined Weak Reference
    _scanf_real                               - Undefined Weak Reference
    _scanf_wctomb                             - Undefined Weak Reference
    _scanf_wstring                            - Undefined Weak Reference
    _signal_finish                            - Undefined Weak Reference
    _signal_init                              - Undefined Weak Reference
    _terminateio                              - Undefined Weak Reference
    __Vectors_Size                           0x000000ec   Number         0  startup_stm32f10x_md.o ABSOLUTE
    __Vectors                                0x08000000   Data           4  startup_stm32f10x_md.o(RESET)
    __Vectors_End                            0x080000ec   Data           0  startup_stm32f10x_md.o(RESET)
    __main                                   0x080000ed   Thumb Code     8  __main.o(!!!main)
    __scatterload                            0x080000f5   Thumb Code     0  __scatter.o(!!!scatter)
    __scatterload_rt2                        0x080000f5   Thumb Code    44  __scatter.o(!!!scatter)
    __scatterload_rt2_thumb_only             0x080000f5   Thumb Code     0  __scatter.o(!!!scatter)
    __scatterload_null                       0x08000103   Thumb Code     0  __scatter.o(!!!scatter)
    __scatterload_copy                       0x08000129   Thumb Code    26  __scatter_copy.o(!!handler_copy)
    __scatterload_zeroinit                   0x08000145   Thumb Code    28  __scatter_zi.o(!!handler_zi)
    _printf_n                                0x08000161   Thumb Code     0  _printf_n.o(.ARM.Collect$$_printf_percent$$00000001)
    _printf_percent                          0x08000161   Thumb Code     0  _printf_percent.o(.ARM.Collect$$_printf_percent$$00000000)
    _printf_p                                0x08000167   Thumb Code     0  _printf_p.o(.ARM.Collect$$_printf_percent$$00000002)
    _printf_f                                0x0800016d   Thumb Code     0  _printf_f.o(.ARM.Collect$$_printf_percent$$00000003)
    _printf_e                                0x08000173   Thumb Code     0  _printf_e.o(.ARM.Collect$$_printf_percent$$00000004)
    _printf_g                                0x08000179   Thumb Code     0  _printf_g.o(.ARM.Collect$$_printf_percent$$00000005)
    _printf_a                                0x0800017f   Thumb Code     0  _printf_a.o(.ARM.Collect$$_printf_percent$$00000006)
    _printf_ll                               0x08000185   Thumb Code     0  _printf_ll.o(.ARM.Collect$$_printf_percent$$00000007)
    _printf_i                                0x0800018f   Thumb Code     0  _printf_i.o(.ARM.Collect$$_printf_percent$$00000008)
    _printf_d                                0x08000195   Thumb Code     0  _printf_d.o(.ARM.Collect$$_printf_percent$$00000009)
    _printf_u                                0x0800019b   Thumb Code     0  _printf_u.o(.ARM.Collect$$_printf_percent$$0000000A)
    _printf_o                                0x080001a1   Thumb Code     0  _printf_o.o(.ARM.Collect$$_printf_percent$$0000000B)
    _printf_x                                0x080001a7   Thumb Code     0  _printf_x.o(.ARM.Collect$$_printf_percent$$0000000C)
    _printf_lli                              0x080001ad   Thumb Code     0  _printf_lli.o(.ARM.Collect$$_printf_percent$$0000000D)
    _printf_lld                              0x080001b3   Thumb Code     0  _printf_lld.o(.ARM.Collect$$_printf_percent$$0000000E)
    _printf_llu                              0x080001b9   Thumb Code     0  _printf_llu.o(.ARM.Collect$$_printf_percent$$0000000F)
    _printf_llo                              0x080001bf   Thumb Code     0  _printf_llo.o(.ARM.Collect$$_printf_percent$$00000010)
    _printf_llx                              0x080001c5   Thumb Code     0  _printf_llx.o(.ARM.Collect$$_printf_percent$$00000011)
    _printf_l                                0x080001cb   Thumb Code     0  _printf_l.o(.ARM.Collect$$_printf_percent$$00000012)
    _printf_c                                0x080001d5   Thumb Code     0  _printf_c.o(.ARM.Collect$$_printf_percent$$00000013)
    _printf_s                                0x080001db   Thumb Code     0  _printf_s.o(.ARM.Collect$$_printf_percent$$00000014)
    _printf_lc                               0x080001e1   Thumb Code     0  _printf_lc.o(.ARM.Collect$$_printf_percent$$00000015)
    _printf_ls                               0x080001e7   Thumb Code     0  _printf_ls.o(.ARM.Collect$$_printf_percent$$00000016)
    _printf_percent_end                      0x080001ed   Thumb Code     0  _printf_percent_end.o(.ARM.Collect$$_printf_percent$$00000017)
    __rt_lib_init                            0x080001f1   Thumb Code     0  libinit.o(.ARM.Collect$$libinit$$00000000)
    __rt_lib_init_fp_1                       0x080001f3   Thumb Code     0  libinit2.o(.ARM.Collect$$libinit$$00000002)
    __rt_lib_init_heap_2                     0x080001f3   Thumb Code     0  libinit2.o(.ARM.Collect$$libinit$$00000005)
    __rt_lib_init_preinit_1                  0x080001f3   Thumb Code     0  libinit2.o(.ARM.Collect$$libinit$$00000004)
    __rt_lib_init_heap_1                     0x080001fb   Thumb Code     0  libinit2.o(.ARM.Collect$$libinit$$0000000A)
    __rt_lib_init_lc_common                  0x080001fb   Thumb Code     0  libinit2.o(.ARM.Collect$$libinit$$0000000F)
    __rt_lib_init_rand_1                     0x080001fb   Thumb Code     0  libinit2.o(.ARM.Collect$$libinit$$0000000E)
    __rt_lib_init_user_alloc_1               0x080001fb   Thumb Code     0  libinit2.o(.ARM.Collect$$libinit$$0000000C)
    __rt_lib_init_lc_collate_1               0x08000201   Thumb Code     0  libinit2.o(.ARM.Collect$$libinit$$00000011)
    __rt_lib_init_lc_ctype_2                 0x08000201   Thumb Code     0  libinit2.o(.ARM.Collect$$libinit$$00000012)
    __rt_lib_init_lc_ctype_1                 0x0800020d   Thumb Code     0  libinit2.o(.ARM.Collect$$libinit$$00000013)
    __rt_lib_init_lc_monetary_1              0x0800020d   Thumb Code     0  libinit2.o(.ARM.Collect$$libinit$$00000015)
    __rt_lib_init_lc_numeric_2               0x0800020d   Thumb Code     0  libinit2.o(.ARM.Collect$$libinit$$00000016)
    __rt_lib_init_alloca_1                   0x08000217   Thumb Code     0  libinit2.o(.ARM.Collect$$libinit$$0000002E)
    __rt_lib_init_argv_1                     0x08000217   Thumb Code     0  libinit2.o(.ARM.Collect$$libinit$$0000002C)
    __rt_lib_init_atexit_1                   0x08000217   Thumb Code     0  libinit2.o(.ARM.Collect$$libinit$$0000001B)
    __rt_lib_init_clock_1                    0x08000217   Thumb Code     0  libinit2.o(.ARM.Collect$$libinit$$00000021)
    __rt_lib_init_cpp_1                      0x08000217   Thumb Code     0  libinit2.o(.ARM.Collect$$libinit$$00000032)
    __rt_lib_init_exceptions_1               0x08000217   Thumb Code     0  libinit2.o(.ARM.Collect$$libinit$$00000030)
    __rt_lib_init_fp_trap_1                  0x08000217   Thumb Code     0  libinit2.o(.ARM.Collect$$libinit$$0000001F)
    __rt_lib_init_getenv_1                   0x08000217   Thumb Code     0  libinit2.o(.ARM.Collect$$libinit$$00000023)
    __rt_lib_init_lc_numeric_1               0x08000217   Thumb Code     0  libinit2.o(.ARM.Collect$$libinit$$00000017)
    __rt_lib_init_lc_time_1                  0x08000217   Thumb Code     0  libinit2.o(.ARM.Collect$$libinit$$00000019)
    __rt_lib_init_return                     0x08000217   Thumb Code     0  libinit2.o(.ARM.Collect$$libinit$$00000033)
    __rt_lib_init_signal_1                   0x08000217   Thumb Code     0  libinit2.o(.ARM.Collect$$libinit$$0000001D)
    __rt_lib_init_stdio_1                    0x08000217   Thumb Code     0  libinit2.o(.ARM.Collect$$libinit$$00000025)
    __rt_lib_shutdown                        0x08000219   Thumb Code     0  libshutdown.o(.ARM.Collect$$libshutdown$$00000000)
    __rt_lib_shutdown_cpp_1                  0x0800021b   Thumb Code     0  libshutdown2.o(.ARM.Collect$$libshutdown$$00000004)
    __rt_lib_shutdown_fini_1                 0x0800021b   Thumb Code     0  libshutdown2.o(.ARM.Collect$$libshutdown$$00000002)
    __rt_lib_shutdown_fp_trap_1              0x0800021b   Thumb Code     0  libshutdown2.o(.ARM.Collect$$libshutdown$$00000009)
    __rt_lib_shutdown_heap_1                 0x0800021b   Thumb Code     0  libshutdown2.o(.ARM.Collect$$libshutdown$$00000011)
    __rt_lib_shutdown_return                 0x0800021b   Thumb Code     0  libshutdown2.o(.ARM.Collect$$libshutdown$$00000012)
    __rt_lib_shutdown_signal_1               0x0800021b   Thumb Code     0  libshutdown2.o(.ARM.Collect$$libshutdown$$0000000C)
    __rt_lib_shutdown_stdio_1                0x0800021b   Thumb Code     0  libshutdown2.o(.ARM.Collect$$libshutdown$$00000006)
    __rt_lib_shutdown_user_alloc_1           0x0800021b   Thumb Code     0  libshutdown2.o(.ARM.Collect$$libshutdown$$0000000E)
    __rt_entry                               0x0800021d   Thumb Code     0  __rtentry.o(.ARM.Collect$$rtentry$$00000000)
    __rt_entry_presh_1                       0x0800021d   Thumb Code     0  __rtentry2.o(.ARM.Collect$$rtentry$$00000002)
    __rt_entry_sh                            0x0800021d   Thumb Code     0  __rtentry4.o(.ARM.Collect$$rtentry$$00000004)
    __rt_entry_li                            0x08000223   Thumb Code     0  __rtentry2.o(.ARM.Collect$$rtentry$$0000000A)
    __rt_entry_postsh_1                      0x08000223   Thumb Code     0  __rtentry2.o(.ARM.Collect$$rtentry$$00000009)
    __rt_entry_main                          0x08000227   Thumb Code     0  __rtentry2.o(.ARM.Collect$$rtentry$$0000000D)
    __rt_entry_postli_1                      0x08000227   Thumb Code     0  __rtentry2.o(.ARM.Collect$$rtentry$$0000000C)
    __rt_exit                                0x0800022f   Thumb Code     0  rtexit.o(.ARM.Collect$$rtexit$$00000000)
    __rt_exit_ls                             0x08000231   Thumb Code     0  rtexit2.o(.ARM.Collect$$rtexit$$00000003)
    __rt_exit_prels_1                        0x08000231   Thumb Code     0  rtexit2.o(.ARM.Collect$$rtexit$$00000002)
    __rt_exit_exit                           0x08000235   Thumb Code     0  rtexit2.o(.ARM.Collect$$rtexit$$00000004)
    Reset_Handler                            0x0800023d   Thumb Code     8  startup_stm32f10x_md.o(.text)
    _maybe_terminate_alloc                   0x0800023d   Thumb Code     0  maybetermalloc1.o(.emb_text)
    ADC1_2_IRQHandler                        0x08000257   Thumb Code     0  startup_stm32f10x_md.o(.text)
    CAN1_RX1_IRQHandler                      0x08000257   Thumb Code     0  startup_stm32f10x_md.o(.text)
    CAN1_SCE_IRQHandler                      0x08000257   Thumb Code     0  startup_stm32f10x_md.o(.text)
    DMA1_Channel1_IRQHandler                 0x08000257   Thumb Code     0  startup_stm32f10x_md.o(.text)
    DMA1_Channel2_IRQHandler                 0x08000257   Thumb Code     0  startup_stm32f10x_md.o(.text)
    DMA1_Channel3_IRQHandler                 0x08000257   Thumb Code     0  startup_stm32f10x_md.o(.text)
    DMA1_Channel4_IRQHandler                 0x08000257   Thumb Code     0  startup_stm32f10x_md.o(.text)
    DMA1_Channel5_IRQHandler                 0x08000257   Thumb Code     0  startup_stm32f10x_md.o(.text)
    DMA1_Channel6_IRQHandler                 0x08000257   Thumb Code     0  startup_stm32f10x_md.o(.text)
    DMA1_Channel7_IRQHandler                 0x08000257   Thumb Code     0  startup_stm32f10x_md.o(.text)
    EXTI0_IRQHandler                         0x08000257   Thumb Code     0  startup_stm32f10x_md.o(.text)
    EXTI15_10_IRQHandler                     0x08000257   Thumb Code     0  startup_stm32f10x_md.o(.text)
    EXTI1_IRQHandler                         0x08000257   Thumb Code     0  startup_stm32f10x_md.o(.text)
    EXTI2_IRQHandler                         0x08000257   Thumb Code     0  startup_stm32f10x_md.o(.text)
    EXTI3_IRQHandler                         0x08000257   Thumb Code     0  startup_stm32f10x_md.o(.text)
    EXTI4_IRQHandler                         0x08000257   Thumb Code     0  startup_stm32f10x_md.o(.text)
    EXTI9_5_IRQHandler                       0x08000257   Thumb Code     0  startup_stm32f10x_md.o(.text)
    FLASH_IRQHandler                         0x08000257   Thumb Code     0  startup_stm32f10x_md.o(.text)
    I2C1_ER_IRQHandler                       0x08000257   Thumb Code     0  startup_stm32f10x_md.o(.text)
    I2C1_EV_IRQHandler                       0x08000257   Thumb Code     0  startup_stm32f10x_md.o(.text)
    I2C2_ER_IRQHandler                       0x08000257   Thumb Code     0  startup_stm32f10x_md.o(.text)
    I2C2_EV_IRQHandler                       0x08000257   Thumb Code     0  startup_stm32f10x_md.o(.text)
    PVD_IRQHandler                           0x08000257   Thumb Code     0  startup_stm32f10x_md.o(.text)
    RCC_IRQHandler                           0x08000257   Thumb Code     0  startup_stm32f10x_md.o(.text)
    RTCAlarm_IRQHandler                      0x08000257   Thumb Code     0  startup_stm32f10x_md.o(.text)
    RTC_IRQHandler                           0x08000257   Thumb Code     0  startup_stm32f10x_md.o(.text)
    SPI1_IRQHandler                          0x08000257   Thumb Code     0  startup_stm32f10x_md.o(.text)
    SPI2_IRQHandler                          0x08000257   Thumb Code     0  startup_stm32f10x_md.o(.text)
    TAMPER_IRQHandler                        0x08000257   Thumb Code     0  startup_stm32f10x_md.o(.text)
    TIM1_BRK_IRQHandler                      0x08000257   Thumb Code     0  startup_stm32f10x_md.o(.text)
    TIM1_CC_IRQHandler                       0x08000257   Thumb Code     0  startup_stm32f10x_md.o(.text)
    TIM1_TRG_COM_IRQHandler                  0x08000257   Thumb Code     0  startup_stm32f10x_md.o(.text)
    TIM1_UP_IRQHandler                       0x08000257   Thumb Code     0  startup_stm32f10x_md.o(.text)
    TIM2_IRQHandler                          0x08000257   Thumb Code     0  startup_stm32f10x_md.o(.text)
    TIM3_IRQHandler                          0x08000257   Thumb Code     0  startup_stm32f10x_md.o(.text)
    TIM4_IRQHandler                          0x08000257   Thumb Code     0  startup_stm32f10x_md.o(.text)
    USART3_IRQHandler                        0x08000257   Thumb Code     0  startup_stm32f10x_md.o(.text)
    USBWakeUp_IRQHandler                     0x08000257   Thumb Code     0  startup_stm32f10x_md.o(.text)
    USB_HP_CAN1_TX_IRQHandler                0x08000257   Thumb Code     0  startup_stm32f10x_md.o(.text)
    USB_LP_CAN1_RX0_IRQHandler               0x08000257   Thumb Code     0  startup_stm32f10x_md.o(.text)
    WWDG_IRQHandler                          0x08000257   Thumb Code     0  startup_stm32f10x_md.o(.text)
    __user_initial_stackheap                 0x08000259   Thumb Code     0  startup_stm32f10x_md.o(.text)
    malloc                                   0x0800027d   Thumb Code    94  h1_alloc.o(.text)
    free                                     0x080002db   Thumb Code    78  h1_free.o(.text)
    tolower                                  0x08000329   Thumb Code    26  tolower.o(.text)
    vsnprintf                                0x08000345   Thumb Code    48  vsnprintf.o(.text)
    __2sprintf                               0x08000379   Thumb Code    38  __2sprintf.o(.text)
    __2snprintf                              0x080003a5   Thumb Code    50  __2snprintf.o(.text)
    _printf_pre_padding                      0x080003dd   Thumb Code    44  _printf_pad.o(.text)
    _printf_post_padding                     0x08000409   Thumb Code    34  _printf_pad.o(.text)
    _printf_str                              0x0800042b   Thumb Code    82  _printf_str.o(.text)
    _printf_int_dec                          0x0800047d   Thumb Code   104  _printf_dec.o(.text)
    _printf_longlong_hex                     0x080004f5   Thumb Code    86  _printf_hex_int_ll_ptr.o(.text)
    _printf_int_hex                          0x0800054b   Thumb Code    28  _printf_hex_int_ll_ptr.o(.text)
    _printf_ll_hex                           0x08000567   Thumb Code    12  _printf_hex_int_ll_ptr.o(.text)
    _printf_hex_ptr                          0x08000573   Thumb Code    18  _printf_hex_int_ll_ptr.o(.text)
    __printf                                 0x08000589   Thumb Code   388  __printf_flags_ss_wp.o(.text)
    atoi                                     0x08000711   Thumb Code    26  atoi.o(.text)
    strchr                                   0x0800072b   Thumb Code    20  strchr.o(.text)
    strncat                                  0x0800073f   Thumb Code    36  strncat.o(.text)
    strstr                                   0x08000763   Thumb Code    36  strstr.o(.text)
    strcpy                                   0x08000787   Thumb Code    72  strcpy.o(.text)
    strlen                                   0x080007cf   Thumb Code    62  strlen.o(.text)
    strncmp                                  0x0800080d   Thumb Code   150  strncmp.o(.text)
    strcat                                   0x080008a3   Thumb Code    24  strcat.o(.text)
    __aeabi_memcpy                           0x080008bb   Thumb Code     0  rt_memcpy_v6.o(.text)
    __rt_memcpy                              0x080008bb   Thumb Code   138  rt_memcpy_v6.o(.text)
    _memcpy_lastbytes                        0x08000921   Thumb Code     0  rt_memcpy_v6.o(.text)
    __aeabi_memcpy4                          0x08000945   Thumb Code     0  rt_memcpy_w.o(.text)
    __aeabi_memcpy8                          0x08000945   Thumb Code     0  rt_memcpy_w.o(.text)
    __rt_memcpy_w                            0x08000945   Thumb Code   100  rt_memcpy_w.o(.text)
    _memcpy_lastbytes_aligned                0x0800098d   Thumb Code     0  rt_memcpy_w.o(.text)
    __aeabi_memclr                           0x080009a9   Thumb Code     0  rt_memclr.o(.text)
    __rt_memclr                              0x080009a9   Thumb Code    68  rt_memclr.o(.text)
    _memset                                  0x080009ad   Thumb Code     0  rt_memclr.o(.text)
    __aeabi_memclr4                          0x080009ed   Thumb Code     0  rt_memclr_w.o(.text)
    __aeabi_memclr8                          0x080009ed   Thumb Code     0  rt_memclr_w.o(.text)
    __rt_memclr_w                            0x080009ed   Thumb Code    78  rt_memclr_w.o(.text)
    _memset_w                                0x080009f1   Thumb Code     0  rt_memclr_w.o(.text)
    __use_two_region_memory                  0x08000a3b   Thumb Code     2  heapauxi.o(.text)
    __rt_heap_escrow                         0x08000a3d   Thumb Code     2  heapauxi.o(.text)
    __rt_heap_expand                         0x08000a3f   Thumb Code     2  heapauxi.o(.text)
    __rt_ctype_table                         0x08000a41   Thumb Code    16  rt_ctype_table.o(.text)
    __rt_heap_descriptor                     0x08000a51   Thumb Code     8  rt_heap_descriptor_intlibspace.o(.text)
    __aeabi_errno_addr                       0x08000a59   Thumb Code     8  rt_errno_addr_intlibspace.o(.text)
    __errno$intlibspace                      0x08000a59   Thumb Code     0  rt_errno_addr_intlibspace.o(.text)
    __rt_errno_addr$intlibspace              0x08000a59   Thumb Code     0  rt_errno_addr_intlibspace.o(.text)
    __use_no_heap                            0x08000a61   Thumb Code     2  hguard.o(.text)
    __heap$guard                             0x08000a63   Thumb Code     2  hguard.o(.text)
    _terminate_user_alloc                    0x08000a65   Thumb Code     2  init_alloc.o(.text)
    _init_user_alloc                         0x08000a67   Thumb Code     2  init_alloc.o(.text)
    __Heap_Full                              0x08000a69   Thumb Code    34  init_alloc.o(.text)
    __Heap_Broken                            0x08000a8b   Thumb Code     6  init_alloc.o(.text)
    _init_alloc                              0x08000a91   Thumb Code    94  init_alloc.o(.text)
    __Heap_Initialize                        0x08000aef   Thumb Code    10  h1_init.o(.text)
    __Heap_DescSize                          0x08000af9   Thumb Code     4  h1_init.o(.text)
    __read_errno                             0x08000afd   Thumb Code    10  _rserrno.o(.text)
    __set_errno                              0x08000b07   Thumb Code    12  _rserrno.o(.text)
    _printf_truncate_signed                  0x08000b13   Thumb Code    18  _printf_truncate.o(.text)
    _printf_truncate_unsigned                0x08000b25   Thumb Code    18  _printf_truncate.o(.text)
    _printf_int_common                       0x08000b37   Thumb Code   178  _printf_intcommon.o(.text)
    _printf_charcount                        0x08000be9   Thumb Code    40  _printf_charcount.o(.text)
    __lib_sel_fp_printf                      0x08000c11   Thumb Code     2  _printf_fp_dec.o(.text)
    _printf_fp_dec_real                      0x08000dc3   Thumb Code   620  _printf_fp_dec.o(.text)
    _printf_char_common                      0x0800103b   Thumb Code    32  _printf_char_common.o(.text)
    _sputc                                   0x08001061   Thumb Code    10  _sputc.o(.text)
    _snputc                                  0x0800106b   Thumb Code    16  _snputc.o(.text)
    _printf_cs_common                        0x0800107b   Thumb Code    20  _printf_char.o(.text)
    _printf_char                             0x0800108f   Thumb Code    16  _printf_char.o(.text)
    _printf_string                           0x0800109f   Thumb Code     8  _printf_char.o(.text)
    _printf_wctomb                           0x080010a9   Thumb Code   182  _printf_wctomb.o(.text)
    _printf_longlong_dec                     0x08001165   Thumb Code   108  _printf_longlong_dec.o(.text)
    _printf_longlong_oct                     0x080011e1   Thumb Code    66  _printf_oct_int_ll.o(.text)
    _printf_int_oct                          0x08001223   Thumb Code    24  _printf_oct_int_ll.o(.text)
    _printf_ll_oct                           0x0800123b   Thumb Code    12  _printf_oct_int_ll.o(.text)
    _chval                                   0x08001251   Thumb Code    28  _chval.o(.text)
    strtol                                   0x0800126d   Thumb Code   112  strtol.o(.text)
    __user_libspace                          0x080012dd   Thumb Code     8  libspace.o(.text)
    __user_perproc_libspace                  0x080012dd   Thumb Code     0  libspace.o(.text)
    __user_perthread_libspace                0x080012dd   Thumb Code     0  libspace.o(.text)
    __rt_locale                              0x080012e5   Thumb Code     8  rt_locale_intlibspace.o(.text)
    __Heap_ProvideMemory                     0x080012ed   Thumb Code    52  h1_extend.o(.text)
    _ll_udiv10                               0x08001321   Thumb Code   138  lludiv10.o(.text)
    _printf_fp_hex_real                      0x080013ad   Thumb Code   756  _printf_fp_hex.o(.text)
    _printf_fp_infnan                        0x080016a9   Thumb Code   112  _printf_fp_infnan.o(.text)
    _printf_lcs_common                       0x08001729   Thumb Code    20  _printf_wchar.o(.text)
    _printf_wchar                            0x0800173d   Thumb Code    16  _printf_wchar.o(.text)
    _printf_wstring                          0x0800174d   Thumb Code     8  _printf_wchar.o(.text)
    _strtoul                                 0x08001755   Thumb Code   158  _strtoul.o(.text)
    _btod_etento                             0x080017f5   Thumb Code   224  bigflt0.o(.text)
    _wcrtomb                                 0x080018d9   Thumb Code    64  _wcrtomb.o(.text)
    __rt_SIGRTMEM                            0x08001919   Thumb Code    14  defsig_rtmem_outer.o(.text)
    __I$use$semihosting                      0x08001927   Thumb Code     0  use_no_semi.o(.text)
    __use_no_semihosting_swi                 0x08001927   Thumb Code     2  use_no_semi.o(.text)
    __semihosting_library_function           0x08001929   Thumb Code     0  indicate_semi.o(.text)
    __user_setup_stackheap                   0x08001929   Thumb Code    74  sys_stackheap_outer.o(.text)
    exit                                     0x08001973   Thumb Code    18  exit.o(.text)
    __sig_exit                               0x08001985   Thumb Code    10  defsig_exit.o(.text)
    __rt_SIGRTMEM_inner                      0x08001991   Thumb Code    22  defsig_rtmem_inner.o(.text)
    strcmp                                   0x080019e1   Thumb Code   128  strcmpv7m.o(.text)
    _sys_exit                                0x08001a61   Thumb Code     8  sys_exit.o(.text)
    __default_signal_display                 0x08001a6d   Thumb Code    50  defsig_general.o(.text)
    _ttywrch                                 0x08001a9f   Thumb Code    14  sys_wrch.o(.text)
    _btod_d2e                                0x08001aad   Thumb Code    62  btod.o(CL$$btod_d2e)
    _d2e_denorm_low                          0x08001aeb   Thumb Code    70  btod.o(CL$$btod_d2e_denorm_low)
    _d2e_norm_op1                            0x08001b31   Thumb Code    96  btod.o(CL$$btod_d2e_norm_op1)
    __btod_div_common                        0x08001b91   Thumb Code   696  btod.o(CL$$btod_div_common)
    _e2e                                     0x08001ec9   Thumb Code   220  btod.o(CL$$btod_e2e)
    _btod_ediv                               0x08001fa5   Thumb Code    42  btod.o(CL$$btod_ediv)
    _btod_emul                               0x08001fcf   Thumb Code    42  btod.o(CL$$btod_emul)
    __btod_mult_common                       0x08001ff9   Thumb Code   580  btod.o(CL$$btod_mult_common)
    BASE64_Decode                            0x0800223d   Thumb Code   360  base64.o(i.BASE64_Decode)
    BASE64_Encode                            0x080023a9   Thumb Code   320  base64.o(i.BASE64_Encode)
    BusFault_Handler                         0x080024ed   Thumb Code     4  stm32f10x_it.o(i.BusFault_Handler)
    DebugMon_Handler                         0x080024f1   Thumb Code     2  stm32f10x_it.o(i.DebugMon_Handler)
    DelayXms                                 0x080024f5   Thumb Code    66  delay.o(i.DelayXms)
    Delay_Init                               0x0800253d   Thumb Code    48  delay.o(i.Delay_Init)
    ESP8266_Clear                            0x08002575   Thumb Code    20  esp8266.o(i.ESP8266_Clear)
    ESP8266_GetIPD                           0x08002591   Thumb Code    68  esp8266.o(i.ESP8266_GetIPD)
    ESP8266_Init                             0x080025e1   Thumb Code   206  esp8266.o(i.ESP8266_Init)
    ESP8266_SendCmd                          0x08002755   Thumb Code    76  esp8266.o(i.ESP8266_SendCmd)
    ESP8266_SendData                         0x080027a9   Thumb Code    46  esp8266.o(i.ESP8266_SendData)
    ESP8266_WaitRecive                       0x080027f1   Thumb Code    42  esp8266.o(i.ESP8266_WaitRecive)
    GPIO_Init                                0x08002825   Thumb Code   278  stm32f10x_gpio.o(i.GPIO_Init)
    GPIO_WriteBit                            0x0800293b   Thumb Code    10  stm32f10x_gpio.o(i.GPIO_WriteBit)
    HardFault_Handler                        0x08002945   Thumb Code     4  stm32f10x_it.o(i.HardFault_Handler)
    Hardware_Init                            0x08002949   Thumb Code    44  main.o(i.Hardware_Init)
    Led_Init                                 0x0800298d   Thumb Code    44  led.o(i.Led_Init)
    Led_Set                                  0x080029bd   Thumb Code    24  led.o(i.Led_Set)
    MQTT_DeleteBuffer                        0x080029dd   Thumb Code    28  mqttkit.o(i.MQTT_DeleteBuffer)
    MQTT_DumpLength                          0x080029f9   Thumb Code    46  mqttkit.o(i.MQTT_DumpLength)
    MQTT_NewBuffer                           0x08002a27   Thumb Code    88  mqttkit.o(i.MQTT_NewBuffer)
    MQTT_PacketConnect                       0x08002a81   Thumb Code   666  mqttkit.o(i.MQTT_PacketConnect)
    MQTT_PacketPublish                       0x08002d21   Thumb Code   440  mqttkit.o(i.MQTT_PacketPublish)
    MQTT_PacketSaveData                      0x08002ed9   Thumb Code    68  mqttkit.o(i.MQTT_PacketSaveData)
    MQTT_PacketSubscribe                     0x08002f3d   Thumb Code   254  mqttkit.o(i.MQTT_PacketSubscribe)
    MQTT_ReadLength                          0x0800303b   Thumb Code    70  mqttkit.o(i.MQTT_ReadLength)
    MQTT_UnPacketConnectAck                  0x08003081   Thumb Code    30  mqttkit.o(i.MQTT_UnPacketConnectAck)
    MQTT_UnPacketPublish                     0x080030a1   Thumb Code   438  mqttkit.o(i.MQTT_UnPacketPublish)
    MQTT_UnPacketPublishAck                  0x08003261   Thumb Code    30  mqttkit.o(i.MQTT_UnPacketPublishAck)
    MQTT_UnPacketRecv                        0x08003281   Thumb Code   106  mqttkit.o(i.MQTT_UnPacketRecv)
    MQTT_UnPacketSubscribe                   0x080032f5   Thumb Code    52  mqttkit.o(i.MQTT_UnPacketSubscribe)
    MemManage_Handler                        0x08003329   Thumb Code     4  stm32f10x_it.o(i.MemManage_Handler)
    NMI_Handler                              0x0800332d   Thumb Code     2  stm32f10x_it.o(i.NMI_Handler)
    NVIC_Init                                0x08003331   Thumb Code   100  misc.o(i.NVIC_Init)
    NVIC_PriorityGroupConfig                 0x080033a1   Thumb Code    10  misc.o(i.NVIC_PriorityGroupConfig)
    OneNET_Subscribe                         0x08003669   Thumb Code    82  onenet.o(i.OneNET_Subscribe)
    OneNet_DevLink                           0x0800370d   Thumb Code   242  onenet.o(i.OneNet_DevLink)
    OneNet_FillBuf                           0x0800398d   Thumb Code    68  onenet.o(i.OneNet_FillBuf)
    OneNet_RevPro                            0x08003a0d   Thumb Code   320  onenet.o(i.OneNet_RevPro)
    OneNet_SendData                          0x08003bf9   Thumb Code   130  onenet.o(i.OneNet_SendData)
    PendSV_Handler                           0x08003ce5   Thumb Code     2  stm32f10x_it.o(i.PendSV_Handler)
    RCC_APB1PeriphClockCmd                   0x08003ce9   Thumb Code    26  stm32f10x_rcc.o(i.RCC_APB1PeriphClockCmd)
    RCC_APB2PeriphClockCmd                   0x08003d09   Thumb Code    26  stm32f10x_rcc.o(i.RCC_APB2PeriphClockCmd)
    RCC_GetClocksFreq                        0x08003d29   Thumb Code   192  stm32f10x_rcc.o(i.RCC_GetClocksFreq)
    SVC_Handler                              0x08003dfd   Thumb Code     2  stm32f10x_it.o(i.SVC_Handler)
    SysTick_Handler                          0x08003ee9   Thumb Code     2  stm32f10x_it.o(i.SysTick_Handler)
    SystemInit                               0x08003eed   Thumb Code    78  system_stm32f10x.o(i.SystemInit)
    USART1_IRQHandler                        0x08003f4d   Thumb Code    24  usart.o(i.USART1_IRQHandler)
    USART2_IRQHandler                        0x08003f69   Thumb Code    64  esp8266.o(i.USART2_IRQHandler)
    USART_ClearFlag                          0x08003fb5   Thumb Code    18  stm32f10x_usart.o(i.USART_ClearFlag)
    USART_Cmd                                0x08003fc7   Thumb Code    24  stm32f10x_usart.o(i.USART_Cmd)
    USART_GetFlagStatus                      0x08003fdf   Thumb Code    26  stm32f10x_usart.o(i.USART_GetFlagStatus)
    USART_GetITStatus                        0x08003ff9   Thumb Code    84  stm32f10x_usart.o(i.USART_GetITStatus)
    USART_ITConfig                           0x0800404d   Thumb Code    74  stm32f10x_usart.o(i.USART_ITConfig)
    USART_Init                               0x08004099   Thumb Code   210  stm32f10x_usart.o(i.USART_Init)
    USART_SendData                           0x08004171   Thumb Code     8  stm32f10x_usart.o(i.USART_SendData)
    UsageFault_Handler                       0x08004179   Thumb Code     4  stm32f10x_it.o(i.UsageFault_Handler)
    Usart1_Init                              0x0800417d   Thumb Code   166  usart.o(i.Usart1_Init)
    Usart2_Init                              0x0800422d   Thumb Code   162  usart.o(i.Usart2_Init)
    UsartPrintf                              0x080042d9   Thumb Code    72  usart.o(i.UsartPrintf)
    Usart_SendString                         0x08004321   Thumb Code    50  usart.o(i.Usart_SendString)
    __ARM_fpclassify                         0x08004353   Thumb Code    40  fpclassify.o(i.__ARM_fpclassify)
    __kernel_poly                            0x0800437b   Thumb Code   170  poly.o(i.__kernel_poly)
    __mathlib_dbl_divzero                    0x08004425   Thumb Code    12  dunder.o(i.__mathlib_dbl_divzero)
    __mathlib_dbl_infnan2                    0x08004435   Thumb Code     4  dunder.o(i.__mathlib_dbl_infnan2)
    __mathlib_dbl_invalid                    0x08004439   Thumb Code    12  dunder.o(i.__mathlib_dbl_invalid)
    __mathlib_dbl_overflow                   0x08004445   Thumb Code    14  dunder.o(i.__mathlib_dbl_overflow)
    __mathlib_dbl_underflow                  0x08004455   Thumb Code    10  dunder.o(i.__mathlib_dbl_underflow)
    _is_digit                                0x08004465   Thumb Code    14  __printf_wp.o(i._is_digit)
    cJSON_Delete                             0x08004475   Thumb Code    82  cjson.o(i.cJSON_Delete)
    cJSON_GetObjectItem                      0x080044cd   Thumb Code    30  cjson.o(i.cJSON_GetObjectItem)
    cJSON_Parse                              0x0800450d   Thumb Code    16  cjson.o(i.cJSON_Parse)
    cJSON_ParseWithOpts                      0x0800451d   Thumb Code    96  cjson.o(i.cJSON_ParseWithOpts)
    ft                                       0x080045cd   Thumb Code    76  hmac_sha1.o(i.ft)
    hmac_sha1                                0x08004619   Thumb Code   302  hmac_sha1.o(i.hmac_sha1)
    k                                        0x08004749   Thumb Code    34  hmac_sha1.o(i.k)
    main                                     0x0800477d   Thumb Code   126  main.o(i.main)
    pow                                      0x08004fa1   Thumb Code  2512  pow.o(i.pow)
    rotl                                     0x08005979   Thumb Code    46  hmac_sha1.o(i.rotl)
    sha1                                     0x080059a9   Thumb Code   632  hmac_sha1.o(i.sha1)
    sqrt                                     0x08005c3f   Thumb Code    76  sqrt.o(i.sqrt)
    _get_lc_ctype                            0x08005c8d   Thumb Code    44  lc_ctype_c.o(locale$$code)
    _get_lc_numeric                          0x08005cb9   Thumb Code    44  lc_numeric_c.o(locale$$code)
    __aeabi_dadd                             0x08005ce5   Thumb Code     0  daddsub_clz.o(x$fpl$dadd)
    _dadd                                    0x08005ce5   Thumb Code   332  daddsub_clz.o(x$fpl$dadd)
    __fpl_dcheck_NaN1                        0x08005e35   Thumb Code    10  dcheck1.o(x$fpl$dcheck1)
    __fpl_dcmp_Inf                           0x08005e45   Thumb Code    24  dcmpi.o(x$fpl$dcmpinf)
    __aeabi_ddiv                             0x08005e5d   Thumb Code     0  ddiv.o(x$fpl$ddiv)
    _ddiv                                    0x08005e5d   Thumb Code   552  ddiv.o(x$fpl$ddiv)
    __aeabi_d2iz                             0x0800610d   Thumb Code     0  dfix.o(x$fpl$dfix)
    _dfix                                    0x0800610d   Thumb Code    94  dfix.o(x$fpl$dfix)
    __aeabi_i2d                              0x0800616b   Thumb Code     0  dflt_clz.o(x$fpl$dflt)
    _dflt                                    0x0800616b   Thumb Code    46  dflt_clz.o(x$fpl$dflt)
    __aeabi_cdcmple                          0x08006199   Thumb Code     0  dleqf.o(x$fpl$dleqf)
    _dcmple                                  0x08006199   Thumb Code   120  dleqf.o(x$fpl$dleqf)
    __fpl_dcmple_InfNaN                      0x080061fb   Thumb Code     0  dleqf.o(x$fpl$dleqf)
    __aeabi_dmul                             0x08006211   Thumb Code     0  dmul.o(x$fpl$dmul)
    _dmul                                    0x08006211   Thumb Code   332  dmul.o(x$fpl$dmul)
    __fpl_dnaninf                            0x08006365   Thumb Code   156  dnaninf.o(x$fpl$dnaninf)
    __fpl_dretinf                            0x08006401   Thumb Code    12  dretinf.o(x$fpl$dretinf)
    __aeabi_cdrcmple                         0x0800640d   Thumb Code     0  drleqf.o(x$fpl$drleqf)
    _drcmple                                 0x0800640d   Thumb Code   108  drleqf.o(x$fpl$drleqf)
    __aeabi_drsub                            0x08006479   Thumb Code     0  daddsub_clz.o(x$fpl$drsb)
    _drsb                                    0x08006479   Thumb Code    22  daddsub_clz.o(x$fpl$drsb)
    _dsqrt                                   0x08006491   Thumb Code   456  dsqrt_noumaal.o(x$fpl$dsqrt)
    __aeabi_dsub                             0x0800665d   Thumb Code     0  daddsub_clz.o(x$fpl$dsub)
    _dsub                                    0x0800665d   Thumb Code   464  daddsub_clz.o(x$fpl$dsub)
    _printf_fp_dec                           0x08006831   Thumb Code     4  printf1.o(x$fpl$printf1)
    _printf_fp_hex                           0x08006835   Thumb Code     4  printf2.o(x$fpl$printf2)
    __fpl_return_NaN                         0x08006839   Thumb Code   100  retnan.o(x$fpl$retnan)
    __ARM_scalbn                             0x0800689d   Thumb Code    92  scalbn.o(x$fpl$scalbn)
    __fpl_cmpreturn                          0x080068f9   Thumb Code    48  trapv.o(x$fpl$trapveneer)
    __I$use$fp                               0x08006928   Number         0  usenofp.o(x$fpl$usenofp)
    __mathlib_zero                           0x08006ab8   Data           8  qnan.o(.constdata)
    Region$$Table$$Base                      0x08006bc4   Number         0  anon$$obj.o(Region$$Table)
    Region$$Table$$Limit                     0x08006be4   Number         0  anon$$obj.o(Region$$Table)
    __ctype                                  0x08006bf1   Data           0  lc_ctype_c.o(locale$$data)
    UsCount                                  0x20000014   Data           1  delay.o(.data)
    MsCount                                  0x20000016   Data           2  delay.o(.data)
    esp8266_cnt                              0x20000018   Data           2  esp8266.o(.data)
    esp8266_cntPre                           0x2000001a   Data           2  esp8266.o(.data)
    led_info                                 0x2000002c   Data           1  led.o(.data)
    esp8266_buf                              0x20000030   Data         512  esp8266.o(.bss)
    __libspace_start                         0x20000230   Data          96  libspace.o(.bss)
    __temporary_stack_top$libspace           0x20000290   Data           0  libspace.o(.bss)



==============================================================================

Memory Map of the image

  Image Entry point : 0x080000ed

  Load Region LR_IROM1 (Base: 0x08000000, Size: 0x00006d40, Max: 0x00010000, ABSOLUTE)

    Execution Region ER_IROM1 (Base: 0x08000000, Size: 0x00006d10, Max: 0x00010000, ABSOLUTE)

    Base Addr    Size         Type   Attr      Idx    E Section Name        Object

    0x08000000   0x000000ec   Data   RO            3    RESET               startup_stm32f10x_md.o
    0x080000ec   0x00000008   Code   RO         4328  * !!!main             c_w.l(__main.o)
    0x080000f4   0x00000034   Code   RO         4750    !!!scatter          c_w.l(__scatter.o)
    0x08000128   0x0000001a   Code   RO         4752    !!handler_copy      c_w.l(__scatter_copy.o)
    0x08000142   0x00000002   PAD
    0x08000144   0x0000001c   Code   RO         4754    !!handler_zi        c_w.l(__scatter_zi.o)
    0x08000160   0x00000000   Code   RO         4295    .ARM.Collect$$_printf_percent$$00000000  c_w.l(_printf_percent.o)
    0x08000160   0x00000006   Code   RO         4437    .ARM.Collect$$_printf_percent$$00000001  c_w.l(_printf_n.o)
    0x08000166   0x00000006   Code   RO         4438    .ARM.Collect$$_printf_percent$$00000002  c_w.l(_printf_p.o)
    0x0800016c   0x00000006   Code   RO         4293    .ARM.Collect$$_printf_percent$$00000003  c_w.l(_printf_f.o)
    0x08000172   0x00000006   Code   RO         4294    .ARM.Collect$$_printf_percent$$00000004  c_w.l(_printf_e.o)
    0x08000178   0x00000006   Code   RO         4442    .ARM.Collect$$_printf_percent$$00000005  c_w.l(_printf_g.o)
    0x0800017e   0x00000006   Code   RO         4443    .ARM.Collect$$_printf_percent$$00000006  c_w.l(_printf_a.o)
    0x08000184   0x0000000a   Code   RO         4448    .ARM.Collect$$_printf_percent$$00000007  c_w.l(_printf_ll.o)
    0x0800018e   0x00000006   Code   RO         4440    .ARM.Collect$$_printf_percent$$00000008  c_w.l(_printf_i.o)
    0x08000194   0x00000006   Code   RO         4292    .ARM.Collect$$_printf_percent$$00000009  c_w.l(_printf_d.o)
    0x0800019a   0x00000006   Code   RO         4441    .ARM.Collect$$_printf_percent$$0000000A  c_w.l(_printf_u.o)
    0x080001a0   0x00000006   Code   RO         4439    .ARM.Collect$$_printf_percent$$0000000B  c_w.l(_printf_o.o)
    0x080001a6   0x00000006   Code   RO         4291    .ARM.Collect$$_printf_percent$$0000000C  c_w.l(_printf_x.o)
    0x080001ac   0x00000006   Code   RO         4445    .ARM.Collect$$_printf_percent$$0000000D  c_w.l(_printf_lli.o)
    0x080001b2   0x00000006   Code   RO         4446    .ARM.Collect$$_printf_percent$$0000000E  c_w.l(_printf_lld.o)
    0x080001b8   0x00000006   Code   RO         4447    .ARM.Collect$$_printf_percent$$0000000F  c_w.l(_printf_llu.o)
    0x080001be   0x00000006   Code   RO         4452    .ARM.Collect$$_printf_percent$$00000010  c_w.l(_printf_llo.o)
    0x080001c4   0x00000006   Code   RO         4453    .ARM.Collect$$_printf_percent$$00000011  c_w.l(_printf_llx.o)
    0x080001ca   0x0000000a   Code   RO         4449    .ARM.Collect$$_printf_percent$$00000012  c_w.l(_printf_l.o)
    0x080001d4   0x00000006   Code   RO         4436    .ARM.Collect$$_printf_percent$$00000013  c_w.l(_printf_c.o)
    0x080001da   0x00000006   Code   RO         4290    .ARM.Collect$$_printf_percent$$00000014  c_w.l(_printf_s.o)
    0x080001e0   0x00000006   Code   RO         4450    .ARM.Collect$$_printf_percent$$00000015  c_w.l(_printf_lc.o)
    0x080001e6   0x00000006   Code   RO         4451    .ARM.Collect$$_printf_percent$$00000016  c_w.l(_printf_ls.o)
    0x080001ec   0x00000004   Code   RO         4444    .ARM.Collect$$_printf_percent$$00000017  c_w.l(_printf_percent_end.o)
    0x080001f0   0x00000002   Code   RO         4683    .ARM.Collect$$libinit$$00000000  c_w.l(libinit.o)
    0x080001f2   0x00000000   Code   RO         4465    .ARM.Collect$$libinit$$00000002  c_w.l(libinit2.o)
    0x080001f2   0x00000000   Code   RO         4467    .ARM.Collect$$libinit$$00000004  c_w.l(libinit2.o)
    0x080001f2   0x00000008   Code   RO         4468    .ARM.Collect$$libinit$$00000005  c_w.l(libinit2.o)
    0x080001fa   0x00000000   Code   RO         4470    .ARM.Collect$$libinit$$0000000A  c_w.l(libinit2.o)
    0x080001fa   0x00000000   Code   RO         4472    .ARM.Collect$$libinit$$0000000C  c_w.l(libinit2.o)
    0x080001fa   0x00000000   Code   RO         4474    .ARM.Collect$$libinit$$0000000E  c_w.l(libinit2.o)
    0x080001fa   0x00000006   Code   RO         4475    .ARM.Collect$$libinit$$0000000F  c_w.l(libinit2.o)
    0x08000200   0x00000000   Code   RO         4477    .ARM.Collect$$libinit$$00000011  c_w.l(libinit2.o)
    0x08000200   0x0000000c   Code   RO         4478    .ARM.Collect$$libinit$$00000012  c_w.l(libinit2.o)
    0x0800020c   0x00000000   Code   RO         4479    .ARM.Collect$$libinit$$00000013  c_w.l(libinit2.o)
    0x0800020c   0x00000000   Code   RO         4481    .ARM.Collect$$libinit$$00000015  c_w.l(libinit2.o)
    0x0800020c   0x0000000a   Code   RO         4482    .ARM.Collect$$libinit$$00000016  c_w.l(libinit2.o)
    0x08000216   0x00000000   Code   RO         4483    .ARM.Collect$$libinit$$00000017  c_w.l(libinit2.o)
    0x08000216   0x00000000   Code   RO         4485    .ARM.Collect$$libinit$$00000019  c_w.l(libinit2.o)
    0x08000216   0x00000000   Code   RO         4487    .ARM.Collect$$libinit$$0000001B  c_w.l(libinit2.o)
    0x08000216   0x00000000   Code   RO         4489    .ARM.Collect$$libinit$$0000001D  c_w.l(libinit2.o)
    0x08000216   0x00000000   Code   RO         4491    .ARM.Collect$$libinit$$0000001F  c_w.l(libinit2.o)
    0x08000216   0x00000000   Code   RO         4493    .ARM.Collect$$libinit$$00000021  c_w.l(libinit2.o)
    0x08000216   0x00000000   Code   RO         4495    .ARM.Collect$$libinit$$00000023  c_w.l(libinit2.o)
    0x08000216   0x00000000   Code   RO         4497    .ARM.Collect$$libinit$$00000025  c_w.l(libinit2.o)
    0x08000216   0x00000000   Code   RO         4501    .ARM.Collect$$libinit$$0000002C  c_w.l(libinit2.o)
    0x08000216   0x00000000   Code   RO         4503    .ARM.Collect$$libinit$$0000002E  c_w.l(libinit2.o)
    0x08000216   0x00000000   Code   RO         4505    .ARM.Collect$$libinit$$00000030  c_w.l(libinit2.o)
    0x08000216   0x00000000   Code   RO         4507    .ARM.Collect$$libinit$$00000032  c_w.l(libinit2.o)
    0x08000216   0x00000002   Code   RO         4508    .ARM.Collect$$libinit$$00000033  c_w.l(libinit2.o)
    0x08000218   0x00000002   Code   RO         4747    .ARM.Collect$$libshutdown$$00000000  c_w.l(libshutdown.o)
    0x0800021a   0x00000000   Code   RO         4699    .ARM.Collect$$libshutdown$$00000002  c_w.l(libshutdown2.o)
    0x0800021a   0x00000000   Code   RO         4701    .ARM.Collect$$libshutdown$$00000004  c_w.l(libshutdown2.o)
    0x0800021a   0x00000000   Code   RO         4703    .ARM.Collect$$libshutdown$$00000006  c_w.l(libshutdown2.o)
    0x0800021a   0x00000000   Code   RO         4706    .ARM.Collect$$libshutdown$$00000009  c_w.l(libshutdown2.o)
    0x0800021a   0x00000000   Code   RO         4709    .ARM.Collect$$libshutdown$$0000000C  c_w.l(libshutdown2.o)
    0x0800021a   0x00000000   Code   RO         4711    .ARM.Collect$$libshutdown$$0000000E  c_w.l(libshutdown2.o)
    0x0800021a   0x00000000   Code   RO         4714    .ARM.Collect$$libshutdown$$00000011  c_w.l(libshutdown2.o)
    0x0800021a   0x00000002   Code   RO         4715    .ARM.Collect$$libshutdown$$00000012  c_w.l(libshutdown2.o)
    0x0800021c   0x00000000   Code   RO         4374    .ARM.Collect$$rtentry$$00000000  c_w.l(__rtentry.o)
    0x0800021c   0x00000000   Code   RO         4563    .ARM.Collect$$rtentry$$00000002  c_w.l(__rtentry2.o)
    0x0800021c   0x00000006   Code   RO         4575    .ARM.Collect$$rtentry$$00000004  c_w.l(__rtentry4.o)
    0x08000222   0x00000000   Code   RO         4565    .ARM.Collect$$rtentry$$00000009  c_w.l(__rtentry2.o)
    0x08000222   0x00000004   Code   RO         4566    .ARM.Collect$$rtentry$$0000000A  c_w.l(__rtentry2.o)
    0x08000226   0x00000000   Code   RO         4568    .ARM.Collect$$rtentry$$0000000C  c_w.l(__rtentry2.o)
    0x08000226   0x00000008   Code   RO         4569    .ARM.Collect$$rtentry$$0000000D  c_w.l(__rtentry2.o)
    0x0800022e   0x00000002   Code   RO         4688    .ARM.Collect$$rtexit$$00000000  c_w.l(rtexit.o)
    0x08000230   0x00000000   Code   RO         4721    .ARM.Collect$$rtexit$$00000002  c_w.l(rtexit2.o)
    0x08000230   0x00000004   Code   RO         4722    .ARM.Collect$$rtexit$$00000003  c_w.l(rtexit2.o)
    0x08000234   0x00000006   Code   RO         4723    .ARM.Collect$$rtexit$$00000004  c_w.l(rtexit2.o)
    0x0800023a   0x00000002   PAD
    0x0800023c   0x00000000   Code   RO         4584    .emb_text           c_w.l(maybetermalloc1.o)
    0x0800023c   0x00000040   Code   RO            4    .text               startup_stm32f10x_md.o
    0x0800027c   0x0000005e   Code   RO         4171    .text               c_w.l(h1_alloc.o)
    0x080002da   0x0000004e   Code   RO         4173    .text               c_w.l(h1_free.o)
    0x08000328   0x0000001a   Code   RO         4229    .text               c_w.l(tolower.o)
    0x08000342   0x00000002   PAD
    0x08000344   0x00000034   Code   RO         4231    .text               c_w.l(vsnprintf.o)
    0x08000378   0x0000002c   Code   RO         4233    .text               c_w.l(__2sprintf.o)
    0x080003a4   0x00000038   Code   RO         4235    .text               c_w.l(__2snprintf.o)
    0x080003dc   0x0000004e   Code   RO         4243    .text               c_w.l(_printf_pad.o)
    0x0800042a   0x00000052   Code   RO         4245    .text               c_w.l(_printf_str.o)
    0x0800047c   0x00000078   Code   RO         4247    .text               c_w.l(_printf_dec.o)
    0x080004f4   0x00000094   Code   RO         4267    .text               c_w.l(_printf_hex_int_ll_ptr.o)
    0x08000588   0x00000188   Code   RO         4287    .text               c_w.l(__printf_flags_ss_wp.o)
    0x08000710   0x0000001a   Code   RO         4302    .text               c_w.l(atoi.o)
    0x0800072a   0x00000014   Code   RO         4304    .text               c_w.l(strchr.o)
    0x0800073e   0x00000024   Code   RO         4306    .text               c_w.l(strncat.o)
    0x08000762   0x00000024   Code   RO         4308    .text               c_w.l(strstr.o)
    0x08000786   0x00000048   Code   RO         4310    .text               c_w.l(strcpy.o)
    0x080007ce   0x0000003e   Code   RO         4312    .text               c_w.l(strlen.o)
    0x0800080c   0x00000096   Code   RO         4314    .text               c_w.l(strncmp.o)
    0x080008a2   0x00000018   Code   RO         4316    .text               c_w.l(strcat.o)
    0x080008ba   0x0000008a   Code   RO         4318    .text               c_w.l(rt_memcpy_v6.o)
    0x08000944   0x00000064   Code   RO         4320    .text               c_w.l(rt_memcpy_w.o)
    0x080009a8   0x00000044   Code   RO         4322    .text               c_w.l(rt_memclr.o)
    0x080009ec   0x0000004e   Code   RO         4324    .text               c_w.l(rt_memclr_w.o)
    0x08000a3a   0x00000006   Code   RO         4326    .text               c_w.l(heapauxi.o)
    0x08000a40   0x00000010   Code   RO         4375    .text               c_w.l(rt_ctype_table.o)
    0x08000a50   0x00000008   Code   RO         4380    .text               c_w.l(rt_heap_descriptor_intlibspace.o)
    0x08000a58   0x00000008   Code   RO         4385    .text               c_w.l(rt_errno_addr_intlibspace.o)
    0x08000a60   0x00000004   Code   RO         4387    .text               c_w.l(hguard.o)
    0x08000a64   0x0000008a   Code   RO         4389    .text               c_w.l(init_alloc.o)
    0x08000aee   0x0000000e   Code   RO         4393    .text               c_w.l(h1_init.o)
    0x08000afc   0x00000016   Code   RO         4407    .text               c_w.l(_rserrno.o)
    0x08000b12   0x00000024   Code   RO         4409    .text               c_w.l(_printf_truncate.o)
    0x08000b36   0x000000b2   Code   RO         4411    .text               c_w.l(_printf_intcommon.o)
    0x08000be8   0x00000028   Code   RO         4413    .text               c_w.l(_printf_charcount.o)
    0x08000c10   0x0000041e   Code   RO         4415    .text               c_w.l(_printf_fp_dec.o)
    0x0800102e   0x00000002   PAD
    0x08001030   0x00000030   Code   RO         4417    .text               c_w.l(_printf_char_common.o)
    0x08001060   0x0000000a   Code   RO         4419    .text               c_w.l(_sputc.o)
    0x0800106a   0x00000010   Code   RO         4421    .text               c_w.l(_snputc.o)
    0x0800107a   0x0000002c   Code   RO         4423    .text               c_w.l(_printf_char.o)
    0x080010a6   0x00000002   PAD
    0x080010a8   0x000000bc   Code   RO         4425    .text               c_w.l(_printf_wctomb.o)
    0x08001164   0x0000007c   Code   RO         4428    .text               c_w.l(_printf_longlong_dec.o)
    0x080011e0   0x00000070   Code   RO         4434    .text               c_w.l(_printf_oct_int_ll.o)
    0x08001250   0x0000001c   Code   RO         4454    .text               c_w.l(_chval.o)
    0x0800126c   0x00000070   Code   RO         4460    .text               c_w.l(strtol.o)
    0x080012dc   0x00000008   Code   RO         4559    .text               c_w.l(libspace.o)
    0x080012e4   0x00000008   Code   RO         4580    .text               c_w.l(rt_locale_intlibspace.o)
    0x080012ec   0x00000034   Code   RO         4586    .text               c_w.l(h1_extend.o)
    0x08001320   0x0000008a   Code   RO         4590    .text               c_w.l(lludiv10.o)
    0x080013aa   0x00000002   PAD
    0x080013ac   0x000002fc   Code   RO         4594    .text               c_w.l(_printf_fp_hex.o)
    0x080016a8   0x00000080   Code   RO         4597    .text               c_w.l(_printf_fp_infnan.o)
    0x08001728   0x0000002c   Code   RO         4601    .text               c_w.l(_printf_wchar.o)
    0x08001754   0x0000009e   Code   RO         4605    .text               c_w.l(_strtoul.o)
    0x080017f2   0x00000002   PAD
    0x080017f4   0x000000e4   Code   RO         4607    .text               c_w.l(bigflt0.o)
    0x080018d8   0x00000040   Code   RO         4632    .text               c_w.l(_wcrtomb.o)
    0x08001918   0x0000000e   Code   RO         4640    .text               c_w.l(defsig_rtmem_outer.o)
    0x08001926   0x00000002   Code   RO         4657    .text               c_w.l(use_no_semi.o)
    0x08001928   0x00000000   Code   RO         4659    .text               c_w.l(indicate_semi.o)
    0x08001928   0x0000004a   Code   RO         4660    .text               c_w.l(sys_stackheap_outer.o)
    0x08001972   0x00000012   Code   RO         4666    .text               c_w.l(exit.o)
    0x08001984   0x0000000a   Code   RO         4668    .text               c_w.l(defsig_exit.o)
    0x0800198e   0x00000002   PAD
    0x08001990   0x00000050   Code   RO         4670    .text               c_w.l(defsig_rtmem_inner.o)
    0x080019e0   0x00000080   Code   RO         4672    .text               c_w.l(strcmpv7m.o)
    0x08001a60   0x0000000c   Code   RO         4686    .text               c_w.l(sys_exit.o)
    0x08001a6c   0x00000032   Code   RO         4696    .text               c_w.l(defsig_general.o)
    0x08001a9e   0x0000000e   Code   RO         4718    .text               c_w.l(sys_wrch.o)
    0x08001aac   0x0000003e   Code   RO         4610    CL$$btod_d2e        c_w.l(btod.o)
    0x08001aea   0x00000046   Code   RO         4612    CL$$btod_d2e_denorm_low  c_w.l(btod.o)
    0x08001b30   0x00000060   Code   RO         4611    CL$$btod_d2e_norm_op1  c_w.l(btod.o)
    0x08001b90   0x00000338   Code   RO         4620    CL$$btod_div_common  c_w.l(btod.o)
    0x08001ec8   0x000000dc   Code   RO         4617    CL$$btod_e2e        c_w.l(btod.o)
    0x08001fa4   0x0000002a   Code   RO         4614    CL$$btod_ediv       c_w.l(btod.o)
    0x08001fce   0x0000002a   Code   RO         4613    CL$$btod_emul       c_w.l(btod.o)
    0x08001ff8   0x00000244   Code   RO         4619    CL$$btod_mult_common  c_w.l(btod.o)
    0x0800223c   0x0000016c   Code   RO         3759    i.BASE64_Decode     base64.o
    0x080023a8   0x00000144   Code   RO         3760    i.BASE64_Encode     base64.o
    0x080024ec   0x00000004   Code   RO         3315    i.BusFault_Handler  stm32f10x_it.o
    0x080024f0   0x00000002   Code   RO         3316    i.DebugMon_Handler  stm32f10x_it.o
    0x080024f2   0x00000002   PAD
    0x080024f4   0x00000048   Code   RO         3250    i.DelayXms          delay.o
    0x0800253c   0x00000038   Code   RO         3251    i.Delay_Init        delay.o
    0x08002574   0x0000001c   Code   RO         3378    i.ESP8266_Clear     esp8266.o
    0x08002590   0x00000050   Code   RO         3379    i.ESP8266_GetIPD    esp8266.o
    0x080025e0   0x00000174   Code   RO         3380    i.ESP8266_Init      esp8266.o
    0x08002754   0x00000054   Code   RO         3381    i.ESP8266_SendCmd   esp8266.o
    0x080027a8   0x00000048   Code   RO         3382    i.ESP8266_SendData  esp8266.o
    0x080027f0   0x00000034   Code   RO         3383    i.ESP8266_WaitRecive  esp8266.o
    0x08002824   0x00000116   Code   RO         1347    i.GPIO_Init         stm32f10x_gpio.o
    0x0800293a   0x0000000a   Code   RO         1358    i.GPIO_WriteBit     stm32f10x_gpio.o
    0x08002944   0x00000004   Code   RO         3317    i.HardFault_Handler  stm32f10x_it.o
    0x08002948   0x00000044   Code   RO         3281    i.Hardware_Init     main.o
    0x0800298c   0x00000030   Code   RO         4141    i.Led_Init          led.o
    0x080029bc   0x00000020   Code   RO         4142    i.Led_Set           led.o
    0x080029dc   0x0000001c   Code   RO         3492    i.MQTT_DeleteBuffer  mqttkit.o
    0x080029f8   0x0000002e   Code   RO         3493    i.MQTT_DumpLength   mqttkit.o
    0x08002a26   0x00000058   Code   RO         3494    i.MQTT_NewBuffer    mqttkit.o
    0x08002a7e   0x00000002   PAD
    0x08002a80   0x000002a0   Code   RO         3496    i.MQTT_PacketConnect  mqttkit.o
    0x08002d20   0x000001b8   Code   RO         3499    i.MQTT_PacketPublish  mqttkit.o
    0x08002ed8   0x00000064   Code   RO         3505    i.MQTT_PacketSaveData  mqttkit.o
    0x08002f3c   0x000000fe   Code   RO         3506    i.MQTT_PacketSubscribe  mqttkit.o
    0x0800303a   0x00000046   Code   RO         3508    i.MQTT_ReadLength   mqttkit.o
    0x08003080   0x0000001e   Code   RO         3510    i.MQTT_UnPacketConnectAck  mqttkit.o
    0x0800309e   0x00000002   PAD
    0x080030a0   0x000001c0   Code   RO         3511    i.MQTT_UnPacketPublish  mqttkit.o
    0x08003260   0x0000001e   Code   RO         3512    i.MQTT_UnPacketPublishAck  mqttkit.o
    0x0800327e   0x00000002   PAD
    0x08003280   0x00000074   Code   RO         3516    i.MQTT_UnPacketRecv  mqttkit.o
    0x080032f4   0x00000034   Code   RO         3517    i.MQTT_UnPacketSubscribe  mqttkit.o
    0x08003328   0x00000004   Code   RO         3318    i.MemManage_Handler  stm32f10x_it.o
    0x0800332c   0x00000002   Code   RO         3319    i.NMI_Handler       stm32f10x_it.o
    0x0800332e   0x00000002   PAD
    0x08003330   0x00000070   Code   RO          137    i.NVIC_Init         misc.o
    0x080033a0   0x00000014   Code   RO          138    i.NVIC_PriorityGroupConfig  misc.o
    0x080033b4   0x00000118   Code   RO         3676    i.OTA_UrlEncode     onenet.o
    0x080034cc   0x0000019c   Code   RO         3677    i.OneNET_Authorization  onenet.o
    0x08003668   0x000000a4   Code   RO         3680    i.OneNET_Subscribe  onenet.o
    0x0800370c   0x00000280   Code   RO         3681    i.OneNet_DevLink    onenet.o
    0x0800398c   0x00000080   Code   RO         3682    i.OneNet_FillBuf    onenet.o
    0x08003a0c   0x000001ec   Code   RO         3683    i.OneNet_RevPro     onenet.o
    0x08003bf8   0x000000ec   Code   RO         3684    i.OneNet_SendData   onenet.o
    0x08003ce4   0x00000002   Code   RO         3320    i.PendSV_Handler    stm32f10x_it.o
    0x08003ce6   0x00000002   PAD
    0x08003ce8   0x00000020   Code   RO         1775    i.RCC_APB1PeriphClockCmd  stm32f10x_rcc.o
    0x08003d08   0x00000020   Code   RO         1777    i.RCC_APB2PeriphClockCmd  stm32f10x_rcc.o
    0x08003d28   0x000000d4   Code   RO         1785    i.RCC_GetClocksFreq  stm32f10x_rcc.o
    0x08003dfc   0x00000002   Code   RO         3321    i.SVC_Handler       stm32f10x_it.o
    0x08003dfe   0x00000008   Code   RO           24    i.SetSysClock       system_stm32f10x.o
    0x08003e06   0x00000002   PAD
    0x08003e08   0x000000e0   Code   RO           25    i.SetSysClockTo72   system_stm32f10x.o
    0x08003ee8   0x00000002   Code   RO         3322    i.SysTick_Handler   stm32f10x_it.o
    0x08003eea   0x00000002   PAD
    0x08003eec   0x00000060   Code   RO           27    i.SystemInit        system_stm32f10x.o
    0x08003f4c   0x0000001c   Code   RO         3196    i.USART1_IRQHandler  usart.o
    0x08003f68   0x0000004c   Code   RO         3384    i.USART2_IRQHandler  esp8266.o
    0x08003fb4   0x00000012   Code   RO         2956    i.USART_ClearFlag   stm32f10x_usart.o
    0x08003fc6   0x00000018   Code   RO         2960    i.USART_Cmd         stm32f10x_usart.o
    0x08003fde   0x0000001a   Code   RO         2963    i.USART_GetFlagStatus  stm32f10x_usart.o
    0x08003ff8   0x00000054   Code   RO         2964    i.USART_GetITStatus  stm32f10x_usart.o
    0x0800404c   0x0000004a   Code   RO         2966    i.USART_ITConfig    stm32f10x_usart.o
    0x08004096   0x00000002   PAD
    0x08004098   0x000000d8   Code   RO         2967    i.USART_Init        stm32f10x_usart.o
    0x08004170   0x00000008   Code   RO         2977    i.USART_SendData    stm32f10x_usart.o
    0x08004178   0x00000004   Code   RO         3323    i.UsageFault_Handler  stm32f10x_it.o
    0x0800417c   0x000000b0   Code   RO         3197    i.Usart1_Init       usart.o
    0x0800422c   0x000000ac   Code   RO         3198    i.Usart2_Init       usart.o
    0x080042d8   0x00000048   Code   RO         3199    i.UsartPrintf       usart.o
    0x08004320   0x00000032   Code   RO         3200    i.Usart_SendString  usart.o
    0x08004352   0x00000028   Code   RO         4544    i.__ARM_fpclassify  m_ws.l(fpclassify.o)
    0x0800437a   0x000000aa   Code   RO         4546    i.__kernel_poly     m_ws.l(poly.o)
    0x08004424   0x00000010   Code   RO         4530    i.__mathlib_dbl_divzero  m_ws.l(dunder.o)
    0x08004434   0x00000004   Code   RO         4532    i.__mathlib_dbl_infnan2  m_ws.l(dunder.o)
    0x08004438   0x0000000c   Code   RO         4533    i.__mathlib_dbl_invalid  m_ws.l(dunder.o)
    0x08004444   0x0000000e   Code   RO         4534    i.__mathlib_dbl_overflow  m_ws.l(dunder.o)
    0x08004452   0x00000002   PAD
    0x08004454   0x00000010   Code   RO         4536    i.__mathlib_dbl_underflow  m_ws.l(dunder.o)
    0x08004464   0x0000000e   Code   RO         4280    i._is_digit         c_w.l(__printf_wp.o)
    0x08004472   0x00000002   PAD
    0x08004474   0x00000058   Code   RO         3803    i.cJSON_Delete      cjson.o
    0x080044cc   0x0000001e   Code   RO         3812    i.cJSON_GetObjectItem  cjson.o
    0x080044ea   0x00000002   PAD
    0x080044ec   0x00000020   Code   RO         3816    i.cJSON_New_Item    cjson.o
    0x0800450c   0x00000010   Code   RO         3817    i.cJSON_Parse       cjson.o
    0x0800451c   0x00000064   Code   RO         3818    i.cJSON_ParseWithOpts  cjson.o
    0x08004580   0x0000004c   Code   RO         3824    i.cJSON_strcasecmp  cjson.o
    0x080045cc   0x0000004c   Code   RO         3437    i.ft                hmac_sha1.o
    0x08004618   0x0000012e   Code   RO         3438    i.hmac_sha1         hmac_sha1.o
    0x08004746   0x00000002   PAD
    0x08004748   0x00000034   Code   RO         3439    i.k                 hmac_sha1.o
    0x0800477c   0x0000010c   Code   RO         3282    i.main              main.o
    0x08004888   0x000000ac   Code   RO         3828    i.parse_array       cjson.o
    0x08004934   0x00000114   Code   RO         3829    i.parse_hex4        cjson.o
    0x08004a48   0x000001bc   Code   RO         3830    i.parse_number      cjson.o
    0x08004c04   0x00000114   Code   RO         3831    i.parse_object      cjson.o
    0x08004d18   0x000001cc   Code   RO         3832    i.parse_string      cjson.o
    0x08004ee4   0x000000bc   Code   RO         3833    i.parse_value       cjson.o
    0x08004fa0   0x000009d8   Code   RO         4363    i.pow               m_ws.l(pow.o)
    0x08005978   0x0000002e   Code   RO         3440    i.rotl              hmac_sha1.o
    0x080059a6   0x00000002   PAD
    0x080059a8   0x00000284   Code   RO         3442    i.sha1              hmac_sha1.o
    0x08005c2c   0x00000012   Code   RO         3841    i.skip              cjson.o
    0x08005c3e   0x0000004c   Code   RO         4550    i.sqrt              m_ws.l(sqrt.o)
    0x08005c8a   0x00000002   PAD
    0x08005c8c   0x0000002c   Code   RO         4635    locale$$code        c_w.l(lc_ctype_c.o)
    0x08005cb8   0x0000002c   Code   RO         4638    locale$$code        c_w.l(lc_numeric_c.o)
    0x08005ce4   0x00000150   Code   RO         4330    x$fpl$dadd          fz_ws.l(daddsub_clz.o)
    0x08005e34   0x00000010   Code   RO         4649    x$fpl$dcheck1       fz_ws.l(dcheck1.o)
    0x08005e44   0x00000018   Code   RO         4509    x$fpl$dcmpinf       fz_ws.l(dcmpi.o)
    0x08005e5c   0x000002b0   Code   RO         4512    x$fpl$ddiv          fz_ws.l(ddiv.o)
    0x0800610c   0x0000005e   Code   RO         4338    x$fpl$dfix          fz_ws.l(dfix.o)
    0x0800616a   0x0000002e   Code   RO         4343    x$fpl$dflt          fz_ws.l(dflt_clz.o)
    0x08006198   0x00000078   Code   RO         4348    x$fpl$dleqf         fz_ws.l(dleqf.o)
    0x08006210   0x00000154   Code   RO         4350    x$fpl$dmul          fz_ws.l(dmul.o)
    0x08006364   0x0000009c   Code   RO         4515    x$fpl$dnaninf       fz_ws.l(dnaninf.o)
    0x08006400   0x0000000c   Code   RO         4517    x$fpl$dretinf       fz_ws.l(dretinf.o)
    0x0800640c   0x0000006c   Code   RO         4352    x$fpl$drleqf        fz_ws.l(drleqf.o)
    0x08006478   0x00000016   Code   RO         4331    x$fpl$drsb          fz_ws.l(daddsub_clz.o)
    0x0800648e   0x00000002   PAD
    0x08006490   0x000001cc   Code   RO         4651    x$fpl$dsqrt         fz_ws.l(dsqrt_noumaal.o)
    0x0800665c   0x000001d4   Code   RO         4332    x$fpl$dsub          fz_ws.l(daddsub_clz.o)
    0x08006830   0x00000004   Code   RO         4356    x$fpl$printf1       fz_ws.l(printf1.o)
    0x08006834   0x00000004   Code   RO         4521    x$fpl$printf2       fz_ws.l(printf2.o)
    0x08006838   0x00000064   Code   RO         4684    x$fpl$retnan        fz_ws.l(retnan.o)
    0x0800689c   0x0000005c   Code   RO         4527    x$fpl$scalbn        fz_ws.l(scalbn.o)
    0x080068f8   0x00000030   Code   RO         4716    x$fpl$trapveneer    fz_ws.l(trapv.o)
    0x08006928   0x00000000   Code   RO         4529    x$fpl$usenofp       fz_ws.l(usenofp.o)
    0x08006928   0x000000c0   Data   RO         3761    .constdata          base64.o
    0x080069e8   0x00000007   Data   RO         3844    .constdata          cjson.o
    0x080069ef   0x00000028   Data   RO         4268    .constdata          c_w.l(_printf_hex_int_ll_ptr.o)
    0x08006a17   0x00000011   Data   RO         4288    .constdata          c_w.l(__printf_flags_ss_wp.o)
    0x08006a28   0x00000088   Data   RO         4364    .constdata          m_ws.l(pow.o)
    0x08006ab0   0x00000008   Data   RO         4426    .constdata          c_w.l(_printf_wctomb.o)
    0x08006ab8   0x00000008   Data   RO         4548    .constdata          m_ws.l(qnan.o)
    0x08006ac0   0x00000026   Data   RO         4595    .constdata          c_w.l(_printf_fp_hex.o)
    0x08006ae6   0x00000002   PAD
    0x08006ae8   0x00000094   Data   RO         4608    .constdata          c_w.l(bigflt0.o)
    0x08006b7c   0x00000047   Data   RO         3686    .conststring        onenet.o
    0x08006bc3   0x00000001   PAD
    0x08006bc4   0x00000020   Data   RO         4748    Region$$Table       anon$$obj.o
    0x08006be4   0x00000110   Data   RO         4634    locale$$data        c_w.l(lc_ctype_c.o)
    0x08006cf4   0x0000001c   Data   RO         4637    locale$$data        c_w.l(lc_numeric_c.o)


    Execution Region RW_IRAM1 (Base: 0x20000000, Size: 0x00000c90, Max: 0x00005000, ABSOLUTE)

    Base Addr    Size         Type   Attr      Idx    E Section Name        Object

    0x20000000   0x00000014   Data   RW         1805    .data               stm32f10x_rcc.o
    0x20000014   0x00000004   Data   RW         3252    .data               delay.o
    0x20000018   0x00000004   Data   RW         3386    .data               esp8266.o
    0x2000001c   0x00000002   Data   RW         3687    .data               onenet.o
    0x2000001e   0x00000002   PAD
    0x20000020   0x0000000c   Data   RW         3845    .data               cjson.o
    0x2000002c   0x00000001   Data   RW         4143    .data               led.o
    0x2000002d   0x00000003   PAD
    0x20000030   0x00000200   Zero   RW         3385    .bss                esp8266.o
    0x20000230   0x00000060   Zero   RW         4560    .bss                c_w.l(libspace.o)
    0x20000290   0x00000200   Zero   RW            2    HEAP                startup_stm32f10x_md.o
    0x20000490   0x00000800   Zero   RW            1    STACK               startup_stm32f10x_md.o


==============================================================================

Image component sizes


      Code (inc. data)   RO Data    RW Data    ZI Data      Debug   Object Name

       688          8        192          0          0       3344   base64.o
      2176         82          7         12          0      11025   cjson.o
         0          0          0          0          0       4516   core_cm3.o
       128         14          0          4          0       1166   delay.o
       764        242          0          4        512       4563   esp8266.o
      1120         30          0          0          0       4083   hmac_sha1.o
        80         12          0          1          0       1356   led.o
       336        166          0          0          0        975   main.o
       132         22          0          0          0     204631   misc.o
      2374         58          0          0          0      13048   mqttkit.o
      2352        986         71          2          0       9213   onenet.o
        64         26        236          0       2560        792   startup_stm32f10x_md.o
         0          0          0          0          0       1632   stm32f10x_adc.o
       288          0          0          0          0      10648   stm32f10x_gpio.o
        26          0          0          0          0       3514   stm32f10x_it.o
       276         32          0         20          0      12826   stm32f10x_rcc.o
       450          6          0          0          0      11663   stm32f10x_usart.o
       328         28          0          0          0      24717   system_stm32f10x.o
       498         24          0          0          0       4421   usart.o

    ----------------------------------------------------------------------
     12104       1736        539         48       3072     328133   Object Totals
         0          0         32          0          0          0   (incl. Generated)
        24          0          1          5          0          0   (incl. Padding)

    ----------------------------------------------------------------------

      Code (inc. data)   RO Data    RW Data    ZI Data      Debug   Library Member Name

        56          6          0          0          0         88   __2snprintf.o
        44          6          0          0          0         84   __2sprintf.o
         8          0          0          0          0         68   __main.o
       392          4         17          0          0         92   __printf_flags_ss_wp.o
        14          0          0          0          0         68   __printf_wp.o
         0          0          0          0          0          0   __rtentry.o
        12          0          0          0          0          0   __rtentry2.o
         6          0          0          0          0          0   __rtentry4.o
        52          8          0          0          0          0   __scatter.o
        26          0          0          0          0          0   __scatter_copy.o
        28          0          0          0          0          0   __scatter_zi.o
        28          0          0          0          0         68   _chval.o
         6          0          0          0          0          0   _printf_a.o
         6          0          0          0          0          0   _printf_c.o
        44          0          0          0          0        108   _printf_char.o
        48          6          0          0          0         96   _printf_char_common.o
        40          0          0          0          0         68   _printf_charcount.o
         6          0          0          0          0          0   _printf_d.o
       120         16          0          0          0         92   _printf_dec.o
         6          0          0          0          0          0   _printf_e.o
         6          0          0          0          0          0   _printf_f.o
      1054          0          0          0          0        216   _printf_fp_dec.o
       764          8         38          0          0        100   _printf_fp_hex.o
       128         16          0          0          0         84   _printf_fp_infnan.o
         6          0          0          0          0          0   _printf_g.o
       148          4         40          0          0        160   _printf_hex_int_ll_ptr.o
         6          0          0          0          0          0   _printf_i.o
       178          0          0          0          0         88   _printf_intcommon.o
        10          0          0          0          0          0   _printf_l.o
         6          0          0          0          0          0   _printf_lc.o
        10          0          0          0          0          0   _printf_ll.o
         6          0          0          0          0          0   _printf_lld.o
         6          0          0          0          0          0   _printf_lli.o
         6          0          0          0          0          0   _printf_llo.o
         6          0          0          0          0          0   _printf_llu.o
         6          0          0          0          0          0   _printf_llx.o
       124         16          0          0          0         92   _printf_longlong_dec.o
         6          0          0          0          0          0   _printf_ls.o
         6          0          0          0          0          0   _printf_n.o
         6          0          0          0          0          0   _printf_o.o
       112         10          0          0          0        124   _printf_oct_int_ll.o
         6          0          0          0          0          0   _printf_p.o
        78          0          0          0          0        108   _printf_pad.o
         0          0          0          0          0          0   _printf_percent.o
         4          0          0          0          0          0   _printf_percent_end.o
         6          0          0          0          0          0   _printf_s.o
        82          0          0          0          0         80   _printf_str.o
        36          0          0          0          0         84   _printf_truncate.o
         6          0          0          0          0          0   _printf_u.o
        44          0          0          0          0        108   _printf_wchar.o
       188          6          8          0          0         92   _printf_wctomb.o
         6          0          0          0          0          0   _printf_x.o
        22          0          0          0          0        100   _rserrno.o
        16          0          0          0          0         68   _snputc.o
        10          0          0          0          0         68   _sputc.o
       158          0          0          0          0         92   _strtoul.o
        64          0          0          0          0         92   _wcrtomb.o
        26          0          0          0          0         80   atoi.o
       228          4        148          0          0         96   bigflt0.o
      1936        128          0          0          0        672   btod.o
        10          0          0          0          0         68   defsig_exit.o
        50          0          0          0          0         88   defsig_general.o
        80         58          0          0          0         76   defsig_rtmem_inner.o
        14          0          0          0          0         80   defsig_rtmem_outer.o
        18          0          0          0          0         80   exit.o
        94          0          0          0          0         80   h1_alloc.o
        52          0          0          0          0         68   h1_extend.o
        78          0          0          0          0         80   h1_free.o
        14          0          0          0          0         84   h1_init.o
         6          0          0          0          0        152   heapauxi.o
         4          0          0          0          0        136   hguard.o
         0          0          0          0          0          0   indicate_semi.o
       138          0          0          0          0        168   init_alloc.o
        44         10        272          0          0         76   lc_ctype_c.o
        44         10         28          0          0         76   lc_numeric_c.o
         2          0          0          0          0          0   libinit.o
        38          0          0          0          0          0   libinit2.o
         2          0          0          0          0          0   libshutdown.o
         2          0          0          0          0          0   libshutdown2.o
         8          4          0          0         96         68   libspace.o
       138          0          0          0          0         80   lludiv10.o
         0          0          0          0          0          0   maybetermalloc1.o
        16          4          0          0          0         76   rt_ctype_table.o
         8          4          0          0          0         68   rt_errno_addr_intlibspace.o
         8          4          0          0          0         68   rt_heap_descriptor_intlibspace.o
         8          4          0          0          0         68   rt_locale_intlibspace.o
        68          0          0          0          0         68   rt_memclr.o
        78          0          0          0          0         80   rt_memclr_w.o
       138          0          0          0          0         68   rt_memcpy_v6.o
       100          0          0          0          0         80   rt_memcpy_w.o
         2          0          0          0          0          0   rtexit.o
        10          0          0          0          0          0   rtexit2.o
        24          0          0          0          0         68   strcat.o
        20          0          0          0          0         68   strchr.o
       128          0          0          0          0         68   strcmpv7m.o
        72          0          0          0          0         80   strcpy.o
        62          0          0          0          0         76   strlen.o
        36          0          0          0          0         76   strncat.o
       150          0          0          0          0         80   strncmp.o
        36          0          0          0          0         80   strstr.o
       112          0          0          0          0         88   strtol.o
        12          4          0          0          0         68   sys_exit.o
        74          0          0          0          0         80   sys_stackheap_outer.o
        14          0          0          0          0         76   sys_wrch.o
        26          0          0          0          0         76   tolower.o
         2          0          0          0          0         68   use_no_semi.o
        52          4          0          0          0         80   vsnprintf.o
       826         16          0          0          0        348   daddsub_clz.o
        16          4          0          0          0         68   dcheck1.o
        24          0          0          0          0         68   dcmpi.o
       688        140          0          0          0        208   ddiv.o
        94          4          0          0          0         92   dfix.o
        46          0          0          0          0         68   dflt_clz.o
       120          4          0          0          0         92   dleqf.o
       340         12          0          0          0        104   dmul.o
       156          4          0          0          0         92   dnaninf.o
        12          0          0          0          0         68   dretinf.o
       108          0          0          0          0         80   drleqf.o
       460         56          0          0          0        120   dsqrt_noumaal.o
         4          0          0          0          0         68   printf1.o
         4          0          0          0          0         68   printf2.o
       100          0          0          0          0         68   retnan.o
        92          0          0          0          0         68   scalbn.o
        48          0          0          0          0         68   trapv.o
         0          0          0          0          0          0   usenofp.o
        62         10          0          0          0        340   dunder.o
        40          0          0          0          0         68   fpclassify.o
       170          0          0          0          0         96   poly.o
      2520        190        136          0          0        324   pow.o
         0          0          8          0          0          0   qnan.o
        76          0          0          0          0         84   sqrt.o

    ----------------------------------------------------------------------
     14580        784        697          0         96       9264   Library Totals
        24          0          2          0          0          0   (incl. Padding)

    ----------------------------------------------------------------------

      Code (inc. data)   RO Data    RW Data    ZI Data      Debug   Library Name

      8550        344        551          0         96       6604   c_w.l
      3138        240          0          0          0       1748   fz_ws.l
      2868        200        144          0          0        912   m_ws.l

    ----------------------------------------------------------------------
     14580        784        697          0         96       9264   Library Totals

    ----------------------------------------------------------------------

==============================================================================


      Code (inc. data)   RO Data    RW Data    ZI Data      Debug   

     26684       2520       1236         48       3168     327929   Grand Totals
     26684       2520       1236         48       3168     327929   ELF Image Totals
     26684       2520       1236         48          0          0   ROM Totals

==============================================================================

    Total RO  Size (Code + RO Data)                27920 (  27.27kB)
    Total RW  Size (RW Data + ZI Data)              3216 (   3.14kB)
    Total ROM Size (Code + RO Data + RW Data)      27968 (  27.31kB)

==============================================================================

