<html>
<body>
<pre>
<h1>礦ision Build Log</h1>
<h2>Tool Versions:</h2>
IDE-Version: μVision V5.14.1
Copyright (C) 2015 ARM Ltd and ARM Germany GmbH. All rights reserved.
License Information: Cortex-M3, 1, LIC=HN0AE-5XRL0-FW12N-YKLKH-CYLST-G8V3E
 
Tool Versions:
Toolchain:       MDK-ARM Standard  Version: 5.33.0.0
Toolchain Path:  D:\Keil5\keil5\ARM\ARMCC\Bin
C Compiler:      Armcc.exe V5.06 update 7 (build 960)
Assembler:       Armasm.exe V5.06 update 7 (build 960)
Linker/Locator:  ArmLink.exe V5.06 update 7 (build 960)
Library Manager: ArmAr.exe V5.06 update 7 (build 960)
Hex Converter:   FromElf.exe V5.06 update 7 (build 960)
CPU DLL:         SARMCM3.DLL V5.33.0.0
Dialog DLL:      DARMSTM.DLL V1.68.0.0
Target DLL:      Segger\JL2CM3.dll V2.99.38.0
Dialog DLL:      TARMSTM.DLL V1.66.0.0
 
<h2>Project:</h2>
D:\界面\wifi例程\WiFi源码\MQTT下发命令控制LED（stm32F103c8t6）\stm32f103.uvprojx
Project File Date:  11/29/2023

<h2>Output:</h2>
*** Using Compiler 'V5.06 update 7 (build 960)', folder: 'D:\Keil5\keil5\ARM\ARMCC\Bin'
Build target 'STM32F103'
compiling core_cm3.c...
compiling stm32f10x_it.c...
compiling system_stm32f10x.c...
assembling startup_stm32f10x_md.s...
compiling misc.c...
compiling stm32f10x_gpio.c...
compiling stm32f10x_rcc.c...
compiling stm32f10x_usart.c...
compiling stm32f10x_exti.c...
compiling delay.c...
compiling usart.c...
compiling led.c...
compiling key.c...
compiling dht11.c...
hardware\src\dht11.c(18): warning:  #188-D: enumerated type mixed with another type
        DHT11_DQ_OUT(0);        //拉低DQ
hardware\src\dht11.c(20): warning:  #188-D: enumerated type mixed with another type
        DHT11_DQ_OUT(1);        //DQ=1 
hardware\src\dht11.c: 2 warnings, 0 errors
compiling main.c...
compiling onenet.c...
NET\onenet\src\onenet.c(528): warning:  #177-D: variable "data_ptr"  was declared but never referenced
                                char *data_ptr = NULL;
NET\onenet\src\onenet.c(514): warning:  #177-D: variable "dataPtr"  was declared but never referenced
        char *dataPtr = NULL;
NET\onenet\src\onenet.c(515): warning:  #177-D: variable "numBuf"  was declared but never referenced
        char numBuf[10];
NET\onenet\src\onenet.c(516): warning:  #177-D: variable "num"  was declared but never referenced
        int num = 0;
NET\onenet\src\onenet.c: 4 warnings, 0 errors
compiling hmac_sha1.c...
compiling base64.c...
compiling MqttKit.c...
compiling esp8266.c...
compiling cJSON.c...
NET\CJSON\cJSON.c(55): warning:  #1293-D: assignment in condition
        if (!(copy = (char*)cJSON_malloc(len))) return 0;
NET\CJSON\cJSON.c(278): warning:  #1293-D: assignment in condition
        ptr=str;while ((token=*ptr) && ++len) {if (strchr("\"\\\b\f\n\r\t",token)) len++; else if (token<32) len+=5;ptr++;}
NET\CJSON\cJSON.c(352): warning:  #111-D: statement is unreachable
        return p.buffer;
NET\CJSON\cJSON.c(423): warning:  #1293-D: assignment in condition
                if (!(new_item=cJSON_New_Item())) return 0;     /* memory fail */
NET\CJSON\cJSON.c(535): warning:  #1293-D: assignment in condition
                if (!(new_item=cJSON_New_Item()))       return 0; /* memory fail */
NET\CJSON\cJSON.c: 5 warnings, 0 errors
linking...
Program Size: Code=36710 RO-data=1422 RW-data=64 ZI-data=3232  
FromELF: creating hex file...
".\output\stm32f103.axf" - 0 Error(s), 11 Warning(s).

<h2>Software Packages used:</h2>

Package Vendor: ARM
                http://www.keil.com/pack/ARM.CMSIS.5.7.0.pack
                ARM::CMSIS:CORE:5.4.0
                CMSIS (Cortex Microcontroller Software Interface Standard)
   * Component: CORE Version: 5.4.0

<h2>Collection of Component include folders:</h2>
  D:\界面\wifi例程\WiFi源码\MQTT下发命令控制LED（stm32F103c8t6）\RTE
  D:\Keil5\keil5\bao\ARM\CMSIS\5.7.0\CMSIS\Core\Include
  D:\Keil5\keil5\bao\Keil\STM32F1xx_DFP\2.3.0\Device\Include

<h2>Collection of Component Files used:</h2>

   * Component: ARM::CMSIS:CORE:5.4.0
      Source file:   CMSIS\Core\Template\ARMv8-M\main_s.c
      Source file:   CMSIS\Core\Template\ARMv8-M\tz_context.c
      Include file:  CMSIS\Core\Include\tz_context.h
</pre>
</body>
</html>
