<html>
<body>
<pre>
<h1>礦ision Build Log</h1>
<h2>Tool Versions:</h2>
IDE-Version: μVision V5.14.1
Copyright (C) 2015 ARM Ltd and ARM Germany GmbH. All rights reserved.
License Information: Cortex-M3, 1, LIC=HN0AE-5XRL0-FW12N-YKLKH-CYLST-G8V3E
 
Tool Versions:
Toolchain:       MDK-ARM Standard  Version: 5.33.0.0
Toolchain Path:  D:\Keil5\keil5\ARM\ARMCC\Bin
C Compiler:      Armcc.exe V5.06 update 7 (build 960)
Assembler:       Armasm.exe V5.06 update 7 (build 960)
Linker/Locator:  ArmLink.exe V5.06 update 7 (build 960)
Library Manager: ArmAr.exe V5.06 update 7 (build 960)
Hex Converter:   FromElf.exe V5.06 update 7 (build 960)
CPU DLL:         SARMCM3.DLL V5.33.0.0
Dialog DLL:      DCM.DLL V1.17.3.0
Target DLL:      Segger\JL2CM3.dll V2.99.38.0
Dialog DLL:      TCM.DLL V1.48.0.0
 
<h2>Project:</h2>
D:\界面\wifi连接\Project.uvprojx
Project File Date:  12/06/2023

<h2>Output:</h2>
*** Using Compiler 'V5.06 update 7 (build 960)', folder: 'D:\Keil5\keil5\ARM\ARMCC\Bin'
Build target 'Target 1'
assembling startup_stm32f10x_md.s...
compiling core_cm3.c...
compiling system_stm32f10x.c...
compiling misc.c...
compiling stm32f10x_adc.c...
compiling stm32f10x_bkp.c...
compiling stm32f10x_can.c...
compiling stm32f10x_cec.c...
compiling stm32f10x_crc.c...
compiling stm32f10x_dac.c...
compiling stm32f10x_dbgmcu.c...
compiling stm32f10x_dma.c...
compiling stm32f10x_exti.c...
compiling stm32f10x_flash.c...
compiling stm32f10x_fsmc.c...
compiling stm32f10x_gpio.c...
compiling stm32f10x_i2c.c...
compiling stm32f10x_iwdg.c...
compiling stm32f10x_pwr.c...
compiling stm32f10x_rcc.c...
compiling stm32f10x_rtc.c...
compiling stm32f10x_sdio.c...
compiling stm32f10x_spi.c...
compiling stm32f10x_tim.c...
compiling stm32f10x_usart.c...
compiling stm32f10x_wwdg.c...
compiling usart.c...
compiling delay.c...
compiling main.c...
User\main.c(35): warning:  #177-D: variable "timeCount"  was declared but never referenced
        unsigned short timeCount = 0;   //发送间隔变量
User\main.c(37): warning:  #177-D: variable "dataPtr"  was declared but never referenced
        unsigned char *dataPtr = NULL;
User\main.c: 2 warnings, 0 errors
compiling stm32f10x_it.c...
compiling esp8266.c...
compiling hmac_sha1.c...
compiling MqttKit.c...
compiling onenet.c...
compiling base64.c...
linking...
Program Size: Code=15192 RO-data=1088 RW-data=28 ZI-data=3172  
".\Objects\Project.axf" - 0 Error(s), 2 Warning(s).

<h2>Collection of Component include folders:</h2>
  D:\界面\wifi连接\RTE
  D:\Keil5\keil5\bao\Keil\STM32F1xx_DFP\2.3.0\Device\Include

<h2>Collection of Component Files used:</h2>
</pre>
</body>
</html>
