Component: ARM Compiler 5.06 update 7 (build 960) Tool: armlink [4d3601]

==============================================================================

Section Cross References

    main.o(.text) refers to _printf_percent.o(.ARM.Collect$$_printf_percent$$00000000) for _printf_percent
    main.o(.text) refers to _printf_d.o(.ARM.Collect$$_printf_percent$$00000009) for _printf_d
    main.o(.text) refers to _printf_dec.o(.text) for _printf_int_dec
    main.o(.text) refers to misc.o(.text) for NVIC_PriorityGroupConfig
    main.o(.text) refers to led.o(.text) for LED_Init
    main.o(.text) refers to beep.o(.text) for BEEP_Init
    main.o(.text) refers to delay.o(.text) for delay_init
    main.o(.text) refers to usart.o(.text) for Usart1_Init
    main.o(.text) refers to key.o(.text) for KEY_EXTI
    main.o(.text) refers to esp8266.o(.text) for ESP8266_Init
    main.o(.text) refers to onenet.o(.text) for OneNet_DevLink
    main.o(.text) refers to __2sprintf.o(.text) for __2sprintf
    main.o(.text) refers to main.o(.constdata) for .constdata
    main.o(.constdata) refers to main.o(.conststring) for .conststring
    system_stm32f10x.o(.text) refers to system_stm32f10x.o(.data) for SystemCoreClock
    led.o(.text) refers to stm32f10x_rcc.o(.text) for RCC_APB2PeriphClockCmd
    led.o(.text) refers to stm32f10x_gpio.o(.text) for GPIO_Init
    key.o(.text) refers to stm32f10x_rcc.o(.text) for RCC_APB2PeriphClockCmd
    key.o(.text) refers to stm32f10x_gpio.o(.text) for GPIO_Init
    key.o(.text) refers to stm32f10x_exti.o(.text) for EXTI_Init
    key.o(.text) refers to misc.o(.text) for NVIC_Init
    key.o(.text) refers to delay.o(.text) for delay_ms
    key.o(.text) refers to main.o(.data) for n
    key.o(.text) refers to key.o(.data) for key_up
    timer.o(.text) refers to stm32f10x_rcc.o(.text) for RCC_APB1PeriphClockCmd
    timer.o(.text) refers to stm32f10x_gpio.o(.text) for GPIO_PinRemapConfig
    timer.o(.text) refers to stm32f10x_tim.o(.text) for TIM_TimeBaseInit
    ws2818.o(.text) refers to stm32f10x_rcc.o(.text) for RCC_APB2PeriphClockCmd
    ws2818.o(.text) refers to stm32f10x_gpio.o(.text) for GPIO_Init
    ws2818.o(.text) refers to delay.o(.text) for delay_us
    ws2812b.o(.text) refers to stm32f10x_rcc.o(.text) for RCC_APB2PeriphClockCmd
    ws2812b.o(.text) refers to stm32f10x_gpio.o(.text) for GPIO_Init
    ws2812b.o(.text) refers to stm32f10x_tim.o(.text) for TIM_TimeBaseInit
    ws2812b.o(.text) refers to stm32f10x_dma.o(.text) for DMA_DeInit
    ws2812b.o(.text) refers to ws2812b.o(.bss) for LED_BYTE_Buffer
    beep.o(.text) refers to stm32f10x_rcc.o(.text) for RCC_APB2PeriphClockCmd
    beep.o(.text) refers to stm32f10x_gpio.o(.text) for GPIO_Init
    delay.o(.text) refers to misc.o(.text) for SysTick_CLKSourceConfig
    delay.o(.text) refers to system_stm32f10x.o(.data) for SystemCoreClock
    delay.o(.text) refers to delay.o(.data) for fac_us
    usart.o(.text) refers to stm32f10x_rcc.o(.text) for RCC_APB2PeriphClockCmd
    usart.o(.text) refers to stm32f10x_gpio.o(.text) for GPIO_Init
    usart.o(.text) refers to stm32f10x_usart.o(.text) for USART_Init
    usart.o(.text) refers to misc.o(.text) for NVIC_Init
    usart.o(.text) refers to c89vsnprintf.o(.text) for __c89vsnprintf
    startup_stm32f10x_hd.o(STACK) refers (Special) to heapauxi.o(.text) for __use_two_region_memory
    startup_stm32f10x_hd.o(HEAP) refers (Special) to heapauxi.o(.text) for __use_two_region_memory
    startup_stm32f10x_hd.o(RESET) refers (Special) to heapauxi.o(.text) for __use_two_region_memory
    startup_stm32f10x_hd.o(RESET) refers to startup_stm32f10x_hd.o(STACK) for __initial_sp
    startup_stm32f10x_hd.o(RESET) refers to startup_stm32f10x_hd.o(.text) for Reset_Handler
    startup_stm32f10x_hd.o(RESET) refers to stm32f10x_it.o(.text) for NMI_Handler
    startup_stm32f10x_hd.o(RESET) refers to key.o(.text) for EXTI2_IRQHandler
    startup_stm32f10x_hd.o(RESET) refers to usart.o(.text) for USART1_IRQHandler
    startup_stm32f10x_hd.o(RESET) refers to esp8266.o(.text) for USART2_IRQHandler
    startup_stm32f10x_hd.o(.text) refers (Special) to heapauxi.o(.text) for __use_two_region_memory
    startup_stm32f10x_hd.o(.text) refers to system_stm32f10x.o(.text) for SystemInit
    startup_stm32f10x_hd.o(.text) refers to __main.o(!!!main) for __main
    startup_stm32f10x_hd.o(.text) refers to startup_stm32f10x_hd.o(HEAP) for Heap_Mem
    startup_stm32f10x_hd.o(.text) refers to startup_stm32f10x_hd.o(STACK) for Stack_Mem
    stm32f10x_gpio.o(.text) refers to stm32f10x_rcc.o(.text) for RCC_APB2PeriphResetCmd
    stm32f10x_rcc.o(.text) refers to stm32f10x_rcc.o(.data) for APBAHBPrescTable
    stm32f10x_tim.o(.text) refers to stm32f10x_rcc.o(.text) for RCC_APB2PeriphResetCmd
    stm32f10x_usart.o(.text) refers to stm32f10x_rcc.o(.text) for RCC_APB2PeriphResetCmd
    stm32f10x_adc.o(.text) refers to stm32f10x_rcc.o(.text) for RCC_APB2PeriphResetCmd
[...]
    __lcctype_c_start                        0x08008380   Data           0  lc_ctype_c.o(locale$$data)
    locale$$data                             0x08008484   Section       28  lc_numeric_c.o(locale$$data)
    __lcctype_c_end                          0x08008484   Data           0  lc_ctype_c.o(locale$$data)
    __lcnum_c_name                           0x08008488   Data           2  lc_numeric_c.o(locale$$data)
    __lcnum_c_start                          0x08008490   Data           0  lc_numeric_c.o(locale$$data)
    __lcnum_c_point                          0x0800849c   Data           0  lc_numeric_c.o(locale$$data)
    __lcnum_c_thousands                      0x0800849e   Data           0  lc_numeric_c.o(locale$$data)
    __lcnum_c_grouping                       0x0800849f   Data           0  lc_numeric_c.o(locale$$data)
    __lcnum_c_end                            0x080084a0   Data           0  lc_numeric_c.o(locale$$data)
    .data                                    0x20000000   Section        1  main.o(.data)
    .data                                    0x20000004   Section       20  system_stm32f10x.o(.data)
    .data                                    0x20000018   Section        1  key.o(.data)
    key_up                                   0x20000018   Data           1  key.o(.data)
    .data                                    0x2000001a   Section        4  delay.o(.data)
    fac_us                                   0x2000001a   Data           1  delay.o(.data)
    fac_ms                                   0x2000001c   Data           2  delay.o(.data)
    .data                                    0x2000001e   Section       20  stm32f10x_rcc.o(.data)
    APBAHBPrescTable                         0x2000001e   Data          16  stm32f10x_rcc.o(.data)
    ADCPrescTable                            0x2000002e   Data           4  stm32f10x_rcc.o(.data)
    .data                                    0x20000032   Section        4  esp8266.o(.data)
    .data                                    0x20000036   Section        2  onenet.o(.data)
    pkt_id                                   0x20000036   Data           2  onenet.o(.data)
    .data                                    0x20000038   Section       12  cjson.o(.data)
    ep                                       0x20000038   Data           4  cjson.o(.data)
    cJSON_malloc                             0x2000003c   Data           4  cjson.o(.data)
    cJSON_free                               0x20000040   Data           4  cjson.o(.data)
    .bss                                     0x20000044   Section      128  esp8266.o(.bss)
    .bss                                     0x200000c4   Section       96  libspace.o(.bss)
    HEAP                                     0x20000128   Section      512  startup_stm32f10x_hd.o(HEAP)
    Heap_Mem                                 0x20000128   Data         512  startup_stm32f10x_hd.o(HEAP)
    STACK                                    0x20000328   Section     1024  startup_stm32f10x_hd.o(STACK)
    Stack_Mem                                0x20000328   Data        1024  startup_stm32f10x_hd.o(STACK)
    __initial_sp                             0x20000728   Data           0  startup_stm32f10x_hd.o(STACK)

    Global Symbols

    Symbol Name                              Value     Ov Type        Size  Object(Section)

    BuildAttributes$$THM_ISAv4$P$D$K$B$S$PE$A:L22UL41UL21$X:L11$S22US41US21$IEEE1$IW$USESV6$~STKCKD$USESV7$~SHL$OTIME$ROPI$IEEEX$EBA8$UX$STANDARDLIB$REQ8$PRES8$EABIv2 0x00000000   Number         0  anon$$obj.o ABSOLUTE
    __ARM_use_no_argv                        0x00000000   Number         0  main.o ABSOLUTE
    _printf_flags                            0x00000000   Number         0  printf_stubs.o ABSOLUTE
    _printf_return_value                     0x00000000   Number         0  printf_stubs.o ABSOLUTE
    _printf_sizespec                         0x00000000   Number         0  printf_stubs.o ABSOLUTE
    _printf_widthprec                        0x00000000   Number         0  printf_stubs.o ABSOLUTE
    __ARM_exceptions_init                     - Undefined Weak Reference
    __alloca_initialize                       - Undefined Weak Reference
    __arm_fini_                               - Undefined Weak Reference
    __arm_preinit_                            - Undefined Weak Reference
    __cpp_initialize__aeabi_                  - Undefined Weak Reference
    __cxa_finalize                            - Undefined Weak Reference
    __sigvec_lookup                           - Undefined Weak Reference
    __user_heap_extent                        - Undefined Weak Reference
    _atexit_init                              - Undefined Weak Reference
    _call_atexit_fns                          - Undefined Weak Reference
    _clock_init                               - Undefined Weak Reference
    _fp_trap_init                             - Undefined Weak Reference
    _fp_trap_shutdown                         - Undefined Weak Reference
    _get_lc_collate                           - Undefined Weak Reference
    _get_lc_monetary                          - Undefined Weak Reference
    _get_lc_time                              - Undefined Weak Reference
    _getenv_init                              - Undefined Weak Reference
    _handle_redirection                       - Undefined Weak Reference
    _initio                                   - Undefined Weak Reference
    _mutex_acquire                            - Undefined Weak Reference
    _mutex_free                               - Undefined Weak Reference
    _mutex_release                            - Undefined Weak Reference
    _printf_fp_hex                            - Undefined Weak Reference
    _printf_mbtowc                            - Undefined Weak Reference
    _printf_wc                                - Undefined Weak Reference
    _rand_init                                - Undefined Weak Reference
    _signal_finish                            - Undefined Weak Reference
    _signal_init                              - Undefined Weak Reference
    _terminateio                              - Undefined Weak Reference
    __Vectors_Size                           0x00000130   Number         0  startup_stm32f10x_hd.o ABSOLUTE
    __Vectors                                0x08000000   Data           4  startup_stm32f10x_hd.o(RESET)
    __Vectors_End                            0x08000130   Data           0  startup_stm32f10x_hd.o(RESET)
    __main                                   0x08000131   Thumb Code     8  __main.o(!!!main)
    __scatterload                            0x08000139   Thumb Code     0  __scatter.o(!!!scatter)
    __scatterload_rt2                        0x08000139   Thumb Code    44  __scatter.o(!!!scatter)
    __scatterload_rt2_thumb_only             0x08000139   Thumb Code     0  __scatter.o(!!!scatter)
    __scatterload_null                       0x08000147   Thumb Code     0  __scatter.o(!!!scatter)
    __scatterload_copy                       0x0800016d   Thumb Code    26  __scatter_copy.o(!!handler_copy)
    __scatterload_zeroinit                   0x08000189   Thumb Code    28  __scatter_zi.o(!!handler_zi)
    _printf_n                                0x080001a5   Thumb Code     0  _printf_n.o(.ARM.Collect$$_printf_percent$$00000001)
    _printf_percent                          0x080001a5   Thumb Code     0  _printf_percent.o(.ARM.Collect$$_printf_percent$$00000000)
    _printf_p                                0x080001ab   Thumb Code     0  _printf_p.o(.ARM.Collect$$_printf_percent$$00000002)
    _printf_f                                0x080001b1   Thumb Code     0  _printf_f.o(.ARM.Collect$$_printf_percent$$00000003)
    _printf_e                                0x080001b7   Thumb Code     0  _printf_e.o(.ARM.Collect$$_printf_percent$$00000004)
    _printf_g                                0x080001bd   Thumb Code     0  _printf_g.o(.ARM.Collect$$_printf_percent$$00000005)
    _printf_a                                0x080001c3   Thumb Code     0  _printf_a.o(.ARM.Collect$$_printf_percent$$00000006)
    _printf_ll                               0x080001c9   Thumb Code     0  _printf_ll.o(.ARM.Collect$$_printf_percent$$00000007)
    _printf_i                                0x080001d3   Thumb Code     0  _printf_i.o(.ARM.Collect$$_printf_percent$$00000008)
    _printf_d                                0x080001d9   Thumb Code     0  _printf_d.o(.ARM.Collect$$_printf_percent$$00000009)
    _printf_u                                0x080001df   Thumb Code     0  _printf_u.o(.ARM.Collect$$_printf_percent$$0000000A)
    _printf_o                                0x080001e5   Thumb Code     0  _printf_o.o(.ARM.Collect$$_printf_percent$$0000000B)
    _printf_x                                0x080001eb   Thumb Code     0  _printf_x.o(.ARM.Collect$$_printf_percent$$0000000C)
    _printf_lli                              0x080001f1   Thumb Code     0  _printf_lli.o(.ARM.Collect$$_printf_percent$$0000000D)
    _printf_lld                              0x080001f7   Thumb Code     0  _printf_lld.o(.ARM.Collect$$_printf_percent$$0000000E)
    _printf_llu                              0x080001fd   Thumb Code     0  _printf_llu.o(.ARM.Collect$$_printf_percent$$0000000F)
    _printf_llo                              0x08000203   Thumb Code     0  _printf_llo.o(.ARM.Collect$$_printf_percent$$00000010)
    _printf_llx                              0x08000209   Thumb Code     0  _printf_llx.o(.ARM.Collect$$_printf_percent$$00000011)
    _printf_l                                0x0800020f   Thumb Code     0  _printf_l.o(.ARM.Collect$$_printf_percent$$00000012)
    _printf_c                                0x08000219   Thumb Code     0  _printf_c.o(.ARM.Collect$$_printf_percent$$00000013)
    _printf_s                                0x0800021f   Thumb Code     0  _printf_s.o(.ARM.Collect$$_printf_percent$$00000014)
    _printf_lc                               0x08000225   Thumb Code     0  _printf_lc.o(.ARM.Collect$$_printf_percent$$00000015)
    _printf_ls                               0x0800022b   Thumb Code     0  _printf_ls.o(.ARM.Collect$$_printf_percent$$00000016)
    _printf_percent_end                      0x08000231   Thumb Code     0  _printf_percent_end.o(.ARM.Collect$$_printf_percent$$00000017)
    __rt_lib_init                            0x08000235   Thumb Code     0  libinit.o(.ARM.Collect$$libinit$$00000000)
    __rt_lib_init_fp_1                       0x08000237   Thumb Code     0  libinit2.o(.ARM.Collect$$libinit$$00000002)
    __rt_lib_init_heap_2                     0x08000237   Thumb Code     0  libinit2.o(.ARM.Collect$$libinit$$00000005)
    __rt_lib_init_preinit_1                  0x08000237   Thumb Code     0  libinit2.o(.ARM.Collect$$libinit$$00000004)
    __rt_lib_init_heap_1                     0x0800023f   Thumb Code     0  libinit2.o(.ARM.Collect$$libinit$$0000000A)
    __rt_lib_init_lc_common                  0x0800023f   Thumb Code     0  libinit2.o(.ARM.Collect$$libinit$$0000000F)
    __rt_lib_init_rand_1                     0x0800023f   Thumb Code     0  libinit2.o(.ARM.Collect$$libinit$$0000000E)
    __rt_lib_init_user_alloc_1               0x0800023f   Thumb Code     0  libinit2.o(.ARM.Collect$$libinit$$0000000C)
    __rt_lib_init_lc_collate_1               0x08000245   Thumb Code     0  libinit2.o(.ARM.Collect$$libinit$$00000011)
    __rt_lib_init_lc_ctype_2                 0x08000245   Thumb Code     0  libinit2.o(.ARM.Collect$$libinit$$00000012)
    __rt_lib_init_lc_ctype_1                 0x08000251   Thumb Code     0  libinit2.o(.ARM.Collect$$libinit$$00000013)
    __rt_lib_init_lc_monetary_1              0x08000251   Thumb Code     0  libinit2.o(.ARM.Collect$$libinit$$00000015)
    __rt_lib_init_lc_numeric_2               0x08000251   Thumb Code     0  libinit2.o(.ARM.Collect$$libinit$$00000016)
    __rt_lib_init_alloca_1                   0x0800025b   Thumb Code     0  libinit2.o(.ARM.Collect$$libinit$$0000002E)
    __rt_lib_init_argv_1                     0x0800025b   Thumb Code     0  libinit2.o(.ARM.Collect$$libinit$$0000002C)
    __rt_lib_init_atexit_1                   0x0800025b   Thumb Code     0  libinit2.o(.ARM.Collect$$libinit$$0000001B)
    __rt_lib_init_clock_1                    0x0800025b   Thumb Code     0  libinit2.o(.ARM.Collect$$libinit$$00000021)
    __rt_lib_init_cpp_1                      0x0800025b   Thumb Code     0  libinit2.o(.ARM.Collect$$libinit$$00000032)
    __rt_lib_init_exceptions_1               0x0800025b   Thumb Code     0  libinit2.o(.ARM.Collect$$libinit$$00000030)
    __rt_lib_init_fp_trap_1                  0x0800025b   Thumb Code     0  libinit2.o(.ARM.Collect$$libinit$$0000001F)
    __rt_lib_init_getenv_1                   0x0800025b   Thumb Code     0  libinit2.o(.ARM.Collect$$libinit$$00000023)
    __rt_lib_init_lc_numeric_1               0x0800025b   Thumb Code     0  libinit2.o(.ARM.Collect$$libinit$$00000017)
    __rt_lib_init_lc_time_1                  0x0800025b   Thumb Code     0  libinit2.o(.ARM.Collect$$libinit$$00000019)
    __rt_lib_init_return                     0x0800025b   Thumb Code     0  libinit2.o(.ARM.Collect$$libinit$$00000033)
    __rt_lib_init_signal_1                   0x0800025b   Thumb Code     0  libinit2.o(.ARM.Collect$$libinit$$0000001D)
    __rt_lib_init_stdio_1                    0x0800025b   Thumb Code     0  libinit2.o(.ARM.Collect$$libinit$$00000025)
    __rt_lib_shutdown                        0x0800025d   Thumb Code     0  libshutdown.o(.ARM.Collect$$libshutdown$$00000000)
    __rt_lib_shutdown_cpp_1                  0x0800025f   Thumb Code     0  libshutdown2.o(.ARM.Collect$$libshutdown$$00000004)
    __rt_lib_shutdown_fini_1                 0x0800025f   Thumb Code     0  libshutdown2.o(.ARM.Collect$$libshutdown$$00000002)
    __rt_lib_shutdown_fp_trap_1              0x0800025f   Thumb Code     0  libshutdown2.o(.ARM.Collect$$libshutdown$$00000009)
    __rt_lib_shutdown_heap_1                 0x0800025f   Thumb Code     0  libshutdown2.o(.ARM.Collect$$libshutdown$$00000011)
    __rt_lib_shutdown_return                 0x0800025f   Thumb Code     0  libshutdown2.o(.ARM.Collect$$libshutdown$$00000012)
    __rt_lib_shutdown_signal_1               0x0800025f   Thumb Code     0  libshutdown2.o(.ARM.Collect$$libshutdown$$0000000C)
    __rt_lib_shutdown_stdio_1                0x0800025f   Thumb Code     0  libshutdown2.o(.ARM.Collect$$libshutdown$$00000006)
    __rt_lib_shutdown_user_alloc_1           0x0800025f   Thumb Code     0  libshutdown2.o(.ARM.Collect$$libshutdown$$0000000E)
    __rt_entry                               0x08000261   Thumb Code     0  __rtentry.o(.ARM.Collect$$rtentry$$00000000)
    __rt_entry_presh_1                       0x08000261   Thumb Code     0  __rtentry2.o(.ARM.Collect$$rtentry$$00000002)
    __rt_entry_sh                            0x08000261   Thumb Code     0  __rtentry4.o(.ARM.Collect$$rtentry$$00000004)
    __rt_entry_li                            0x08000267   Thumb Code     0  __rtentry2.o(.ARM.Collect$$rtentry$$0000000A)
    __rt_entry_postsh_1                      0x08000267   Thumb Code     0  __rtentry2.o(.ARM.Collect$$rtentry$$00000009)
    __rt_entry_main                          0x0800026b   Thumb Code     0  __rtentry2.o(.ARM.Collect$$rtentry$$0000000D)
    __rt_entry_postli_1                      0x0800026b   Thumb Code     0  __rtentry2.o(.ARM.Collect$$rtentry$$0000000C)
    __rt_exit                                0x08000273   Thumb Code     0  rtexit.o(.ARM.Collect$$rtexit$$00000000)
    __rt_exit_ls                             0x08000275   Thumb Code     0  rtexit2.o(.ARM.Collect$$rtexit$$00000003)
    __rt_exit_prels_1                        0x08000275   Thumb Code     0  rtexit2.o(.ARM.Collect$$rtexit$$00000002)
    __rt_exit_exit                           0x08000279   Thumb Code     0  rtexit2.o(.ARM.Collect$$rtexit$$00000004)
    _maybe_terminate_alloc                   0x08000281   Thumb Code     0  maybetermalloc1.o(.emb_text)
    main                                     0x08000281   Thumb Code   188  main.o(.text)
    NMI_Handler                              0x08000389   Thumb Code     2  stm32f10x_it.o(.text)
    HardFault_Handler                        0x0800038b   Thumb Code     4  stm32f10x_it.o(.text)
    MemManage_Handler                        0x0800038f   Thumb Code     4  stm32f10x_it.o(.text)
    BusFault_Handler                         0x08000393   Thumb Code     4  stm32f10x_it.o(.text)
    UsageFault_Handler                       0x08000397   Thumb Code     4  stm32f10x_it.o(.text)
    SVC_Handler                              0x0800039b   Thumb Code     2  stm32f10x_it.o(.text)
    DebugMon_Handler                         0x0800039d   Thumb Code     2  stm32f10x_it.o(.text)
    PendSV_Handler                           0x0800039f   Thumb Code     2  stm32f10x_it.o(.text)
    SysTick_Handler                          0x080003a1   Thumb Code     2  stm32f10x_it.o(.text)
    SystemInit                               0x08000483   Thumb Code    78  system_stm32f10x.o(.text)
    SystemCoreClockUpdate                    0x080004d1   Thumb Code   142  system_stm32f10x.o(.text)
    LED_Init                                 0x08000585   Thumb Code    68  led.o(.text)
    KEY_Init                                 0x080005d1   Thumb Code    52  key.o(.text)
    KEY_EXTI                                 0x08000605   Thumb Code    80  key.o(.text)
    EXTI2_IRQHandler                         0x08000655   Thumb Code    42  key.o(.text)
    KEY_Scan                                 0x0800067f   Thumb Code   188  key.o(.text)
    BEEP_Init                                0x08000751   Thumb Code    50  beep.o(.text)
    delay_init                               0x08000789   Thumb Code    50  delay.o(.text)
    delay_us                                 0x080007bb   Thumb Code    72  delay.o(.text)
    delay_ms                                 0x08000803   Thumb Code    72  delay.o(.text)
    Usart1_Init                              0x0800085d   Thumb Code   166  usart.o(.text)
    Usart2_Init                              0x08000903   Thumb Code   162  usart.o(.text)
    Usart_SendString                         0x080009a5   Thumb Code    50  usart.o(.text)
    UsartPrintf                              0x080009d7   Thumb Code    72  usart.o(.text)
    USART1_IRQHandler                        0x08000a1f   Thumb Code    24  usart.o(.text)
    Reset_Handler                            0x08000a45   Thumb Code     8  startup_stm32f10x_hd.o(.text)
    ADC1_2_IRQHandler                        0x08000a5f   Thumb Code     0  startup_stm32f10x_hd.o(.text)
    ADC3_IRQHandler                          0x08000a5f   Thumb Code     0  startup_stm32f10x_hd.o(.text)
    CAN1_RX1_IRQHandler                      0x08000a5f   Thumb Code     0  startup_stm32f10x_hd.o(.text)
    CAN1_SCE_IRQHandler                      0x08000a5f   Thumb Code     0  startup_stm32f10x_hd.o(.text)
    DMA1_Channel1_IRQHandler                 0x08000a5f   Thumb Code     0  startup_stm32f10x_hd.o(.text)
    DMA1_Channel2_IRQHandler                 0x08000a5f   Thumb Code     0  startup_stm32f10x_hd.o(.text)
    DMA1_Channel3_IRQHandler                 0x08000a5f   Thumb Code     0  startup_stm32f10x_hd.o(.text)
    DMA1_Channel4_IRQHandler                 0x08000a5f   Thumb Code     0  startup_stm32f10x_hd.o(.text)
    DMA1_Channel5_IRQHandler                 0x08000a5f   Thumb Code     0  startup_stm32f10x_hd.o(.text)
    DMA1_Channel6_IRQHandler                 0x08000a5f   Thumb Code     0  startup_stm32f10x_hd.o(.text)
    DMA1_Channel7_IRQHandler                 0x08000a5f   Thumb Code     0  startup_stm32f10x_hd.o(.text)
    DMA2_Channel1_IRQHandler                 0x08000a5f   Thumb Code     0  startup_stm32f10x_hd.o(.text)
    DMA2_Channel2_IRQHandler                 0x08000a5f   Thumb Code     0  startup_stm32f10x_hd.o(.text)
    DMA2_Channel3_IRQHandler                 0x08000a5f   Thumb Code     0  startup_stm32f10x_hd.o(.text)
    DMA2_Channel4_5_IRQHandler               0x08000a5f   Thumb Code     0  startup_stm32f10x_hd.o(.text)
    EXTI0_IRQHandler                         0x08000a5f   Thumb Code     0  startup_stm32f10x_hd.o(.text)
    EXTI15_10_IRQHandler                     0x08000a5f   Thumb Code     0  startup_stm32f10x_hd.o(.text)
    EXTI1_IRQHandler                         0x08000a5f   Thumb Code     0  startup_stm32f10x_hd.o(.text)
    EXTI3_IRQHandler                         0x08000a5f   Thumb Code     0  startup_stm32f10x_hd.o(.text)
    EXTI4_IRQHandler                         0x08000a5f   Thumb Code     0  startup_stm32f10x_hd.o(.text)
    EXTI9_5_IRQHandler                       0x08000a5f   Thumb Code     0  startup_stm32f10x_hd.o(.text)
    FLASH_IRQHandler                         0x08000a5f   Thumb Code     0  startup_stm32f10x_hd.o(.text)
    FSMC_IRQHandler                          0x08000a5f   Thumb Code     0  startup_stm32f10x_hd.o(.text)
    I2C1_ER_IRQHandler                       0x08000a5f   Thumb Code     0  startup_stm32f10x_hd.o(.text)
    I2C1_EV_IRQHandler                       0x08000a5f   Thumb Code     0  startup_stm32f10x_hd.o(.text)
    I2C2_ER_IRQHandler                       0x08000a5f   Thumb Code     0  startup_stm32f10x_hd.o(.text)
    I2C2_EV_IRQHandler                       0x08000a5f   Thumb Code     0  startup_stm32f10x_hd.o(.text)
    PVD_IRQHandler                           0x08000a5f   Thumb Code     0  startup_stm32f10x_hd.o(.text)
    RCC_IRQHandler                           0x08000a5f   Thumb Code     0  startup_stm32f10x_hd.o(.text)
    RTCAlarm_IRQHandler                      0x08000a5f   Thumb Code     0  startup_stm32f10x_hd.o(.text)
    RTC_IRQHandler                           0x08000a5f   Thumb Code     0  startup_stm32f10x_hd.o(.text)
    SDIO_IRQHandler                          0x08000a5f   Thumb Code     0  startup_stm32f10x_hd.o(.text)
    SPI1_IRQHandler                          0x08000a5f   Thumb Code     0  startup_stm32f10x_hd.o(.text)
    SPI2_IRQHandler                          0x08000a5f   Thumb Code     0  startup_stm32f10x_hd.o(.text)
    SPI3_IRQHandler                          0x08000a5f   Thumb Code     0  startup_stm32f10x_hd.o(.text)
    TAMPER_IRQHandler                        0x08000a5f   Thumb Code     0  startup_stm32f10x_hd.o(.text)
    TIM1_BRK_IRQHandler                      0x08000a5f   Thumb Code     0  startup_stm32f10x_hd.o(.text)
    TIM1_CC_IRQHandler                       0x08000a5f   Thumb Code     0  startup_stm32f10x_hd.o(.text)
    TIM1_TRG_COM_IRQHandler                  0x08000a5f   Thumb Code     0  startup_stm32f10x_hd.o(.text)
    TIM1_UP_IRQHandler                       0x08000a5f   Thumb Code     0  startup_stm32f10x_hd.o(.text)
    TIM2_IRQHandler                          0x08000a5f   Thumb Code     0  startup_stm32f10x_hd.o(.text)
    TIM3_IRQHandler                          0x08000a5f   Thumb Code     0  startup_stm32f10x_hd.o(.text)
    TIM4_IRQHandler                          0x08000a5f   Thumb Code     0  startup_stm32f10x_hd.o(.text)
    TIM5_IRQHandler                          0x08000a5f   Thumb Code     0  startup_stm32f10x_hd.o(.text)
    TIM6_IRQHandler                          0x08000a5f   Thumb Code     0  startup_stm32f10x_hd.o(.text)
    TIM7_IRQHandler                          0x08000a5f   Thumb Code     0  startup_stm32f10x_hd.o(.text)
    TIM8_BRK_IRQHandler                      0x08000a5f   Thumb Code     0  startup_stm32f10x_hd.o(.text)
    TIM8_CC_IRQHandler                       0x08000a5f   Thumb Code     0  startup_stm32f10x_hd.o(.text)
    TIM8_TRG_COM_IRQHandler                  0x08000a5f   Thumb Code     0  startup_stm32f10x_hd.o(.text)
    TIM8_UP_IRQHandler                       0x08000a5f   Thumb Code     0  startup_stm32f10x_hd.o(.text)
    UART4_IRQHandler                         0x08000a5f   Thumb Code     0  startup_stm32f10x_hd.o(.text)
    UART5_IRQHandler                         0x08000a5f   Thumb Code     0  startup_stm32f10x_hd.o(.text)
    USART3_IRQHandler                        0x08000a5f   Thumb Code     0  startup_stm32f10x_hd.o(.text)
    USBWakeUp_IRQHandler                     0x08000a5f   Thumb Code     0  startup_stm32f10x_hd.o(.text)
    USB_HP_CAN1_TX_IRQHandler                0x08000a5f   Thumb Code     0  startup_stm32f10x_hd.o(.text)
    USB_LP_CAN1_RX0_IRQHandler               0x08000a5f   Thumb Code     0  startup_stm32f10x_hd.o(.text)
    WWDG_IRQHandler                          0x08000a5f   Thumb Code     0  startup_stm32f10x_hd.o(.text)
    __user_initial_stackheap                 0x08000a61   Thumb Code     0  startup_stm32f10x_hd.o(.text)
    NVIC_PriorityGroupConfig                 0x08000a85   Thumb Code    10  misc.o(.text)
    NVIC_Init                                0x08000a8f   Thumb Code   100  misc.o(.text)
    NVIC_SetVectorTable                      0x08000af3   Thumb Code    14  misc.o(.text)
    NVIC_SystemLPConfig                      0x08000b01   Thumb Code    34  misc.o(.text)
    SysTick_CLKSourceConfig                  0x08000b23   Thumb Code    40  misc.o(.text)
    GPIO_DeInit                              0x08000b61   Thumb Code   172  stm32f10x_gpio.o(.text)
    GPIO_AFIODeInit                          0x08000c0d   Thumb Code    20  stm32f10x_gpio.o(.text)
    GPIO_Init                                0x08000c21   Thumb Code   278  stm32f10x_gpio.o(.text)
    GPIO_StructInit                          0x08000d37   Thumb Code    16  stm32f10x_gpio.o(.text)
    GPIO_ReadInputDataBit                    0x08000d47   Thumb Code    18  stm32f10x_gpio.o(.text)
    GPIO_ReadInputData                       0x08000d59   Thumb Code     8  stm32f10x_gpio.o(.text)
    GPIO_ReadOutputDataBit                   0x08000d61   Thumb Code    18  stm32f10x_gpio.o(.text)
    GPIO_ReadOutputData                      0x08000d73   Thumb Code     8  stm32f10x_gpio.o(.text)
    GPIO_SetBits                             0x08000d7b   Thumb Code     4  stm32f10x_gpio.o(.text)
    GPIO_ResetBits                           0x08000d7f   Thumb Code     4  stm32f10x_gpio.o(.text)
    GPIO_WriteBit                            0x08000d83   Thumb Code    10  stm32f10x_gpio.o(.text)
    GPIO_Write                               0x08000d8d   Thumb Code     4  stm32f10x_gpio.o(.text)
    GPIO_PinLockConfig                       0x08000d91   Thumb Code    18  stm32f10x_gpio.o(.text)
    GPIO_EventOutputConfig                   0x08000da3   Thumb Code    26  stm32f10x_gpio.o(.text)
    GPIO_EventOutputCmd                      0x08000dbd   Thumb Code     6  stm32f10x_gpio.o(.text)
    GPIO_PinRemapConfig                      0x08000dc3   Thumb Code   138  stm32f10x_gpio.o(.text)
    GPIO_EXTILineConfig                      0x08000e4d   Thumb Code    66  stm32f10x_gpio.o(.text)
    GPIO_ETH_MediaInterfaceConfig            0x08000e8f   Thumb Code     8  stm32f10x_gpio.o(.text)
    RCC_DeInit                               0x08000ebd   Thumb Code    64  stm32f10x_rcc.o(.text)
    RCC_HSEConfig                            0x08000efd   Thumb Code    70  stm32f10x_rcc.o(.text)
    RCC_GetFlagStatus                        0x08000f43   Thumb Code    56  stm32f10x_rcc.o(.text)
    RCC_WaitForHSEStartUp                    0x08000f7b   Thumb Code    56  stm32f10x_rcc.o(.text)
    RCC_AdjustHSICalibrationValue            0x08000fb3   Thumb Code    20  stm32f10x_rcc.o(.text)
    RCC_HSICmd                               0x08000fc7   Thumb Code     6  stm32f10x_rcc.o(.text)
    RCC_PLLConfig                            0x08000fcd   Thumb Code    24  stm32f10x_rcc.o(.text)
    RCC_PLLCmd                               0x08000fe5   Thumb Code     6  stm32f10x_rcc.o(.text)
    RCC_SYSCLKConfig                         0x08000feb   Thumb Code    18  stm32f10x_rcc.o(.text)
    RCC_GetSYSCLKSource                      0x08000ffd   Thumb Code    10  stm32f10x_rcc.o(.text)
    RCC_HCLKConfig                           0x08001007   Thumb Code    18  stm32f10x_rcc.o(.text)
    RCC_PCLK1Config                          0x08001019   Thumb Code    18  stm32f10x_rcc.o(.text)
    RCC_PCLK2Config                          0x0800102b   Thumb Code    20  stm32f10x_rcc.o(.text)
    RCC_ITConfig                             0x0800103f   Thumb Code    26  stm32f10x_rcc.o(.text)
    RCC_USBCLKConfig                         0x08001059   Thumb Code     8  stm32f10x_rcc.o(.text)
    RCC_ADCCLKConfig                         0x08001061   Thumb Code    18  stm32f10x_rcc.o(.text)
    RCC_LSEConfig                            0x08001073   Thumb Code    50  stm32f10x_rcc.o(.text)
    RCC_LSICmd                               0x080010a5   Thumb Code     6  stm32f10x_rcc.o(.text)
    RCC_RTCCLKConfig                         0x080010ab   Thumb Code    12  stm32f10x_rcc.o(.text)
    RCC_RTCCLKCmd                            0x080010b7   Thumb Code     8  stm32f10x_rcc.o(.text)
    RCC_GetClocksFreq                        0x080010bf   Thumb Code   192  stm32f10x_rcc.o(.text)
    RCC_AHBPeriphClockCmd                    0x0800117f   Thumb Code    26  stm32f10x_rcc.o(.text)
    RCC_APB2PeriphClockCmd                   0x08001199   Thumb Code    26  stm32f10x_rcc.o(.text)
    RCC_APB1PeriphClockCmd                   0x080011b3   Thumb Code    26  stm32f10x_rcc.o(.text)
    RCC_APB2PeriphResetCmd                   0x080011cd   Thumb Code    26  stm32f10x_rcc.o(.text)
    RCC_APB1PeriphResetCmd                   0x080011e7   Thumb Code    26  stm32f10x_rcc.o(.text)
    RCC_BackupResetCmd                       0x08001201   Thumb Code     8  stm32f10x_rcc.o(.text)
    RCC_ClockSecuritySystemCmd               0x08001209   Thumb Code     6  stm32f10x_rcc.o(.text)
    RCC_MCOConfig                            0x0800120f   Thumb Code     6  stm32f10x_rcc.o(.text)
    RCC_ClearFlag                            0x08001215   Thumb Code    14  stm32f10x_rcc.o(.text)
    RCC_GetITStatus                          0x08001223   Thumb Code    20  stm32f10x_rcc.o(.text)
    RCC_ClearITPendingBit                    0x08001237   Thumb Code     6  stm32f10x_rcc.o(.text)
    USART_DeInit                             0x08001261   Thumb Code   134  stm32f10x_usart.o(.text)
    USART_Init                               0x080012e7   Thumb Code   210  stm32f10x_usart.o(.text)
    USART_StructInit                         0x080013b9   Thumb Code    24  stm32f10x_usart.o(.text)
    USART_ClockInit                          0x080013d1   Thumb Code    34  stm32f10x_usart.o(.text)
    USART_ClockStructInit                    0x080013f3   Thumb Code    12  stm32f10x_usart.o(.text)
    USART_Cmd                                0x080013ff   Thumb Code    24  stm32f10x_usart.o(.text)
    USART_ITConfig                           0x08001417   Thumb Code    74  stm32f10x_usart.o(.text)
    USART_DMACmd                             0x08001461   Thumb Code    18  stm32f10x_usart.o(.text)
    USART_SetAddress                         0x08001473   Thumb Code    18  stm32f10x_usart.o(.text)
    USART_WakeUpConfig                       0x08001485   Thumb Code    18  stm32f10x_usart.o(.text)
    USART_ReceiverWakeUpCmd                  0x08001497   Thumb Code    24  stm32f10x_usart.o(.text)
    USART_LINBreakDetectLengthConfig         0x080014af   Thumb Code    18  stm32f10x_usart.o(.text)
    USART_LINCmd                             0x080014c1   Thumb Code    24  stm32f10x_usart.o(.text)
    USART_SendData                           0x080014d9   Thumb Code     8  stm32f10x_usart.o(.text)
    USART_ReceiveData                        0x080014e1   Thumb Code    10  stm32f10x_usart.o(.text)
    USART_SendBreak                          0x080014eb   Thumb Code    10  stm32f10x_usart.o(.text)
    USART_SetGuardTime                       0x080014f5   Thumb Code    16  stm32f10x_usart.o(.text)
    USART_SetPrescaler                       0x08001505   Thumb Code    16  stm32f10x_usart.o(.text)
    USART_SmartCardCmd                       0x08001515   Thumb Code    24  stm32f10x_usart.o(.text)
    USART_SmartCardNACKCmd                   0x0800152d   Thumb Code    24  stm32f10x_usart.o(.text)
    USART_HalfDuplexCmd                      0x08001545   Thumb Code    24  stm32f10x_usart.o(.text)
    USART_OverSampling8Cmd                   0x0800155d   Thumb Code    22  stm32f10x_usart.o(.text)
    USART_OneBitMethodCmd                    0x08001573   Thumb Code    24  stm32f10x_usart.o(.text)
    USART_IrDAConfig                         0x0800158b   Thumb Code    18  stm32f10x_usart.o(.text)
    USART_IrDACmd                            0x0800159d   Thumb Code    24  stm32f10x_usart.o(.text)
    USART_GetFlagStatus                      0x080015b5   Thumb Code    26  stm32f10x_usart.o(.text)
    USART_ClearFlag                          0x080015cf   Thumb Code    18  stm32f10x_usart.o(.text)
    USART_GetITStatus                        0x080015e1   Thumb Code    84  stm32f10x_usart.o(.text)
    USART_ClearITPendingBit                  0x08001635   Thumb Code    52  stm32f10x_usart.o(.text)
    EXTI_DeInit                              0x08001669   Thumb Code    28  stm32f10x_exti.o(.text)
    EXTI_Init                                0x08001685   Thumb Code   142  stm32f10x_exti.o(.text)
    EXTI_StructInit                          0x08001713   Thumb Code    16  stm32f10x_exti.o(.text)
    EXTI_GenerateSWInterrupt                 0x08001723   Thumb Code    16  stm32f10x_exti.o(.text)
    EXTI_GetFlagStatus                       0x08001733   Thumb Code    22  stm32f10x_exti.o(.text)
    EXTI_ClearFlag                           0x08001749   Thumb Code     8  stm32f10x_exti.o(.text)
    EXTI_GetITStatus                         0x08001751   Thumb Code    34  stm32f10x_exti.o(.text)
    EXTI_ClearITPendingBit                   0x08001773   Thumb Code     8  stm32f10x_exti.o(.text)
    ESP8266_Clear                            0x08001785   Thumb Code    18  esp8266.o(.text)
    ESP8266_WaitRecive                       0x08001797   Thumb Code    42  esp8266.o(.text)
    ESP8266_SendCmd                          0x080017c1   Thumb Code    76  esp8266.o(.text)
    ESP8266_SendData                         0x0800180d   Thumb Code    46  esp8266.o(.text)
    ESP8266_GetIPD                           0x0800183b   Thumb Code    66  esp8266.o(.text)
    ESP8266_Init                             0x0800187d   Thumb Code   276  esp8266.o(.text)
    USART2_IRQHandler                        0x08001991   Thumb Code    62  esp8266.o(.text)
    OneNet_DevLink                           0x08001b09   Thumb Code   212  onenet.o(.text)
    OneNet_Subscribe                         0x08001bdd   Thumb Code    80  onenet.o(.text)
    OneNet_Publish                           0x08001c2d   Thumb Code    88  onenet.o(.text)
    OneNet_RevPro                            0x08001c85   Thumb Code  1432  onenet.o(.text)
    MQTT_NewBuffer                           0x080022c9   Thumb Code    88  mqttkit.o(.text)
    MQTT_DeleteBuffer                        0x08002321   Thumb Code    28  mqttkit.o(.text)
    MQTT_DumpLength                          0x0800233d   Thumb Code    46  mqttkit.o(.text)
    MQTT_ReadLength                          0x0800236b   Thumb Code    70  mqttkit.o(.text)
    MQTT_UnPacketRecv                        0x080023b1   Thumb Code   106  mqttkit.o(.text)
    MQTT_PacketConnect                       0x0800241b   Thumb Code   666  mqttkit.o(.text)
    MQTT_PacketDisConnect                    0x080026b5   Thumb Code    48  mqttkit.o(.text)
    MQTT_UnPacketConnectAck                  0x080026e5   Thumb Code    30  mqttkit.o(.text)
    MQTT_PacketPublish                       0x08002703   Thumb Code   452  mqttkit.o(.text)
    MQTT_PacketSaveData                      0x080028c7   Thumb Code    88  mqttkit.o(.text)
    MQTT_PacketSaveBinData                   0x0800291f   Thumb Code   192  mqttkit.o(.text)
    MQTT_UnPacketCmd                         0x080029df   Thumb Code   140  mqttkit.o(.text)
    MQTT_PacketCmdResp                       0x08002a6b   Thumb Code   132  mqttkit.o(.text)
    MQTT_PacketSubscribe                     0x08002aef   Thumb Code   254  mqttkit.o(.text)
    MQTT_UnPacketSubscribe                   0x08002bed   Thumb Code    52  mqttkit.o(.text)
    MQTT_PacketUnSubscribe                   0x08002c21   Thumb Code   268  mqttkit.o(.text)
    MQTT_UnPacketUnSubscribe                 0x08002d2d   Thumb Code    18  mqttkit.o(.text)
    MQTT_UnPacketPublish                     0x08002d3f   Thumb Code   440  mqttkit.o(.text)
    MQTT_PacketPublishAck                    0x08002ef7   Thumb Code    72  mqttkit.o(.text)
    MQTT_UnPacketPublishAck                  0x08002f3f   Thumb Code    30  mqttkit.o(.text)
    MQTT_PacketPublishRec                    0x08002f5d   Thumb Code    72  mqttkit.o(.text)
    MQTT_UnPacketPublishRec                  0x08002fa5   Thumb Code    30  mqttkit.o(.text)
    MQTT_PacketPublishRel                    0x08002fc3   Thumb Code    72  mqttkit.o(.text)
    MQTT_UnPacketPublishRel                  0x0800300b   Thumb Code    36  mqttkit.o(.text)
    MQTT_PacketPublishComp                   0x0800302f   Thumb Code    72  mqttkit.o(.text)
    MQTT_UnPacketPublishComp                 0x08003077   Thumb Code    30  mqttkit.o(.text)
    MQTT_PacketPing                          0x08003095   Thumb Code    48  mqttkit.o(.text)
    cJSON_GetErrorPtr                        0x080030c5   Thumb Code     6  cjson.o(.text)
    cJSON_InitHooks                          0x0800313f   Thumb Code    48  cjson.o(.text)
    cJSON_Delete                             0x08003189   Thumb Code    82  cjson.o(.text)
    cJSON_ParseWithOpts                      0x08003cf5   Thumb Code   152  cjson.o(.text)
    cJSON_Parse                              0x08003d8d   Thumb Code    16  cjson.o(.text)
    cJSON_Print                              0x0800451d   Thumb Code    18  cjson.o(.text)
    cJSON_PrintUnformatted                   0x0800452f   Thumb Code    18  cjson.o(.text)
    cJSON_PrintBuffered                      0x08004541   Thumb Code    52  cjson.o(.text)
    cJSON_GetArraySize                       0x08004575   Thumb Code    18  cjson.o(.text)
    cJSON_GetArrayItem                       0x08004587   Thumb Code    18  cjson.o(.text)
    cJSON_GetObjectItem                      0x08004599   Thumb Code    30  cjson.o(.text)
    cJSON_AddItemToArray                     0x080045ed   Thumb Code    42  cjson.o(.text)
    cJSON_AddItemToObject                    0x08004617   Thumb Code    44  cjson.o(.text)
    cJSON_AddItemToObjectCS                  0x08004643   Thumb Code    54  cjson.o(.text)
    cJSON_AddItemReferenceToArray            0x08004679   Thumb Code    24  cjson.o(.text)
    cJSON_AddItemReferenceToObject           0x08004691   Thumb Code    32  cjson.o(.text)
    cJSON_DetachItemFromArray                0x080046b1   Thumb Code    66  cjson.o(.text)
    cJSON_DeleteItemFromArray                0x080046f3   Thumb Code    22  cjson.o(.text)
    cJSON_DetachItemFromObject               0x08004709   Thumb Code    50  cjson.o(.text)
    cJSON_DeleteItemFromObject               0x0800473b   Thumb Code    22  cjson.o(.text)
    cJSON_InsertItemInArray                  0x08004751   Thumb Code    64  cjson.o(.text)
    cJSON_ReplaceItemInArray                 0x08004791   Thumb Code    76  cjson.o(.text)
    cJSON_ReplaceItemInObject                0x080047dd   Thumb Code    62  cjson.o(.text)
    cJSON_CreateNull                         0x0800481b   Thumb Code    18  cjson.o(.text)
    cJSON_CreateTrue                         0x0800482d   Thumb Code    18  cjson.o(.text)
    cJSON_CreateFalse                        0x0800483f   Thumb Code    18  cjson.o(.text)
    cJSON_CreateBool                         0x08004851   Thumb Code    26  cjson.o(.text)
    cJSON_CreateNumber                       0x0800486b   Thumb Code    36  cjson.o(.text)
    cJSON_CreateString                       0x0800488f   Thumb Code    28  cjson.o(.text)
    cJSON_CreateArray                        0x080048ab   Thumb Code    18  cjson.o(.text)
    cJSON_CreateObject                       0x080048bd   Thumb Code    18  cjson.o(.text)
    cJSON_CreateIntArray                     0x080048cf   Thumb Code    68  cjson.o(.text)
    cJSON_CreateFloatArray                   0x08004913   Thumb Code    68  cjson.o(.text)
    cJSON_CreateDoubleArray                  0x08004957   Thumb Code    68  cjson.o(.text)
    cJSON_CreateStringArray                  0x0800499b   Thumb Code    62  cjson.o(.text)
    cJSON_Duplicate                          0x080049d9   Thumb Code   178  cjson.o(.text)
    cJSON_Minify                             0x08004a8b   Thumb Code   186  cjson.o(.text)
    malloc                                   0x08004b45   Thumb Code    94  h1_alloc.o(.text)
    free                                     0x08004ba3   Thumb Code    78  h1_free.o(.text)
    tolower                                  0x08004bf1   Thumb Code    26  tolower.o(.text)
    __c89vsnprintf                           0x08004c0d   Thumb Code    48  c89vsnprintf.o(.text)
    __2sprintf                               0x08004c41   Thumb Code    38  __2sprintf.o(.text)
    _printf_pre_padding                      0x08004c6d   Thumb Code    44  _printf_pad.o(.text)
    _printf_post_padding                     0x08004c99   Thumb Code    34  _printf_pad.o(.text)
    _printf_str                              0x08004cbb   Thumb Code    82  _printf_str.o(.text)
    _printf_int_dec                          0x08004d0d   Thumb Code   104  _printf_dec.o(.text)
    _printf_longlong_hex                     0x08004d85   Thumb Code    86  _printf_hex_int_ll_ptr.o(.text)
    _printf_int_hex                          0x08004ddb   Thumb Code    28  _printf_hex_int_ll_ptr.o(.text)
    _printf_ll_hex                           0x08004df7   Thumb Code    12  _printf_hex_int_ll_ptr.o(.text)
    _printf_hex_ptr                          0x08004e03   Thumb Code    18  _printf_hex_int_ll_ptr.o(.text)
    __printf                                 0x08004e19   Thumb Code   388  __printf_flags_ss_wp.o(.text)
    atoi                                     0x08004fa1   Thumb Code    26  atoi.o(.text)
    strchr                                   0x08004fbb   Thumb Code    20  strchr.o(.text)
    strncat                                  0x08004fcf   Thumb Code    36  strncat.o(.text)
    strstr                                   0x08004ff3   Thumb Code    36  strstr.o(.text)
    strcpy                                   0x08005017   Thumb Code    72  strcpy.o(.text)
    strlen                                   0x0800505f   Thumb Code    62  strlen.o(.text)
    strncmp                                  0x0800509d   Thumb Code   150  strncmp.o(.text)
    __aeabi_memcpy                           0x08005133   Thumb Code     0  rt_memcpy_v6.o(.text)
    __rt_memcpy                              0x08005133   Thumb Code   138  rt_memcpy_v6.o(.text)
    _memcpy_lastbytes                        0x08005199   Thumb Code     0  rt_memcpy_v6.o(.text)
    __aeabi_memcpy4                          0x080051bd   Thumb Code     0  rt_memcpy_w.o(.text)
    __aeabi_memcpy8                          0x080051bd   Thumb Code     0  rt_memcpy_w.o(.text)
    __rt_memcpy_w                            0x080051bd   Thumb Code   100  rt_memcpy_w.o(.text)
    _memcpy_lastbytes_aligned                0x08005205   Thumb Code     0  rt_memcpy_w.o(.text)
    __aeabi_memclr                           0x08005221   Thumb Code     0  rt_memclr.o(.text)
    __rt_memclr                              0x08005221   Thumb Code    68  rt_memclr.o(.text)
    _memset                                  0x08005225   Thumb Code     0  rt_memclr.o(.text)
    __aeabi_memclr4                          0x08005265   Thumb Code     0  rt_memclr_w.o(.text)
    __aeabi_memclr8                          0x08005265   Thumb Code     0  rt_memclr_w.o(.text)
    __rt_memclr_w                            0x08005265   Thumb Code    78  rt_memclr_w.o(.text)
    _memset_w                                0x08005269   Thumb Code     0  rt_memclr_w.o(.text)
    __use_two_region_memory                  0x080052b3   Thumb Code     2  heapauxi.o(.text)
    __rt_heap_escrow                         0x080052b5   Thumb Code     2  heapauxi.o(.text)
    __rt_heap_expand                         0x080052b7   Thumb Code     2  heapauxi.o(.text)
    __rt_ctype_table                         0x080052b9   Thumb Code    16  rt_ctype_table.o(.text)
    __rt_heap_descriptor                     0x080052c9   Thumb Code     8  rt_heap_descriptor_intlibspace.o(.text)
    __aeabi_errno_addr                       0x080052d1   Thumb Code     8  rt_errno_addr_intlibspace.o(.text)
    __errno$intlibspace                      0x080052d1   Thumb Code     0  rt_errno_addr_intlibspace.o(.text)
    __rt_errno_addr$intlibspace              0x080052d1   Thumb Code     0  rt_errno_addr_intlibspace.o(.text)
    __use_no_heap                            0x080052d9   Thumb Code     2  hguard.o(.text)
    __heap$guard                             0x080052db   Thumb Code     2  hguard.o(.text)
    _terminate_user_alloc                    0x080052dd   Thumb Code     2  init_alloc.o(.text)
    _init_user_alloc                         0x080052df   Thumb Code     2  init_alloc.o(.text)
    __Heap_Full                              0x080052e1   Thumb Code    34  init_alloc.o(.text)
    __Heap_Broken                            0x08005303   Thumb Code     6  init_alloc.o(.text)
    _init_alloc                              0x08005309   Thumb Code    94  init_alloc.o(.text)
    __Heap_Initialize                        0x08005367   Thumb Code    10  h1_init.o(.text)
    __Heap_DescSize                          0x08005371   Thumb Code     4  h1_init.o(.text)
    __read_errno                             0x08005375   Thumb Code    10  _rserrno.o(.text)
    __set_errno                              0x0800537f   Thumb Code    12  _rserrno.o(.text)
    _printf_truncate_signed                  0x0800538b   Thumb Code    18  _printf_truncate.o(.text)
    _printf_truncate_unsigned                0x0800539d   Thumb Code    18  _printf_truncate.o(.text)
    _printf_int_common                       0x080053af   Thumb Code   178  _printf_intcommon.o(.text)
    _printf_charcount                        0x08005461   Thumb Code    40  _printf_charcount.o(.text)
    __lib_sel_fp_printf                      0x08005489   Thumb Code     2  _printf_fp_dec.o(.text)
    _printf_fp_dec_real                      0x0800563b   Thumb Code   620  _printf_fp_dec.o(.text)
    _printf_char_common                      0x080058b3   Thumb Code    32  _printf_char_common.o(.text)
    _sputc                                   0x080058d9   Thumb Code    10  _sputc.o(.text)
    _snputc                                  0x080058e3   Thumb Code    16  _snputc.o(.text)
    _printf_cs_common                        0x080058f3   Thumb Code    20  _printf_char.o(.text)
    _printf_char                             0x08005907   Thumb Code    16  _printf_char.o(.text)
    _printf_string                           0x08005917   Thumb Code     8  _printf_char.o(.text)
    _printf_wctomb                           0x08005921   Thumb Code   182  _printf_wctomb.o(.text)
    _printf_longlong_dec                     0x080059dd   Thumb Code   108  _printf_longlong_dec.o(.text)
    _printf_longlong_oct                     0x08005a59   Thumb Code    66  _printf_oct_int_ll.o(.text)
    _printf_int_oct                          0x08005a9b   Thumb Code    24  _printf_oct_int_ll.o(.text)
    _printf_ll_oct                           0x08005ab3   Thumb Code    12  _printf_oct_int_ll.o(.text)
    strtol                                   0x08005ac9   Thumb Code   112  strtol.o(.text)
    __user_libspace                          0x08005b39   Thumb Code     8  libspace.o(.text)
    __user_perproc_libspace                  0x08005b39   Thumb Code     0  libspace.o(.text)
    __user_perthread_libspace                0x08005b39   Thumb Code     0  libspace.o(.text)
    __rt_locale                              0x08005b41   Thumb Code     8  rt_locale_intlibspace.o(.text)
    __Heap_ProvideMemory                     0x08005b49   Thumb Code    52  h1_extend.o(.text)
    _ll_udiv10                               0x08005b7d   Thumb Code   138  lludiv10.o(.text)
    _printf_fp_infnan                        0x08005c09   Thumb Code   112  _printf_fp_infnan.o(.text)
    _printf_lcs_common                       0x08005c89   Thumb Code    20  _printf_wchar.o(.text)
    _printf_wchar                            0x08005c9d   Thumb Code    16  _printf_wchar.o(.text)
    _printf_wstring                          0x08005cad   Thumb Code     8  _printf_wchar.o(.text)
    _strtoul                                 0x08005cb5   Thumb Code   158  _strtoul.o(.text)
    _btod_etento                             0x08005d55   Thumb Code   224  bigflt0.o(.text)
    _wcrtomb                                 0x08005e39   Thumb Code    64  _wcrtomb.o(.text)
    __rt_SIGRTMEM                            0x08005e79   Thumb Code    14  defsig_rtmem_outer.o(.text)
    __I$use$semihosting                      0x08005e87   Thumb Code     0  use_no_semi.o(.text)
    __use_no_semihosting_swi                 0x08005e87   Thumb Code     2  use_no_semi.o(.text)
    __semihosting_library_function           0x08005e89   Thumb Code     0  indicate_semi.o(.text)
    __user_setup_stackheap                   0x08005e89   Thumb Code    74  sys_stackheap_outer.o(.text)
    _chval                                   0x08005ed3   Thumb Code    28  _chval.o(.text)
    exit                                     0x08005eef   Thumb Code    18  exit.o(.text)
    __sig_exit                               0x08005f01   Thumb Code    10  defsig_exit.o(.text)
    __rt_SIGRTMEM_inner                      0x08005f0d   Thumb Code    22  defsig_rtmem_inner.o(.text)
    strcmp                                   0x08005f5d   Thumb Code   128  strcmpv7m.o(.text)
    _sys_exit                                0x08005fdd   Thumb Code     8  sys_exit.o(.text)
    __default_signal_display                 0x08005fe9   Thumb Code    50  defsig_general.o(.text)
    _ttywrch                                 0x0800601b   Thumb Code    14  sys_wrch.o(.text)
    _btod_d2e                                0x08006029   Thumb Code    62  btod.o(CL$$btod_d2e)
    _d2e_denorm_low                          0x08006067   Thumb Code    70  btod.o(CL$$btod_d2e_denorm_low)
    _d2e_norm_op1                            0x080060ad   Thumb Code    96  btod.o(CL$$btod_d2e_norm_op1)
    __btod_div_common                        0x0800610d   Thumb Code   696  btod.o(CL$$btod_div_common)
    _e2e                                     0x08006445   Thumb Code   220  btod.o(CL$$btod_e2e)
    _btod_ediv                               0x08006521   Thumb Code    42  btod.o(CL$$btod_ediv)
    _btod_emul                               0x0800654b   Thumb Code    42  btod.o(CL$$btod_emul)
    __btod_mult_common                       0x08006575   Thumb Code   580  btod.o(CL$$btod_mult_common)
    __ARM_fpclassify                         0x080067b9   Thumb Code    40  fpclassify.o(i.__ARM_fpclassify)
    __kernel_poly                            0x080067e1   Thumb Code   170  poly.o(i.__kernel_poly)
    __mathlib_dbl_divzero                    0x0800688d   Thumb Code    12  dunder.o(i.__mathlib_dbl_divzero)
    __mathlib_dbl_infnan2                    0x0800689d   Thumb Code     4  dunder.o(i.__mathlib_dbl_infnan2)
    __mathlib_dbl_invalid                    0x080068a1   Thumb Code    12  dunder.o(i.__mathlib_dbl_invalid)
    __mathlib_dbl_overflow                   0x080068ad   Thumb Code    14  dunder.o(i.__mathlib_dbl_overflow)
    __mathlib_dbl_underflow                  0x080068bd   Thumb Code    10  dunder.o(i.__mathlib_dbl_underflow)
    _is_digit                                0x080068cd   Thumb Code    14  __printf_wp.o(i._is_digit)
    floor                                    0x080068dd   Thumb Code   204  floor.o(i.floor)
    pow                                      0x080069b9   Thumb Code  2512  pow.o(i.pow)
    sqrt                                     0x08007391   Thumb Code    76  sqrt.o(i.sqrt)
    _get_lc_ctype                            0x080073dd   Thumb Code    44  lc_ctype_c.o(locale$$code)
    _get_lc_numeric                          0x08007409   Thumb Code    44  lc_numeric_c.o(locale$$code)
    __aeabi_dadd                             0x08007435   Thumb Code     0  daddsub_clz.o(x$fpl$dadd)
    _dadd                                    0x08007435   Thumb Code   332  daddsub_clz.o(x$fpl$dadd)
    __fpl_dcheck_NaN1                        0x08007585   Thumb Code    10  dcheck1.o(x$fpl$dcheck1)
    __fpl_dcmp_Inf                           0x08007595   Thumb Code    24  dcmpi.o(x$fpl$dcmpinf)
    __aeabi_ddiv                             0x080075ad   Thumb Code     0  ddiv.o(x$fpl$ddiv)
    _ddiv                                    0x080075ad   Thumb Code   552  ddiv.o(x$fpl$ddiv)
    __aeabi_cdcmpeq                          0x0800785d   Thumb Code     0  deqf.o(x$fpl$deqf)
    _dcmpeq                                  0x0800785d   Thumb Code   120  deqf.o(x$fpl$deqf)
    __aeabi_d2iz                             0x080078d5   Thumb Code     0  dfix.o(x$fpl$dfix)
    _dfix                                    0x080078d5   Thumb Code    94  dfix.o(x$fpl$dfix)
    __aeabi_i2d                              0x08007933   Thumb Code     0  dflt_clz.o(x$fpl$dflt)
    _dflt                                    0x08007933   Thumb Code    46  dflt_clz.o(x$fpl$dflt)
    __aeabi_cdcmple                          0x08007961   Thumb Code     0  dleqf.o(x$fpl$dleqf)
    _dcmple                                  0x08007961   Thumb Code   120  dleqf.o(x$fpl$dleqf)
    __fpl_dcmple_InfNaN                      0x080079c3   Thumb Code     0  dleqf.o(x$fpl$dleqf)
    __aeabi_dmul                             0x080079d9   Thumb Code     0  dmul.o(x$fpl$dmul)
    _dmul                                    0x080079d9   Thumb Code   332  dmul.o(x$fpl$dmul)
    __fpl_dnaninf                            0x08007b2d   Thumb Code   156  dnaninf.o(x$fpl$dnaninf)
    __fpl_dretinf                            0x08007bc9   Thumb Code    12  dretinf.o(x$fpl$dretinf)
    __aeabi_cdrcmple                         0x08007bd5   Thumb Code     0  drleqf.o(x$fpl$drleqf)
    _drcmple                                 0x08007bd5   Thumb Code   108  drleqf.o(x$fpl$drleqf)
    __aeabi_drsub                            0x08007c41   Thumb Code     0  daddsub_clz.o(x$fpl$drsb)
    _drsb                                    0x08007c41   Thumb Code    22  daddsub_clz.o(x$fpl$drsb)
    _dsqrt                                   0x08007c59   Thumb Code   456  dsqrt_noumaal.o(x$fpl$dsqrt)
    __aeabi_dsub                             0x08007e25   Thumb Code     0  daddsub_clz.o(x$fpl$dsub)
    _dsub                                    0x08007e25   Thumb Code   464  daddsub_clz.o(x$fpl$dsub)
    __aeabi_f2d                              0x08007ff9   Thumb Code     0  f2d.o(x$fpl$f2d)
    _f2d                                     0x08007ff9   Thumb Code    86  f2d.o(x$fpl$f2d)
    __fpl_fnaninf                            0x0800804f   Thumb Code   140  fnaninf.o(x$fpl$fnaninf)
    _printf_fp_dec                           0x080080db   Thumb Code     4  printf1.o(x$fpl$printf1)
    __fpl_return_NaN                         0x080080df   Thumb Code   100  retnan.o(x$fpl$retnan)
    __ARM_scalbn                             0x08008143   Thumb Code    92  scalbn.o(x$fpl$scalbn)
    __fpl_cmpreturn                          0x0800819f   Thumb Code    48  trapv.o(x$fpl$trapveneer)
    __I$use$fp                               0x080081ce   Number         0  usenofp.o(x$fpl$usenofp)
    __mathlib_zero                           0x080082a8   Data           8  qnan.o(.constdata)
    Region$$Table$$Base                      0x08008354   Number         0  anon$$obj.o(Region$$Table)
    Region$$Table$$Limit                     0x08008374   Number         0  anon$$obj.o(Region$$Table)
    __ctype                                  0x08008381   Data           0  lc_ctype_c.o(locale$$data)
    n                                        0x20000000   Data           1  main.o(.data)
    SystemCoreClock                          0x20000004   Data           4  system_stm32f10x.o(.data)
    AHBPrescTable                            0x20000008   Data          16  system_stm32f10x.o(.data)
    esp8266_cnt                              0x20000032   Data           2  esp8266.o(.data)
    esp8266_cntPre                           0x20000034   Data           2  esp8266.o(.data)
    esp8266_buf                              0x20000044   Data         128  esp8266.o(.bss)
    __libspace_start                         0x200000c4   Data          96  libspace.o(.bss)
    __temporary_stack_top$libspace           0x20000124   Data           0  libspace.o(.bss)



==============================================================================

Memory Map of the image

  Image Entry point : 0x08000131

  Load Region LR_IROM1 (Base: 0x08000000, Size: 0x000084e4, Max: 0x00080000, ABSOLUTE)

    Execution Region ER_IROM1 (Base: 0x08000000, Size: 0x000084a0, Max: 0x00080000, ABSOLUTE)

    Base Addr    Size         Type   Attr      Idx    E Section Name        Object

    0x08000000   0x00000130   Data   RO          343    RESET               startup_stm32f10x_hd.o
    0x08000130   0x00000008   Code   RO          888  * !!!main             c_w.l(__main.o)
    0x08000138   0x00000034   Code   RO         1293    !!!scatter          c_w.l(__scatter.o)
    0x0800016c   0x0000001a   Code   RO         1295    !!handler_copy      c_w.l(__scatter_copy.o)
    0x08000186   0x00000002   PAD
    0x08000188   0x0000001c   Code   RO         1297    !!handler_zi        c_w.l(__scatter_zi.o)
    0x080001a4   0x00000000   Code   RO          863    .ARM.Collect$$_printf_percent$$00000000  c_w.l(_printf_percent.o)
    0x080001a4   0x00000006   Code   RO          997    .ARM.Collect$$_printf_percent$$00000001  c_w.l(_printf_n.o)
    0x080001aa   0x00000006   Code   RO          998    .ARM.Collect$$_printf_percent$$00000002  c_w.l(_printf_p.o)
    0x080001b0   0x00000006   Code   RO          861    .ARM.Collect$$_printf_percent$$00000003  c_w.l(_printf_f.o)
    0x080001b6   0x00000006   Code   RO          862    .ARM.Collect$$_printf_percent$$00000004  c_w.l(_printf_e.o)
    0x080001bc   0x00000006   Code   RO         1002    .ARM.Collect$$_printf_percent$$00000005  c_w.l(_printf_g.o)
    0x080001c2   0x00000006   Code   RO         1003    .ARM.Collect$$_printf_percent$$00000006  c_w.l(_printf_a.o)
    0x080001c8   0x0000000a   Code   RO         1008    .ARM.Collect$$_printf_percent$$00000007  c_w.l(_printf_ll.o)
    0x080001d2   0x00000006   Code   RO         1000    .ARM.Collect$$_printf_percent$$00000008  c_w.l(_printf_i.o)
    0x080001d8   0x00000006   Code   RO          860    .ARM.Collect$$_printf_percent$$00000009  c_w.l(_printf_d.o)
    0x080001de   0x00000006   Code   RO         1001    .ARM.Collect$$_printf_percent$$0000000A  c_w.l(_printf_u.o)
    0x080001e4   0x00000006   Code   RO          999    .ARM.Collect$$_printf_percent$$0000000B  c_w.l(_printf_o.o)
    0x080001ea   0x00000006   Code   RO          859    .ARM.Collect$$_printf_percent$$0000000C  c_w.l(_printf_x.o)
    0x080001f0   0x00000006   Code   RO         1005    .ARM.Collect$$_printf_percent$$0000000D  c_w.l(_printf_lli.o)
    0x080001f6   0x00000006   Code   RO         1006    .ARM.Collect$$_printf_percent$$0000000E  c_w.l(_printf_lld.o)
    0x080001fc   0x00000006   Code   RO         1007    .ARM.Collect$$_printf_percent$$0000000F  c_w.l(_printf_llu.o)
    0x08000202   0x00000006   Code   RO         1012    .ARM.Collect$$_printf_percent$$00000010  c_w.l(_printf_llo.o)
    0x08000208   0x00000006   Code   RO         1013    .ARM.Collect$$_printf_percent$$00000011  c_w.l(_printf_llx.o)
    0x0800020e   0x0000000a   Code   RO         1009    .ARM.Collect$$_printf_percent$$00000012  c_w.l(_printf_l.o)
    0x08000218   0x00000006   Code   RO          996    .ARM.Collect$$_printf_percent$$00000013  c_w.l(_printf_c.o)
    0x0800021e   0x00000006   Code   RO          858    .ARM.Collect$$_printf_percent$$00000014  c_w.l(_printf_s.o)
    0x08000224   0x00000006   Code   RO         1010    .ARM.Collect$$_printf_percent$$00000015  c_w.l(_printf_lc.o)
    0x0800022a   0x00000006   Code   RO         1011    .ARM.Collect$$_printf_percent$$00000016  c_w.l(_printf_ls.o)
    0x08000230   0x00000004   Code   RO         1004    .ARM.Collect$$_printf_percent$$00000017  c_w.l(_printf_percent_end.o)
    0x08000234   0x00000002   Code   RO         1226    .ARM.Collect$$libinit$$00000000  c_w.l(libinit.o)
    0x08000236   0x00000000   Code   RO         1019    .ARM.Collect$$libinit$$00000002  c_w.l(libinit2.o)
    0x08000236   0x00000000   Code   RO         1021    .ARM.Collect$$libinit$$00000004  c_w.l(libinit2.o)
    0x08000236   0x00000008   Code   RO         1022    .ARM.Collect$$libinit$$00000005  c_w.l(libinit2.o)
    0x0800023e   0x00000000   Code   RO         1024    .ARM.Collect$$libinit$$0000000A  c_w.l(libinit2.o)
    0x0800023e   0x00000000   Code   RO         1026    .ARM.Collect$$libinit$$0000000C  c_w.l(libinit2.o)
    0x0800023e   0x00000000   Code   RO         1028    .ARM.Collect$$libinit$$0000000E  c_w.l(libinit2.o)
    0x0800023e   0x00000006   Code   RO         1029    .ARM.Collect$$libinit$$0000000F  c_w.l(libinit2.o)
    0x08000244   0x00000000   Code   RO         1031    .ARM.Collect$$libinit$$00000011  c_w.l(libinit2.o)
    0x08000244   0x0000000c   Code   RO         1032    .ARM.Collect$$libinit$$00000012  c_w.l(libinit2.o)
    0x08000250   0x00000000   Code   RO         1033    .ARM.Collect$$libinit$$00000013  c_w.l(libinit2.o)
    0x08000250   0x00000000   Code   RO         1035    .ARM.Collect$$libinit$$00000015  c_w.l(libinit2.o)
    0x08000250   0x0000000a   Code   RO         1036    .ARM.Collect$$libinit$$00000016  c_w.l(libinit2.o)
    0x0800025a   0x00000000   Code   RO         1037    .ARM.Collect$$libinit$$00000017  c_w.l(libinit2.o)
    0x0800025a   0x00000000   Code   RO         1039    .ARM.Collect$$libinit$$00000019  c_w.l(libinit2.o)
    0x0800025a   0x00000000   Code   RO         1041    .ARM.Collect$$libinit$$0000001B  c_w.l(libinit2.o)
    0x0800025a   0x00000000   Code   RO         1043    .ARM.Collect$$libinit$$0000001D  c_w.l(libinit2.o)
    0x0800025a   0x00000000   Code   RO         1045    .ARM.Collect$$libinit$$0000001F  c_w.l(libinit2.o)
    0x0800025a   0x00000000   Code   RO         1047    .ARM.Collect$$libinit$$00000021  c_w.l(libinit2.o)
    0x0800025a   0x00000000   Code   RO         1049    .ARM.Collect$$libinit$$00000023  c_w.l(libinit2.o)
    0x0800025a   0x00000000   Code   RO         1051    .ARM.Collect$$libinit$$00000025  c_w.l(libinit2.o)
    0x0800025a   0x00000000   Code   RO         1055    .ARM.Collect$$libinit$$0000002C  c_w.l(libinit2.o)
    0x0800025a   0x00000000   Code   RO         1057    .ARM.Collect$$libinit$$0000002E  c_w.l(libinit2.o)
    0x0800025a   0x00000000   Code   RO         1059    .ARM.Collect$$libinit$$00000030  c_w.l(libinit2.o)
    0x0800025a   0x00000000   Code   RO         1061    .ARM.Collect$$libinit$$00000032  c_w.l(libinit2.o)
    0x0800025a   0x00000002   Code   RO         1062    .ARM.Collect$$libinit$$00000033  c_w.l(libinit2.o)
    0x0800025c   0x00000002   Code   RO         1290    .ARM.Collect$$libshutdown$$00000000  c_w.l(libshutdown.o)
    0x0800025e   0x00000000   Code   RO         1242    .ARM.Collect$$libshutdown$$00000002  c_w.l(libshutdown2.o)
    0x0800025e   0x00000000   Code   RO         1244    .ARM.Collect$$libshutdown$$00000004  c_w.l(libshutdown2.o)
    0x0800025e   0x00000000   Code   RO         1246    .ARM.Collect$$libshutdown$$00000006  c_w.l(libshutdown2.o)
    0x0800025e   0x00000000   Code   RO         1249    .ARM.Collect$$libshutdown$$00000009  c_w.l(libshutdown2.o)
    0x0800025e   0x00000000   Code   RO         1252    .ARM.Collect$$libshutdown$$0000000C  c_w.l(libshutdown2.o)
    0x0800025e   0x00000000   Code   RO         1254    .ARM.Collect$$libshutdown$$0000000E  c_w.l(libshutdown2.o)
    0x0800025e   0x00000000   Code   RO         1257    .ARM.Collect$$libshutdown$$00000011  c_w.l(libshutdown2.o)
    0x0800025e   0x00000002   Code   RO         1258    .ARM.Collect$$libshutdown$$00000012  c_w.l(libshutdown2.o)
    0x08000260   0x00000000   Code   RO          934    .ARM.Collect$$rtentry$$00000000  c_w.l(__rtentry.o)
    0x08000260   0x00000000   Code   RO         1111    .ARM.Collect$$rtentry$$00000002  c_w.l(__rtentry2.o)
    0x08000260   0x00000006   Code   RO         1123    .ARM.Collect$$rtentry$$00000004  c_w.l(__rtentry4.o)
    0x08000266   0x00000000   Code   RO         1113    .ARM.Collect$$rtentry$$00000009  c_w.l(__rtentry2.o)
    0x08000266   0x00000004   Code   RO         1114    .ARM.Collect$$rtentry$$0000000A  c_w.l(__rtentry2.o)
    0x0800026a   0x00000000   Code   RO         1116    .ARM.Collect$$rtentry$$0000000C  c_w.l(__rtentry2.o)
    0x0800026a   0x00000008   Code   RO         1117    .ARM.Collect$$rtentry$$0000000D  c_w.l(__rtentry2.o)
    0x08000272   0x00000002   Code   RO         1231    .ARM.Collect$$rtexit$$00000000  c_w.l(rtexit.o)
    0x08000274   0x00000000   Code   RO         1264    .ARM.Collect$$rtexit$$00000002  c_w.l(rtexit2.o)
    0x08000274   0x00000004   Code   RO         1265    .ARM.Collect$$rtexit$$00000003  c_w.l(rtexit2.o)
    0x08000278   0x00000006   Code   RO         1266    .ARM.Collect$$rtexit$$00000004  c_w.l(rtexit2.o)
    0x0800027e   0x00000002   PAD
    0x08000280   0x00000000   Code   RO         1132    .emb_text           c_w.l(maybetermalloc1.o)
    0x08000280   0x00000108   Code   RO            1    .text               main.o
    0x08000388   0x0000001a   Code   RO          142    .text               stm32f10x_it.o
    0x080003a2   0x00000002   PAD
    0x080003a4   0x000001e0   Code   RO          183    .text               system_stm32f10x.o
    0x08000584   0x0000004c   Code   RO          201    .text               led.o
    0x080005d0   0x00000180   Code   RO          213    .text               key.o
    0x08000750   0x00000038   Code   RO          269    .text               beep.o
    0x08000788   0x000000d4   Code   RO          281    .text               delay.o
    0x0800085c   0x000001e8   Code   RO          312    .text               usart.o
    0x08000a44   0x00000040   Code   RO          344    .text               startup_stm32f10x_hd.o
    0x08000a84   0x000000dc   Code   RO          348    .text               misc.o
    0x08000b60   0x0000035c   Code   RO          360    .text               stm32f10x_gpio.o
    0x08000ebc   0x000003a4   Code   RO          372    .text               stm32f10x_rcc.o
    0x08001260   0x00000408   Code   RO          398    .text               stm32f10x_usart.o
    0x08001668   0x0000011c   Code   RO          410    .text               stm32f10x_exti.o
    0x08001784   0x00000384   Code   RO          626    .text               esp8266.o
    0x08001b08   0x000007c0   Code   RO          649    .text               onenet.o
    0x080022c8   0x00000dfc   Code   RO          687    .text               mqttkit.o
    0x080030c4   0x00001a80   Code   RO          702    .text               cjson.o
    0x08004b44   0x0000005e   Code   RO          743    .text               c_w.l(h1_alloc.o)
    0x08004ba2   0x0000004e   Code   RO          745    .text               c_w.l(h1_free.o)
    0x08004bf0   0x0000001a   Code   RO          801    .text               c_w.l(tolower.o)
    0x08004c0a   0x00000002   PAD
    0x08004c0c   0x00000034   Code   RO          803    .text               c_w.l(c89vsnprintf.o)
    0x08004c40   0x0000002c   Code   RO          805    .text               c_w.l(__2sprintf.o)
    0x08004c6c   0x0000004e   Code   RO          811    .text               c_w.l(_printf_pad.o)
    0x08004cba   0x00000052   Code   RO          813    .text               c_w.l(_printf_str.o)
    0x08004d0c   0x00000078   Code   RO          815    .text               c_w.l(_printf_dec.o)
    0x08004d84   0x00000094   Code   RO          835    .text               c_w.l(_printf_hex_int_ll_ptr.o)
    0x08004e18   0x00000188   Code   RO          855    .text               c_w.l(__printf_flags_ss_wp.o)
    0x08004fa0   0x0000001a   Code   RO          864    .text               c_w.l(atoi.o)
    0x08004fba   0x00000014   Code   RO          866    .text               c_w.l(strchr.o)
    0x08004fce   0x00000024   Code   RO          868    .text               c_w.l(strncat.o)
    0x08004ff2   0x00000024   Code   RO          870    .text               c_w.l(strstr.o)
    0x08005016   0x00000048   Code   RO          872    .text               c_w.l(strcpy.o)
    0x0800505e   0x0000003e   Code   RO          874    .text               c_w.l(strlen.o)
    0x0800509c   0x00000096   Code   RO          876    .text               c_w.l(strncmp.o)
    0x08005132   0x0000008a   Code   RO          878    .text               c_w.l(rt_memcpy_v6.o)
    0x080051bc   0x00000064   Code   RO          880    .text               c_w.l(rt_memcpy_w.o)
    0x08005220   0x00000044   Code   RO          882    .text               c_w.l(rt_memclr.o)
    0x08005264   0x0000004e   Code   RO          884    .text               c_w.l(rt_memclr_w.o)
    0x080052b2   0x00000006   Code   RO          886    .text               c_w.l(heapauxi.o)
    0x080052b8   0x00000010   Code   RO          935    .text               c_w.l(rt_ctype_table.o)
    0x080052c8   0x00000008   Code   RO          940    .text               c_w.l(rt_heap_descriptor_intlibspace.o)
    0x080052d0   0x00000008   Code   RO          945    .text               c_w.l(rt_errno_addr_intlibspace.o)
    0x080052d8   0x00000004   Code   RO          947    .text               c_w.l(hguard.o)
    0x080052dc   0x0000008a   Code   RO          949    .text               c_w.l(init_alloc.o)
    0x08005366   0x0000000e   Code   RO          953    .text               c_w.l(h1_init.o)
    0x08005374   0x00000016   Code   RO          967    .text               c_w.l(_rserrno.o)
    0x0800538a   0x00000024   Code   RO          969    .text               c_w.l(_printf_truncate.o)
    0x080053ae   0x000000b2   Code   RO          971    .text               c_w.l(_printf_intcommon.o)
    0x08005460   0x00000028   Code   RO          973    .text               c_w.l(_printf_charcount.o)
    0x08005488   0x0000041e   Code   RO          975    .text               c_w.l(_printf_fp_dec.o)
    0x080058a6   0x00000002   PAD
    0x080058a8   0x00000030   Code   RO          977    .text               c_w.l(_printf_char_common.o)
    0x080058d8   0x0000000a   Code   RO          979    .text               c_w.l(_sputc.o)
    0x080058e2   0x00000010   Code   RO          981    .text               c_w.l(_snputc.o)
    0x080058f2   0x0000002c   Code   RO          983    .text               c_w.l(_printf_char.o)
    0x0800591e   0x00000002   PAD
    0x08005920   0x000000bc   Code   RO          985    .text               c_w.l(_printf_wctomb.o)
    0x080059dc   0x0000007c   Code   RO          988    .text               c_w.l(_printf_longlong_dec.o)
    0x08005a58   0x00000070   Code   RO          994    .text               c_w.l(_printf_oct_int_ll.o)
    0x08005ac8   0x00000070   Code   RO         1014    .text               c_w.l(strtol.o)
    0x08005b38   0x00000008   Code   RO         1107    .text               c_w.l(libspace.o)
    0x08005b40   0x00000008   Code   RO         1128    .text               c_w.l(rt_locale_intlibspace.o)
    0x08005b48   0x00000034   Code   RO         1134    .text               c_w.l(h1_extend.o)
    0x08005b7c   0x0000008a   Code   RO         1138    .text               c_w.l(lludiv10.o)
    0x08005c06   0x00000002   PAD
    0x08005c08   0x00000080   Code   RO         1140    .text               c_w.l(_printf_fp_infnan.o)
    0x08005c88   0x0000002c   Code   RO         1144    .text               c_w.l(_printf_wchar.o)
    0x08005cb4   0x0000009e   Code   RO         1146    .text               c_w.l(_strtoul.o)
    0x08005d52   0x00000002   PAD
    0x08005d54   0x000000e4   Code   RO         1148    .text               c_w.l(bigflt0.o)
    0x08005e38   0x00000040   Code   RO         1173    .text               c_w.l(_wcrtomb.o)
    0x08005e78   0x0000000e   Code   RO         1181    .text               c_w.l(defsig_rtmem_outer.o)
    0x08005e86   0x00000002   Code   RO         1198    .text               c_w.l(use_no_semi.o)
    0x08005e88   0x00000000   Code   RO         1200    .text               c_w.l(indicate_semi.o)
    0x08005e88   0x0000004a   Code   RO         1201    .text               c_w.l(sys_stackheap_outer.o)
    0x08005ed2   0x0000001c   Code   RO         1207    .text               c_w.l(_chval.o)
    0x08005eee   0x00000012   Code   RO         1209    .text               c_w.l(exit.o)
    0x08005f00   0x0000000a   Code   RO         1211    .text               c_w.l(defsig_exit.o)
    0x08005f0a   0x00000002   PAD
    0x08005f0c   0x00000050   Code   RO         1213    .text               c_w.l(defsig_rtmem_inner.o)
    0x08005f5c   0x00000080   Code   RO         1215    .text               c_w.l(strcmpv7m.o)
    0x08005fdc   0x0000000c   Code   RO         1229    .text               c_w.l(sys_exit.o)
    0x08005fe8   0x00000032   Code   RO         1239    .text               c_w.l(defsig_general.o)
    0x0800601a   0x0000000e   Code   RO         1261    .text               c_w.l(sys_wrch.o)
    0x08006028   0x0000003e   Code   RO         1151    CL$$btod_d2e        c_w.l(btod.o)
    0x08006066   0x00000046   Code   RO         1153    CL$$btod_d2e_denorm_low  c_w.l(btod.o)
    0x080060ac   0x00000060   Code   RO         1152    CL$$btod_d2e_norm_op1  c_w.l(btod.o)
    0x0800610c   0x00000338   Code   RO         1161    CL$$btod_div_common  c_w.l(btod.o)
    0x08006444   0x000000dc   Code   RO         1158    CL$$btod_e2e        c_w.l(btod.o)
    0x08006520   0x0000002a   Code   RO         1155    CL$$btod_ediv       c_w.l(btod.o)
    0x0800654a   0x0000002a   Code   RO         1154    CL$$btod_emul       c_w.l(btod.o)
    0x08006574   0x00000244   Code   RO         1160    CL$$btod_mult_common  c_w.l(btod.o)
    0x080067b8   0x00000028   Code   RO         1092    i.__ARM_fpclassify  m_ws.l(fpclassify.o)
    0x080067e0   0x000000aa   Code   RO         1094    i.__kernel_poly     m_ws.l(poly.o)
    0x0800688a   0x00000002   PAD
    0x0800688c   0x00000010   Code   RO         1078    i.__mathlib_dbl_divzero  m_ws.l(dunder.o)
    0x0800689c   0x00000004   Code   RO         1080    i.__mathlib_dbl_infnan2  m_ws.l(dunder.o)
    0x080068a0   0x0000000c   Code   RO         1081    i.__mathlib_dbl_invalid  m_ws.l(dunder.o)
    0x080068ac   0x0000000e   Code   RO         1082    i.__mathlib_dbl_overflow  m_ws.l(dunder.o)
    0x080068ba   0x00000002   PAD
    0x080068bc   0x00000010   Code   RO         1084    i.__mathlib_dbl_underflow  m_ws.l(dunder.o)
    0x080068cc   0x0000000e   Code   RO          848    i._is_digit         c_w.l(__printf_wp.o)
    0x080068da   0x00000002   PAD
    0x080068dc   0x000000dc   Code   RO          919    i.floor             m_ws.l(floor.o)
    0x080069b8   0x000009d8   Code   RO          923    i.pow               m_ws.l(pow.o)
    0x08007390   0x0000004c   Code   RO         1098    i.sqrt              m_ws.l(sqrt.o)
    0x080073dc   0x0000002c   Code   RO         1176    locale$$code        c_w.l(lc_ctype_c.o)
    0x08007408   0x0000002c   Code   RO         1179    locale$$code        c_w.l(lc_numeric_c.o)
    0x08007434   0x00000150   Code   RO          890    x$fpl$dadd          fz_ws.l(daddsub_clz.o)
    0x08007584   0x00000010   Code   RO         1190    x$fpl$dcheck1       fz_ws.l(dcheck1.o)
    0x08007594   0x00000018   Code   RO         1063    x$fpl$dcmpinf       fz_ws.l(dcmpi.o)
    0x080075ac   0x000002b0   Code   RO         1066    x$fpl$ddiv          fz_ws.l(ddiv.o)
    0x0800785c   0x00000078   Code   RO          896    x$fpl$deqf          fz_ws.l(deqf.o)
    0x080078d4   0x0000005e   Code   RO          898    x$fpl$dfix          fz_ws.l(dfix.o)
    0x08007932   0x0000002e   Code   RO          903    x$fpl$dflt          fz_ws.l(dflt_clz.o)
    0x08007960   0x00000078   Code   RO          908    x$fpl$dleqf         fz_ws.l(dleqf.o)
    0x080079d8   0x00000154   Code   RO          910    x$fpl$dmul          fz_ws.l(dmul.o)
    0x08007b2c   0x0000009c   Code   RO         1069    x$fpl$dnaninf       fz_ws.l(dnaninf.o)
    0x08007bc8   0x0000000c   Code   RO         1071    x$fpl$dretinf       fz_ws.l(dretinf.o)
    0x08007bd4   0x0000006c   Code   RO          912    x$fpl$drleqf        fz_ws.l(drleqf.o)
    0x08007c40   0x00000016   Code   RO          891    x$fpl$drsb          fz_ws.l(daddsub_clz.o)
    0x08007c56   0x00000002   PAD
    0x08007c58   0x000001cc   Code   RO         1192    x$fpl$dsqrt         fz_ws.l(dsqrt_noumaal.o)
    0x08007e24   0x000001d4   Code   RO          892    x$fpl$dsub          fz_ws.l(daddsub_clz.o)
    0x08007ff8   0x00000056   Code   RO          914    x$fpl$f2d           fz_ws.l(f2d.o)
    0x0800804e   0x0000008c   Code   RO         1073    x$fpl$fnaninf       fz_ws.l(fnaninf.o)
    0x080080da   0x00000004   Code   RO          916    x$fpl$printf1       fz_ws.l(printf1.o)
    0x080080de   0x00000064   Code   RO         1227    x$fpl$retnan        fz_ws.l(retnan.o)
    0x08008142   0x0000005c   Code   RO         1075    x$fpl$scalbn        fz_ws.l(scalbn.o)
    0x0800819e   0x00000030   Code   RO         1259    x$fpl$trapveneer    fz_ws.l(trapv.o)
    0x080081ce   0x00000000   Code   RO         1077    x$fpl$usenofp       fz_ws.l(usenofp.o)
    0x080081ce   0x00000002   PAD
    0x080081d0   0x00000004   Data   RO            2    .constdata          main.o
    0x080081d4   0x00000004   Data   RO          650    .constdata          onenet.o
    0x080081d8   0x00000007   Data   RO          703    .constdata          cjson.o
    0x080081df   0x00000028   Data   RO          836    .constdata          c_w.l(_printf_hex_int_ll_ptr.o)
    0x08008207   0x00000011   Data   RO          856    .constdata          c_w.l(__printf_flags_ss_wp.o)
    0x08008218   0x00000088   Data   RO          924    .constdata          m_ws.l(pow.o)
    0x080082a0   0x00000008   Data   RO          986    .constdata          c_w.l(_printf_wctomb.o)
    0x080082a8   0x00000008   Data   RO         1096    .constdata          m_ws.l(qnan.o)
    0x080082b0   0x00000094   Data   RO         1149    .constdata          c_w.l(bigflt0.o)
    0x08008344   0x00000010   Data   RO            3    .conststring        main.o
    0x08008354   0x00000020   Data   RO         1291    Region$$Table       anon$$obj.o
    0x08008374   0x00000110   Data   RO         1175    locale$$data        c_w.l(lc_ctype_c.o)
    0x08008484   0x0000001c   Data   RO         1178    locale$$data        c_w.l(lc_numeric_c.o)


    Execution Region RW_IRAM1 (Base: 0x20000000, Size: 0x00000728, Max: 0x00010000, ABSOLUTE)

    Base Addr    Size         Type   Attr      Idx    E Section Name        Object

    0x20000000   0x00000001   Data   RW            4    .data               main.o
    0x20000001   0x00000003   PAD
    0x20000004   0x00000014   Data   RW          184    .data               system_stm32f10x.o
    0x20000018   0x00000001   Data   RW          214    .data               key.o
    0x20000019   0x00000001   PAD
    0x2000001a   0x00000004   Data   RW          282    .data               delay.o
    0x2000001e   0x00000014   Data   RW          373    .data               stm32f10x_rcc.o
    0x20000032   0x00000004   Data   RW          628    .data               esp8266.o
    0x20000036   0x00000002   Data   RW          652    .data               onenet.o
    0x20000038   0x0000000c   Data   RW          704    .data               cjson.o
    0x20000044   0x00000080   Zero   RW          627    .bss                esp8266.o
    0x200000c4   0x00000060   Zero   RW         1108    .bss                c_w.l(libspace.o)
    0x20000124   0x00000004   PAD
    0x20000128   0x00000200   Zero   RW          342    HEAP                startup_stm32f10x_hd.o
    0x20000328   0x00000400   Zero   RW          341    STACK               startup_stm32f10x_hd.o


==============================================================================

Image component sizes


      Code (inc. data)   RO Data    RW Data    ZI Data      Debug   Object Name

        56          6          0          0          0        456   beep.o
      6784        208          7         12          0      24120   cjson.o
       212         18          0          4          0        979   delay.o
       900        314          0          4        128       3019   esp8266.o
       384         22          0          1          0       1162   key.o
        76          8          0          0          0        467   led.o
       264         76         20          1          0     235743   main.o
       220         22          0          0          0       1737   misc.o
      3580         42          0          0          0      14667   mqttkit.o
      1984        922          4          2          0       6293   onenet.o
        64         26        304          0       1536        768   startup_stm32f10x_hd.o
       284         10          0          0          0       2191   stm32f10x_exti.o
       860         38          0          0          0       5669   stm32f10x_gpio.o
        26          0          0          0          0       1150   stm32f10x_it.o
       932         36          0         20          0       8816   stm32f10x_rcc.o
      1032         22          0          0          0       8396   stm32f10x_usart.o
         0          0          0          0          0         32   sys.o
       480         38          0         20          0       1647   system_stm32f10x.o
       488         14          0          0          0       2881   usart.o

    ----------------------------------------------------------------------
     18628       1822        367         68       1664     320193   Object Totals
         0          0         32          0          0          0   (incl. Generated)
         2          0          0          4          0          0   (incl. Padding)

    ----------------------------------------------------------------------

      Code (inc. data)   RO Data    RW Data    ZI Data      Debug   Library Member Name

        44          6          0          0          0         84   __2sprintf.o
         8          0          0          0          0         68   __main.o
       392          4         17          0          0         92   __printf_flags_ss_wp.o
        14          0          0          0          0         68   __printf_wp.o
         0          0          0          0          0          0   __rtentry.o
        12          0          0          0          0          0   __rtentry2.o
         6          0          0          0          0          0   __rtentry4.o
        52          8          0          0          0          0   __scatter.o
        26          0          0          0          0          0   __scatter_copy.o
        28          0          0          0          0          0   __scatter_zi.o
        28          0          0          0          0         68   _chval.o
         6          0          0          0          0          0   _printf_a.o
         6          0          0          0          0          0   _printf_c.o
        44          0          0          0          0        108   _printf_char.o
        48          6          0          0          0         96   _printf_char_common.o
        40          0          0          0          0         68   _printf_charcount.o
         6          0          0          0          0          0   _printf_d.o
       120         16          0          0          0         92   _printf_dec.o
         6          0          0          0          0          0   _printf_e.o
         6          0          0          0          0          0   _printf_f.o
      1054          0          0          0          0        216   _printf_fp_dec.o
       128         16          0          0          0         84   _printf_fp_infnan.o
         6          0          0          0          0          0   _printf_g.o
       148          4         40          0          0        160   _printf_hex_int_ll_ptr.o
         6          0          0          0          0          0   _printf_i.o
       178          0          0          0          0         88   _printf_intcommon.o
        10          0          0          0          0          0   _printf_l.o
         6          0          0          0          0          0   _printf_lc.o
        10          0          0          0          0          0   _printf_ll.o
         6          0          0          0          0          0   _printf_lld.o
         6          0          0          0          0          0   _printf_lli.o
         6          0          0          0          0          0   _printf_llo.o
         6          0          0          0          0          0   _printf_llu.o
         6          0          0          0          0          0   _printf_llx.o
       124         16          0          0          0         92   _printf_longlong_dec.o
         6          0          0          0          0          0   _printf_ls.o
         6          0          0          0          0          0   _printf_n.o
         6          0          0          0          0          0   _printf_o.o
       112         10          0          0          0        124   _printf_oct_int_ll.o
         6          0          0          0          0          0   _printf_p.o
        78          0          0          0          0        108   _printf_pad.o
         0          0          0          0          0          0   _printf_percent.o
         4          0          0          0          0          0   _printf_percent_end.o
         6          0          0          0          0          0   _printf_s.o
        82          0          0          0          0         80   _printf_str.o
        36          0          0          0          0         84   _printf_truncate.o
         6          0          0          0          0          0   _printf_u.o
        44          0          0          0          0        108   _printf_wchar.o
       188          6          8          0          0         92   _printf_wctomb.o
         6          0          0          0          0          0   _printf_x.o
        22          0          0          0          0        100   _rserrno.o
        16          0          0          0          0         68   _snputc.o
        10          0          0          0          0         68   _sputc.o
       158          0          0          0          0         92   _strtoul.o
        64          0          0          0          0         92   _wcrtomb.o
        26          0          0          0          0         80   atoi.o
       228          4        148          0          0         96   bigflt0.o
      1936        128          0          0          0        672   btod.o
        52          4          0          0          0         80   c89vsnprintf.o
        10          0          0          0          0         68   defsig_exit.o
        50          0          0          0          0         88   defsig_general.o
        80         58          0          0          0         76   defsig_rtmem_inner.o
        14          0          0          0          0         80   defsig_rtmem_outer.o
        18          0          0          0          0         80   exit.o
        94          0          0          0          0         80   h1_alloc.o
        52          0          0          0          0         68   h1_extend.o
        78          0          0          0          0         80   h1_free.o
        14          0          0          0          0         84   h1_init.o
         6          0          0          0          0        152   heapauxi.o
         4          0          0          0          0        136   hguard.o
         0          0          0          0          0          0   indicate_semi.o
       138          0          0          0          0        168   init_alloc.o
        44         10        272          0          0         76   lc_ctype_c.o
        44         10         28          0          0         76   lc_numeric_c.o
         2          0          0          0          0          0   libinit.o
        38          0          0          0          0          0   libinit2.o
         2          0          0          0          0          0   libshutdown.o
         2          0          0          0          0          0   libshutdown2.o
         8          4          0          0         96         68   libspace.o
       138          0          0          0          0         80   lludiv10.o
         0          0          0          0          0          0   maybetermalloc1.o
        16          4          0          0          0         76   rt_ctype_table.o
         8          4          0          0          0         68   rt_errno_addr_intlibspace.o
         8          4          0          0          0         68   rt_heap_descriptor_intlibspace.o
         8          4          0          0          0         68   rt_locale_intlibspace.o
        68          0          0          0          0         68   rt_memclr.o
        78          0          0          0          0         80   rt_memclr_w.o
       138          0          0          0          0         68   rt_memcpy_v6.o
       100          0          0          0          0         80   rt_memcpy_w.o
         2          0          0          0          0          0   rtexit.o
        10          0          0          0          0          0   rtexit2.o
        20          0          0          0          0         68   strchr.o
       128          0          0          0          0         68   strcmpv7m.o
        72          0          0          0          0         80   strcpy.o
        62          0          0          0          0         76   strlen.o
        36          0          0          0          0         76   strncat.o
       150          0          0          0          0         80   strncmp.o
        36          0          0          0          0         80   strstr.o
       112          0          0          0          0         88   strtol.o
        12          4          0          0          0         68   sys_exit.o
        74          0          0          0          0         80   sys_stackheap_outer.o
        14          0          0          0          0         76   sys_wrch.o
        26          0          0          0          0         76   tolower.o
         2          0          0          0          0         68   use_no_semi.o
       826         16          0          0          0        348   daddsub_clz.o
        16          4          0          0          0         68   dcheck1.o
        24          0          0          0          0         68   dcmpi.o
       688        140          0          0          0        208   ddiv.o
       120          4          0          0          0         92   deqf.o
        94          4          0          0          0         92   dfix.o
        46          0          0          0          0         68   dflt_clz.o
       120          4          0          0          0         92   dleqf.o
       340         12          0          0          0        104   dmul.o
       156          4          0          0          0         92   dnaninf.o
        12          0          0          0          0         68   dretinf.o
       108          0          0          0          0         80   drleqf.o
       460         56          0          0          0        120   dsqrt_noumaal.o
        86          4          0          0          0         84   f2d.o
       140          4          0          0          0         84   fnaninf.o
         4          0          0          0          0         68   printf1.o
       100          0          0          0          0         68   retnan.o
        92          0          0          0          0         68   scalbn.o
        48          0          0          0          0         68   trapv.o
         0          0          0          0          0          0   usenofp.o
        62         10          0          0          0        340   dunder.o
       220         16          0          0          0         84   floor.o
        40          0          0          0          0         68   fpclassify.o
       170          0          0          0          0         96   poly.o
      2520        190        136          0          0        324   pow.o
         0          0          8          0          0          0   qnan.o
        76          0          0          0          0         84   sqrt.o

    ----------------------------------------------------------------------
     14300        798        657          0        100       9284   Library Totals
        26          0          0          0          4          0   (incl. Padding)

    ----------------------------------------------------------------------

      Code (inc. data)   RO Data    RW Data    ZI Data      Debug   Library Name

      7706        330        513          0         96       6348   c_w.l
      3480        252          0          0          0       1940   fz_ws.l
      3088        216        144          0          0        996   m_ws.l

    ----------------------------------------------------------------------
     14300        798        657          0        100       9284   Library Totals

    ----------------------------------------------------------------------

==============================================================================


      Code (inc. data)   RO Data    RW Data    ZI Data      Debug   

     32928       2620       1024         68       1764     322765   Grand Totals
     32928       2620       1024         68       1764     322765   ELF Image Totals
     32928       2620       1024         68          0          0   ROM Totals

==============================================================================

    Total RO  Size (Code + RO Data)                33952 (  33.16kB)
    Total RW  Size (RW Data + ZI Data)              1832 (   1.79kB)
    Total ROM Size (Code + RO Data + RW Data)      34020 (  33.22kB)

==============================================================================

