<html>
<body>
<pre>
<h1>礦ision Build Log</h1>
<h2>Tool Versions:</h2>
IDE-Version: μVision V5.14.1
Copyright (C) 2015 ARM Ltd and ARM Germany GmbH. All rights reserved.
License Information: Cortex-M3, 1, LIC=HN0AE-5XRL0-FW12N-YKLKH-CYLST-G8V3E
 
Tool Versions:
Toolchain:       MDK-ARM Standard  Version: 5.33.0.0
Toolchain Path:  D:\Keil5\keil5\ARM\ARMCC\Bin
C Compiler:      Armcc.exe V5.06 update 7 (build 960)
Assembler:       Armasm.exe V5.06 update 7 (build 960)
Linker/Locator:  ArmLink.exe V5.06 update 7 (build 960)
Library Manager: ArmAr.exe V5.06 update 7 (build 960)
Hex Converter:   FromElf.exe V5.06 update 7 (build 960)
CPU DLL:         SARMCM3.DLL V5.33.0.0
Dialog DLL:      DARMSTM.DLL V1.68.0.0
Target DLL:      STLink\ST-LINKIII-KEIL_SWO.dll V3.0.8.0
Dialog DLL:      TARMSTM.DLL V1.66.0.0
 
<h2>Project:</h2>
D:\界面\wifi例程\wifi\USER\PWM.uvprojx
Project File Date:  11/18/2023

<h2>Output:</h2>
*** Using Compiler 'V5.06 update 7 (build 960)', folder: 'D:\Keil5\keil5\ARM\ARMCC\Bin'
Build target 'PWM'
compiling main.c...
..\HARDWARE\KEY\key.h(36): warning:  #1295-D: Deprecated declaration KEY_EXTI - give arg types
  void KEY_EXTI();
..\HARDWARE\KEY\ws2818.h(23): warning:  #1-D: last line of file ends without a newline
   
main.c(55): warning:  #223-D: function "sprintf" declared implicitly
                        sprintf(but,"WenDu: %d, ShiDu: %d",20,60);
main.c(56): warning:  #167-D: argument of type "u8 *" is incompatible with parameter of type "const char *"
                        OneNet_Publish(devPubTopic, but);//向订阅号发送MQTT Publish Test数据
main.c(27): warning:  #177-D: variable "led0pwmval"  was declared but never referenced
     u16 led0pwmval=0;
main.c(28): warning:  #177-D: variable "dir"  was declared but never referenced
         u8 dir=1,i;
main.c(28): warning:  #177-D: variable "i"  was declared but never referenced
         u8 dir=1,i;
main.c: 7 warnings, 0 errors
compiling stm32f10x_it.c...
compiling system_stm32f10x.c...
compiling led.c...
compiling key.c...
..\HARDWARE\KEY\key.h(36): warning:  #1295-D: Deprecated declaration KEY_EXTI - give arg types
  void KEY_EXTI();
..\HARDWARE\KEY\key.c: 1 warning, 0 errors
compiling timer.c...
compiling ws2818.c...
..\HARDWARE\KEY\ws2818.h(23): warning:  #1-D: last line of file ends without a newline
   
..\HARDWARE\KEY\ws2818.c(48): warning:  #223-D: function "delay_us" declared implicitly
        delay_us(80);
..\HARDWARE\KEY\ws2818.c(107): warning:  #1-D: last line of file ends without a newline
   
..\HARDWARE\KEY\ws2818.c: 3 warnings, 0 errors
compiling DMA.c...
compiling WS2812B.c...
..\HARDWARE\KEY\WS2812B.c(132): warning:  #1-D: last line of file ends without a newline
  }
..\HARDWARE\KEY\WS2812B.c: 1 warning, 0 errors
compiling beep.c...
compiling delay.c...
compiling sys.c...
compiling usart.c...
compiling core_cm3.c...
assembling startup_stm32f10x_hd.s...
compiling misc.c...
compiling stm32f10x_gpio.c...
compiling stm32f10x_rcc.c...
compiling stm32f10x_tim.c...
compiling stm32f10x_usart.c...
compiling stm32f10x_exti.c...
compiling stm32f10x_adc.c...
compiling stm32f10x_bkp.c...
compiling stm32f10x_can.c...
compiling stm32f10x_cec.c...
compiling stm32f10x_crc.c...
compiling stm32f10x_dac.c...
compiling stm32f10x_dbgmcu.c...
compiling stm32f10x_dma.c...
compiling stm32f10x_flash.c...
compiling stm32f10x_fsmc.c...
compiling stm32f10x_i2c.c...
compiling stm32f10x_iwdg.c...
compiling stm32f10x_pwr.c...
compiling stm32f10x_rtc.c...
compiling stm32f10x_sdio.c...
compiling stm32f10x_spi.c...
compiling stm32f10x_wwdg.c...
compiling esp8266.c...
compiling onenet.c...
compiling MqttKit.c...
compiling cJSON.c...
..\HARDWARE\cJSON.c(55): warning:  #1293-D: assignment in condition
        if (!(copy = (char*)cJSON_malloc(len))) return 0;
..\HARDWARE\cJSON.c(278): warning:  #1293-D: assignment in condition
        ptr=str;while ((token=*ptr) && ++len) {if (strchr("\"\\\b\f\n\r\t",token)) len++; else if (token<32) len+=5;ptr++;}
..\HARDWARE\cJSON.c(352): warning:  #111-D: statement is unreachable
        return p.buffer;
..\HARDWARE\cJSON.c(423): warning:  #1293-D: assignment in condition
                if (!(new_item=cJSON_New_Item())) return 0;     /* memory fail */
..\HARDWARE\cJSON.c(535): warning:  #1293-D: assignment in condition
                if (!(new_item=cJSON_New_Item()))       return 0; /* memory fail */
..\HARDWARE\cJSON.c: 5 warnings, 0 errors
linking...
Program Size: Code=32928 RO-data=1024 RW-data=68 ZI-data=1764  
FromELF: creating hex file...
"..\OBJ\PWM.axf" - 0 Error(s), 17 Warning(s).

<h2>Collection of Component include folders:</h2>
  D:\界面\wifi例程\wifi\USER\RTE
  D:\Keil5\keil5\bao\Keil\STM32F1xx_DFP\2.3.0\Device\Include

<h2>Collection of Component Files used:</h2>
</pre>
</body>
</html>
